#
# There is insufficient memory for the Java Runtime Environment to continue.
# Native memory allocation (malloc) failed to allocate 1114896 bytes. Error detail: Chunk::new
# Possible reasons:
#   The system is out of physical RAM or swap space
#   This process is running with CompressedOops enabled, and the Java Heap may be blocking the growth of the native heap
# Possible solutions:
#   Reduce memory load on the system
#   Increase physical memory or swap space
#   Check if swap backing store is full
#   Decrease Java heap size (-Xmx/-Xms)
#   Decrease number of Java threads
#   Decrease Java thread stack sizes (-Xss)
#   Set larger code cache with -XX:ReservedCodeCacheSize=
#   JVM is running with Unscaled Compressed Oops mode in which the Java heap is
#     placed in the first 4GB address space. The Java Heap base address is the
#     maximum limit for the native heap growth. Please use -XX:HeapBaseMinAddress
#     to set the Java Heap base and to place the Java Heap above 4GB virtual address.
# This output file may be truncated or incomplete.
#
#  Out of Memory Error (arena.cpp:168), pid=12244, tid=3480
#
# JRE version: OpenJDK Runtime Environment Temurin-21.0.10+7 (21.0.10+7) (build 21.0.10+7-LTS)
# Java VM: OpenJDK 64-Bit Server VM Temurin-21.0.10+7 (21.0.10+7-LTS, mixed mode, sharing, tiered, compressed oops, compressed class ptrs, parallel gc, windows-amd64)
# No core dump will be written. Minidumps are not enabled by default on client versions of Windows
#

---------------  S U M M A R Y ------------

Command Line: --add-modules=ALL-SYSTEM --add-opens=java.base/java.util=ALL-UNNAMED --add-opens=java.base/java.lang=ALL-UNNAMED --add-opens=java.base/sun.nio.fs=ALL-UNNAMED -Declipse.application=org.eclipse.jdt.ls.core.id1 -Dosgi.bundles.defaultStartLevel=4 -Declipse.product=org.eclipse.jdt.ls.core.product -Djava.import.generatesMetadataFilesAtProjectRoot=false -DDetectVMInstallationsJob.disabled=true -Dfile.encoding=utf8 -XX:+UseParallelGC -XX:GCTimeRatio=4 -XX:AdaptiveSizePolicyWeight=90 -Dsun.zip.disableMemoryMapping=true -Xmx2G -Xms100m -Xlog:disable -javaagent:c:\Users\ADVAN\.vscode\extensions\redhat.java-1.54.0-win32-x64\lombok\lombok-1.18.39-4050.jar -XX:+HeapDumpOnOutOfMemoryError -XX:HeapDumpPath=c:\Users\ADVAN\AppData\Roaming\Code\User\workspaceStorage\a0251b426aa1b0170b1dff8b4d29454e\redhat.java -Daether.dependencyCollector.impl=bf c:\Users\ADVAN\.vscode\extensions\redhat.java-1.54.0-win32-x64\server\plugins\org.eclipse.equinox.launcher_1.7.100.v20251111-0406.jar -configuration c:\Users\ADVAN\AppData\Roaming\Code\User\globalStorage\redhat.java\1.54.0\config_win -data c:\Users\ADVAN\AppData\Roaming\Code\User\workspaceStorage\a0251b426aa1b0170b1dff8b4d29454e\redhat.java\jdt_ws --pipe=\\.\pipe\lsp-c2601ab4b71555e6491847c8cad5f8b5-sock

Host: 12th Gen Intel(R) Core(TM) i5-12450H, 12 cores, 7G,  Windows 11 , 64 bit Build 26100 (10.0.26100.8246)
Time: Thu May  7 19:58:03 2026 SE Asia Standard Time elapsed time: 65.024581 seconds (0d 0h 1m 5s)

---------------  T H R E A D  ---------------

Current thread (0x000001531245c320):  JavaThread "C2 CompilerThread0" daemon [_thread_in_native, id=3480, stack(0x00000004ac800000,0x00000004ac900000) (1024K)]


Current CompileTask:
C2:65024 3763       4       java.lang.invoke.MethodType::makeImpl (109 bytes)

Stack: [0x00000004ac800000,0x00000004ac900000]
Native frames: (J=compiled Java code, j=interpreted, Vv=VM code, C=native code)
V  [jvm.dll+0x6d7a39]
V  [jvm.dll+0x8b4b26]
V  [jvm.dll+0x8b70de]
V  [jvm.dll+0x8b77c3]
V  [jvm.dll+0x284346]
V  [jvm.dll+0xc66ed]
V  [jvm.dll+0xc6c31]
V  [jvm.dll+0x3bec01]
V  [jvm.dll+0x1e3f69]
V  [jvm.dll+0x24c6b3]
V  [jvm.dll+0x24bb40]
V  [jvm.dll+0x1cb34e]
V  [jvm.dll+0x25b85d]
V  [jvm.dll+0x259dea]
V  [jvm.dll+0x3f857e]
V  [jvm.dll+0x85f59d]
V  [jvm.dll+0x6d626d]
C  [ucrtbase.dll+0x37b0]
C  [KERNEL32.DLL+0x2e8d7]
C  [ntdll.dll+0x8c3fc]


---------------  P R O C E S S  ---------------

Threads class SMR info:
_java_thread_list=0x00000153134916a0, length=21, elements={
0x00000152b96a15d0, 0x00000152b9745400, 0x00000152b964db30, 0x00000152b9749d50,
0x00000152b974a9b0, 0x00000152b9750ba0, 0x00000152b975b8e0, 0x000001531245c320,
0x000001531247d570, 0x00000152b975a530, 0x00000152b975abc0, 0x00000152b975b250,
0x00000152b975c600, 0x00000152b975cc90, 0x00000152b9759810, 0x00000152b9759ea0,
0x00000152b975bf70, 0x00000153182c2a80, 0x00000153182c1d60, 0x00000153182c3110,
0x00000153182c1040
}

Java Threads: ( => current thread )
  0x00000152b96a15d0 JavaThread ""                          
[error occurred during error reporting (printing all threads), id 0xc0000005, EXCEPTION_ACCESS_VIOLATION (0xc0000005) at pc=0x00007ffbab380b2d]
VM state: at safepoint (normal execution)

VM Mutex/Monitor currently owned by a thread:  ([mutex/lock_event])
[0x00007ffbabc4e560] Threads_lock - owner thread: 0x00000152b9740c10
[0x00007ffbabc4e660] Heap_lock - owner thread: 0x00000152b9759810

Heap address: 0x0000000080000000, size: 2048 MB, Compressed Oops mode: 32-bit

CDS archive(s) mapped at: [0x00000152d0000000-0x00000152d0ba0000-0x00000152d0ba0000), size 12189696, SharedBaseAddress: 0x00000152d0000000, ArchiveRelocationMode: 1.
Compressed class space mapped at: 0x00000152d1000000-0x0000015311000000, reserved size: 1073741824
Narrow klass base: 0x00000152d0000000, Narrow klass shift: 0, Narrow klass range: 0x100000000

GC Precious Log:
 CardTable entry size: 512
 CPUs: 12 total, 12 available
 Memory: 7929M
 Large Page Support: Disabled
 NUMA Support: Disabled
 Compressed Oops: Enabled (32-bit)
 Alignments: Space 512K, Generation 512K, Heap 2M
 Heap Min Capacity: 100M
 Heap Initial Capacity: 100M
 Heap Max Capacity: 2G
 Pre-touch: Disabled
 Parallel Workers: 10

Heap:
 PSYoungGen      total 29184K, used 4529K [0x00000000d5580000, 0x00000000d7780000, 0x0000000100000000)
  eden space 24576K, 0% used [0x00000000d5580000,0x00000000d5580000,0x00000000d6d80000)
  from space 4608K, 98% used [0x00000000d6e80000,0x00000000d72ec458,0x00000000d7300000)
  to   space 4608K, 0% used [0x00000000d7300000,0x00000000d7300000,0x00000000d7780000)
 ParOldGen       total 68608K, used 9669K [0x0000000080000000, 0x0000000084300000, 0x00000000d5580000)
  object space 68608K, 14% used [0x0000000080000000,0x0000000080971760,0x0000000084300000)
 Metaspace       used 20622K, committed 21504K, reserved 1114112K
  class space    used 2170K, committed 2560K, reserved 1048576K

Card table byte_map: [0x00000152b9040000,0x00000152b9450000] _byte_map_base: 0x00000152b8c40000

Marking Bits: (ParMarkBitMap*) 0x00007ffbabc53450
 Begin Bits: [0x00000152cbb50000, 0x00000152cdb50000)
 End Bits:   [0x00000152cdb50000, 0x00000152cfb50000)

Polling page: 0x00000152b7210000

Metaspace:

Usage:
  Non-class:     18.02 MB used.
      Class:      2.12 MB used.
       Both:     20.14 MB used.

Virtual space:
  Non-class space:       64.00 MB reserved,      18.50 MB ( 29%) committed,  1 nodes.
      Class space:        1.00 GB reserved,       2.50 MB ( <1%) committed,  1 nodes.
             Both:        1.06 GB reserved,      21.00 MB (  2%) committed. 

Chunk freelists:
   Non-Class:  12.56 MB
       Class:  13.42 MB
        Both:  25.98 MB

MaxMetaspaceSize: unlimited
CompressedClassSpaceSize: 1.00 GB
Initial GC threshold: 21.00 MB
Current GC threshold: 21.00 MB
CDS: on
 - commit_granule_bytes: 65536.
 - commit_granule_words: 8192.
 - virtual_space_node_default_size: 8388608.
 - enlarge_chunks_in_place: 1.
 - use_allocation_guard: 0.


Internal statistics:

num_allocs_failed_limit: 3.
num_arena_births: 604.
num_arena_deaths: 0.
num_vsnodes_births: 2.
num_vsnodes_deaths: 0.
num_space_committed: 336.
num_space_uncommitted: 0.
num_chunks_returned_to_freelist: 3.
num_chunks_taken_from_freelist: 1415.
num_chunk_merges: 3.
num_chunk_splits: 891.
num_chunks_enlarged: 548.
num_inconsistent_stats: 0.

CodeHeap 'non-profiled nmethods': size=120000Kb used=1691Kb max_used=1691Kb free=118309Kb
 bounds [0x00000152c4370000, 0x00000152c45e0000, 0x00000152cb8a0000]
CodeHeap 'profiled nmethods': size=120000Kb used=8100Kb max_used=8100Kb free=111899Kb
 bounds [0x00000152bc8a0000, 0x00000152bd090000, 0x00000152c3dd0000]
CodeHeap 'non-nmethods': size=5760Kb used=1287Kb max_used=1298Kb free=4472Kb
 bounds [0x00000152c3dd0000, 0x00000152c4040000, 0x00000152c4370000]
CodeCache: size=245760Kb, used=11078Kb, max_used=11089Kb, free=234680Kb
 total_blobs=4445, nmethods=3877, adapters=474, full_count=0
Compilation: enabled, stopped_count=0, restarted_count=0

Compilation events (20 events):
Event: 63.983 Thread 0x000001531247d570 3873       3       java.io.BufferedInputStream::read1 (121 bytes)
Event: 63.984 Thread 0x000001531247d570 nmethod 3873 0x00000152bd083810 code [0x00000152bd083a60, 0x00000152bd0841f0]
Event: 63.990 Thread 0x000001531247d570 3875       3       jdk.internal.reflect.ClassFileAssembler::emitByte (11 bytes)
Event: 63.990 Thread 0x000001531247d570 nmethod 3875 0x00000152bd084490 code [0x00000152bd084640, 0x00000152bd0847c8]
Event: 63.990 Thread 0x000001531247d570 3876       3       jdk.internal.reflect.ByteVectorImpl::add (38 bytes)
Event: 63.991 Thread 0x000001531247d570 nmethod 3876 0x00000152bd084910 code [0x00000152bd084ac0, 0x00000152bd084c90]
Event: 63.996 Thread 0x000001531247d570 3877       3       jdk.internal.reflect.ClassFileAssembler::emitShort (24 bytes)
Event: 63.996 Thread 0x000001531247d570 nmethod 3877 0x00000152bd084d90 code [0x00000152bd084f60, 0x00000152bd085278]
Event: 63.996 Thread 0x000001531247d570 3878       3       jdk.internal.reflect.ClassFileAssembler::cpi (22 bytes)
Event: 63.997 Thread 0x000001531247d570 nmethod 3878 0x00000152bd085410 code [0x00000152bd0855c0, 0x00000152bd0857d0]
Event: 63.998 Thread 0x000001531247d570 3879       3       jdk.internal.reflect.UTF8::utf8Length (81 bytes)
Event: 63.999 Thread 0x000001531247d570 nmethod 3879 0x00000152bd085890 code [0x00000152bd085ac0, 0x00000152bd086308]
Event: 63.999 Thread 0x000001531247d570 3880       3       jdk.internal.reflect.ClassFileAssembler::emitConstantPoolUTF8 (50 bytes)
Event: 64.000 Thread 0x000001531247d570 nmethod 3880 0x00000152bd086690 code [0x00000152bd0868c0, 0x00000152bd086f40]
Event: 64.000 Thread 0x000001531247d570 3881   !   3       jdk.internal.reflect.UTF8::encode (191 bytes)
Event: 64.002 Thread 0x000001531247d570 nmethod 3881 0x00000152bd087310 code [0x00000152bd087580, 0x00000152bd0880e8]
Event: 64.002 Thread 0x000001531247d570 3882       3       java.io.BufferedInputStream::implRead (112 bytes)
Event: 64.003 Thread 0x000001531247d570 nmethod 3882 0x00000152bd088710 code [0x00000152bd088940, 0x00000152bd089088]
Event: 64.003 Thread 0x000001531247d570 3884       1       org.apache.felix.scr.impl.metadata.ReferenceMetadata::isStatic (5 bytes)
Event: 64.004 Thread 0x000001531247d570 nmethod 3884 0x00000152c4516910 code [0x00000152c4516aa0, 0x00000152c4516b70]

GC Heap History (15 events):
Event: 2.424 GC heap before
{Heap before GC invocations=1 (full 0):
 PSYoungGen      total 29696K, used 25600K [0x00000000d5580000, 0x00000000d7680000, 0x0000000100000000)
  eden space 25600K, 100% used [0x00000000d5580000,0x00000000d6e80000,0x00000000d6e80000)
  from space 4096K, 0% used [0x00000000d7280000,0x00000000d7280000,0x00000000d7680000)
  to   space 4096K, 0% used [0x00000000d6e80000,0x00000000d6e80000,0x00000000d7280000)
 ParOldGen       total 68608K, used 0K [0x0000000080000000, 0x0000000084300000, 0x00000000d5580000)
  object space 68608K, 0% used [0x0000000080000000,0x0000000080000000,0x0000000084300000)
 Metaspace       used 4333K, committed 4608K, reserved 1114112K
  class space    used 473K, committed 576K, reserved 1048576K
}
Event: 2.432 GC heap after
{Heap after GC invocations=1 (full 0):
 PSYoungGen      total 29696K, used 3328K [0x00000000d5580000, 0x00000000d7680000, 0x0000000100000000)
  eden space 25600K, 0% used [0x00000000d5580000,0x00000000d5580000,0x00000000d6e80000)
  from space 4096K, 81% used [0x00000000d6e80000,0x00000000d71c0138,0x00000000d7280000)
  to   space 4096K, 0% used [0x00000000d7280000,0x00000000d7280000,0x00000000d7680000)
 ParOldGen       total 68608K, used 16K [0x0000000080000000, 0x0000000084300000, 0x00000000d5580000)
  object space 68608K, 0% used [0x0000000080000000,0x0000000080004000,0x0000000084300000)
 Metaspace       used 4333K, committed 4608K, reserved 1114112K
  class space    used 473K, committed 576K, reserved 1048576K
}
Event: 23.134 GC heap before
{Heap before GC invocations=2 (full 0):
 PSYoungGen      total 29696K, used 28928K [0x00000000d5580000, 0x00000000d7680000, 0x0000000100000000)
  eden space 25600K, 100% used [0x00000000d5580000,0x00000000d6e80000,0x00000000d6e80000)
  from space 4096K, 81% used [0x00000000d6e80000,0x00000000d71c0138,0x00000000d7280000)
  to   space 4096K, 0% used [0x00000000d7280000,0x00000000d7280000,0x00000000d7680000)
 ParOldGen       total 68608K, used 16K [0x0000000080000000, 0x0000000084300000, 0x00000000d5580000)
  object space 68608K, 0% used [0x0000000080000000,0x0000000080004000,0x0000000084300000)
 Metaspace       used 8009K, committed 8256K, reserved 1114112K
  class space    used 828K, committed 960K, reserved 1048576K
}
Event: 23.146 GC heap after
{Heap after GC invocations=2 (full 0):
 PSYoungGen      total 29696K, used 4086K [0x00000000d5580000, 0x00000000d7680000, 0x0000000100000000)
  eden space 25600K, 0% used [0x00000000d5580000,0x00000000d5580000,0x00000000d6e80000)
  from space 4096K, 99% used [0x00000000d7280000,0x00000000d767d810,0x00000000d7680000)
  to   space 4096K, 0% used [0x00000000d6e80000,0x00000000d6e80000,0x00000000d7280000)
 ParOldGen       total 68608K, used 2049K [0x0000000080000000, 0x0000000084300000, 0x00000000d5580000)
  object space 68608K, 2% used [0x0000000080000000,0x00000000802006c8,0x0000000084300000)
 Metaspace       used 8009K, committed 8256K, reserved 1114112K
  class space    used 828K, committed 960K, reserved 1048576K
}
Event: 41.508 GC heap before
{Heap before GC invocations=3 (full 0):
 PSYoungGen      total 29696K, used 29686K [0x00000000d5580000, 0x00000000d7680000, 0x0000000100000000)
  eden space 25600K, 100% used [0x00000000d5580000,0x00000000d6e80000,0x00000000d6e80000)
  from space 4096K, 99% used [0x00000000d7280000,0x00000000d767d810,0x00000000d7680000)
  to   space 4096K, 0% used [0x00000000d6e80000,0x00000000d6e80000,0x00000000d7280000)
 ParOldGen       total 68608K, used 2049K [0x0000000080000000, 0x0000000084300000, 0x00000000d5580000)
  object space 68608K, 2% used [0x0000000080000000,0x00000000802006c8,0x0000000084300000)
 Metaspace       used 9699K, committed 10048K, reserved 1114112K
  class space    used 1016K, committed 1152K, reserved 1048576K
}
Event: 41.537 GC heap after
{Heap after GC invocations=3 (full 0):
 PSYoungGen      total 29696K, used 4076K [0x00000000d5580000, 0x00000000d7680000, 0x0000000100000000)
  eden space 25600K, 0% used [0x00000000d5580000,0x00000000d5580000,0x00000000d6e80000)
  from space 4096K, 99% used [0x00000000d6e80000,0x00000000d727b230,0x00000000d7280000)
  to   space 4096K, 0% used [0x00000000d7280000,0x00000000d7280000,0x00000000d7680000)
 ParOldGen       total 68608K, used 4583K [0x0000000080000000, 0x0000000084300000, 0x00000000d5580000)
  object space 68608K, 6% used [0x0000000080000000,0x0000000080479db0,0x0000000084300000)
 Metaspace       used 9699K, committed 10048K, reserved 1114112K
  class space    used 1016K, committed 1152K, reserved 1048576K
}
Event: 60.672 GC heap before
{Heap before GC invocations=4 (full 0):
 PSYoungGen      total 29696K, used 29676K [0x00000000d5580000, 0x00000000d7680000, 0x0000000100000000)
  eden space 25600K, 100% used [0x00000000d5580000,0x00000000d6e80000,0x00000000d6e80000)
  from space 4096K, 99% used [0x00000000d6e80000,0x00000000d727b230,0x00000000d7280000)
  to   space 4096K, 0% used [0x00000000d7280000,0x00000000d7280000,0x00000000d7680000)
 ParOldGen       total 68608K, used 4583K [0x0000000080000000, 0x0000000084300000, 0x00000000d5580000)
  object space 68608K, 6% used [0x0000000080000000,0x0000000080479db0,0x0000000084300000)
 Metaspace       used 11384K, committed 11712K, reserved 1114112K
  class space    used 1182K, committed 1344K, reserved 1048576K
}
Event: 60.685 GC heap after
{Heap after GC invocations=4 (full 0):
 PSYoungGen      total 29696K, used 4090K [0x00000000d5580000, 0x00000000d7680000, 0x0000000100000000)
  eden space 25600K, 0% used [0x00000000d5580000,0x00000000d5580000,0x00000000d6e80000)
  from space 4096K, 99% used [0x00000000d7280000,0x00000000d767e918,0x00000000d7680000)
  to   space 4096K, 0% used [0x00000000d6e80000,0x00000000d6e80000,0x00000000d7280000)
 ParOldGen       total 68608K, used 7127K [0x0000000080000000, 0x0000000084300000, 0x00000000d5580000)
  object space 68608K, 10% used [0x0000000080000000,0x00000000806f5d88,0x0000000084300000)
 Metaspace       used 11384K, committed 11712K, reserved 1114112K
  class space    used 1182K, committed 1344K, reserved 1048576K
}
Event: 62.007 GC heap before
{Heap before GC invocations=5 (full 0):
 PSYoungGen      total 29696K, used 29690K [0x00000000d5580000, 0x00000000d7680000, 0x0000000100000000)
  eden space 25600K, 100% used [0x00000000d5580000,0x00000000d6e80000,0x00000000d6e80000)
  from space 4096K, 99% used [0x00000000d7280000,0x00000000d767e918,0x00000000d7680000)
  to   space 4096K, 0% used [0x00000000d6e80000,0x00000000d6e80000,0x00000000d7280000)
 ParOldGen       total 68608K, used 7127K [0x0000000080000000, 0x0000000084300000, 0x00000000d5580000)
  object space 68608K, 10% used [0x0000000080000000,0x00000000806f5d88,0x0000000084300000)
 Metaspace       used 15296K, committed 15872K, reserved 1114112K
  class space    used 1566K, committed 1856K, reserved 1048576K
}
Event: 62.017 GC heap after
{Heap after GC invocations=5 (full 0):
 PSYoungGen      total 29184K, used 4083K [0x00000000d5580000, 0x00000000d7a00000, 0x0000000100000000)
  eden space 25088K, 0% used [0x00000000d5580000,0x00000000d5580000,0x00000000d6e00000)
  from space 4096K, 99% used [0x00000000d6e80000,0x00000000d727cf40,0x00000000d7280000)
  to   space 6144K, 0% used [0x00000000d7400000,0x00000000d7400000,0x00000000d7a00000)
 ParOldGen       total 68608K, used 8193K [0x0000000080000000, 0x0000000084300000, 0x00000000d5580000)
  object space 68608K, 11% used [0x0000000080000000,0x0000000080800788,0x0000000084300000)
 Metaspace       used 15296K, committed 15872K, reserved 1114112K
  class space    used 1566K, committed 1856K, reserved 1048576K
}
Event: 63.281 GC heap before
{Heap before GC invocations=6 (full 0):
 PSYoungGen      total 29184K, used 29171K [0x00000000d5580000, 0x00000000d7a00000, 0x0000000100000000)
  eden space 25088K, 100% used [0x00000000d5580000,0x00000000d6e00000,0x00000000d6e00000)
  from space 4096K, 99% used [0x00000000d6e80000,0x00000000d727cf40,0x00000000d7280000)
  to   space 6144K, 0% used [0x00000000d7400000,0x00000000d7400000,0x00000000d7a00000)
 ParOldGen       total 68608K, used 8193K [0x0000000080000000, 0x0000000084300000, 0x00000000d5580000)
  object space 68608K, 11% used [0x0000000080000000,0x0000000080800788,0x0000000084300000)
 Metaspace       used 18704K, committed 19584K, reserved 1114112K
  class space    used 1945K, committed 2304K, reserved 1048576K
}
Event: 63.290 GC heap after
{Heap after GC invocations=6 (full 0):
 PSYoungGen      total 30208K, used 5131K [0x00000000d5580000, 0x00000000d7980000, 0x0000000100000000)
  eden space 24576K, 0% used [0x00000000d5580000,0x00000000d5580000,0x00000000d6d80000)
  from space 5632K, 91% used [0x00000000d7400000,0x00000000d7902e48,0x00000000d7980000)
  to   space 5632K, 0% used [0x00000000d6e80000,0x00000000d6e80000,0x00000000d7400000)
 ParOldGen       total 68608K, used 8201K [0x0000000080000000, 0x0000000084300000, 0x00000000d5580000)
  object space 68608K, 11% used [0x0000000080000000,0x0000000080802788,0x0000000084300000)
 Metaspace       used 18704K, committed 19584K, reserved 1114112K
  class space    used 1945K, committed 2304K, reserved 1048576K
}
Event: 65.009 GC heap before
{Heap before GC invocations=7 (full 0):
 PSYoungGen      total 30208K, used 25377K [0x00000000d5580000, 0x00000000d7980000, 0x0000000100000000)
  eden space 24576K, 82% used [0x00000000d5580000,0x00000000d6945718,0x00000000d6d80000)
  from space 5632K, 91% used [0x00000000d7400000,0x00000000d7902e48,0x00000000d7980000)
  to   space 5632K, 0% used [0x00000000d6e80000,0x00000000d6e80000,0x00000000d7400000)
 ParOldGen       total 68608K, used 8201K [0x0000000080000000, 0x0000000084300000, 0x00000000d5580000)
  object space 68608K, 11% used [0x0000000080000000,0x0000000080802788,0x0000000084300000)
 Metaspace       used 20622K, committed 21504K, reserved 1114112K
  class space    used 2170K, committed 2560K, reserved 1048576K
}
Event: 65.019 GC heap after
{Heap after GC invocations=7 (full 0):
 PSYoungGen      total 29184K, used 4529K [0x00000000d5580000, 0x00000000d7780000, 0x0000000100000000)
  eden space 24576K, 0% used [0x00000000d5580000,0x00000000d5580000,0x00000000d6d80000)
  from space 4608K, 98% used [0x00000000d6e80000,0x00000000d72ec458,0x00000000d7300000)
  to   space 4608K, 0% used [0x00000000d7300000,0x00000000d7300000,0x00000000d7780000)
 ParOldGen       total 68608K, used 9669K [0x0000000080000000, 0x0000000084300000, 0x00000000d5580000)
  object space 68608K, 14% used [0x0000000080000000,0x0000000080971760,0x0000000084300000)
 Metaspace       used 20622K, committed 21504K, reserved 1114112K
  class space    used 2170K, committed 2560K, reserved 1048576K
}
Event: 65.019 GC heap before
{Heap before GC invocations=8 (full 1):
 PSYoungGen      total 29184K, used 4529K [0x00000000d5580000, 0x00000000d7780000, 0x0000000100000000)
  eden space 24576K, 0% used [0x00000000d5580000,0x00000000d5580000,0x00000000d6d80000)
  from space 4608K, 98% used [0x00000000d6e80000,0x00000000d72ec458,0x00000000d7300000)
  to   space 4608K, 0% used [0x00000000d7300000,0x00000000d7300000,0x00000000d7780000)
 ParOldGen       total 68608K, used 9669K [0x0000000080000000, 0x0000000084300000, 0x00000000d5580000)
  object space 68608K, 14% used [0x0000000080000000,0x0000000080971760,0x0000000084300000)
 Metaspace       used 20622K, committed 21504K, reserved 1114112K
  class space    used 2170K, committed 2560K, reserved 1048576K
}

Dll operation events (10 events):
Event: 0.009 Loaded shared library c:\Users\ADVAN\.vscode\extensions\redhat.java-1.54.0-win32-x64\jre\21.0.10-win32-x86_64\bin\java.dll
Event: 0.118 Loaded shared library c:\Users\ADVAN\.vscode\extensions\redhat.java-1.54.0-win32-x64\jre\21.0.10-win32-x86_64\bin\zip.dll
Event: 0.282 Loaded shared library C:\Users\ADVAN\.vscode\extensions\redhat.java-1.54.0-win32-x64\jre\21.0.10-win32-x86_64\bin\instrument.dll
Event: 0.316 Loaded shared library C:\Users\ADVAN\.vscode\extensions\redhat.java-1.54.0-win32-x64\jre\21.0.10-win32-x86_64\bin\net.dll
Event: 0.324 Loaded shared library C:\Users\ADVAN\.vscode\extensions\redhat.java-1.54.0-win32-x64\jre\21.0.10-win32-x86_64\bin\nio.dll
Event: 0.364 Loaded shared library C:\Users\ADVAN\.vscode\extensions\redhat.java-1.54.0-win32-x64\jre\21.0.10-win32-x86_64\bin\zip.dll
Event: 0.472 Loaded shared library C:\Users\ADVAN\.vscode\extensions\redhat.java-1.54.0-win32-x64\jre\21.0.10-win32-x86_64\bin\jimage.dll
Event: 1.127 Loaded shared library c:\Users\ADVAN\.vscode\extensions\redhat.java-1.54.0-win32-x64\jre\21.0.10-win32-x86_64\bin\verify.dll
Event: 24.767 Loaded shared library C:\Users\ADVAN\AppData\Roaming\Code\User\globalStorage\redhat.java\1.54.0\config_win\org.eclipse.equinox.launcher\org.eclipse.equinox.launcher.win32.win32.x86_64_1.3.0.v20260203-2149\eclipse_11919.dll
Event: 62.682 Loaded shared library C:\Users\ADVAN\AppData\Local\Temp\jna-62139392\jna12899577710740204004.dll

Deoptimization events (20 events):
Event: 63.515 Thread 0x00000152b9759810 Uncommon trap: trap_request=0xffffffde fr.pc=0x00000152c450f54c relative=0x000000000000012c
Event: 63.515 Thread 0x00000152b9759810 Uncommon trap: reason=class_check action=maybe_recompile pc=0x00000152c450f54c method=jdk.internal.misc.Unsafe.allocateUninitializedArray(Ljava/lang/Class;I)Ljava/lang/Object; @ 51 c2
Event: 63.515 Thread 0x00000152b9759810 DEOPT PACKING pc=0x00000152c450f54c sp=0x00000004ad6efd60
Event: 63.515 Thread 0x00000152b9759810 DEOPT UNPACKING pc=0x00000152c3e23aa2 sp=0x00000004ad6efcd8 mode 2
Event: 63.629 Thread 0x00000152b9759810 DEOPT PACKING pc=0x00000152bc99d906 sp=0x00000004ad6f0fd0
Event: 63.629 Thread 0x00000152b9759810 DEOPT UNPACKING pc=0x00000152c3e24242 sp=0x00000004ad6f0450 mode 0
Event: 63.634 Thread 0x00000152b9759810 DEOPT PACKING pc=0x00000152bc99d906 sp=0x00000004ad6f1220
Event: 63.634 Thread 0x00000152b9759810 DEOPT UNPACKING pc=0x00000152c3e24242 sp=0x00000004ad6f06a0 mode 0
Event: 63.770 Thread 0x00000152b9759810 Uncommon trap: trap_request=0xffffff45 fr.pc=0x00000152c4397020 relative=0x0000000000000440
Event: 63.770 Thread 0x00000152b9759810 Uncommon trap: reason=unstable_if action=reinterpret pc=0x00000152c4397020 method=java.lang.StringLatin1.canEncode(C)Z @ 4 c2
Event: 63.770 Thread 0x00000152b9759810 DEOPT PACKING pc=0x00000152c4397020 sp=0x00000004ad6f31a0
Event: 63.770 Thread 0x00000152b9759810 DEOPT UNPACKING pc=0x00000152c3e23aa2 sp=0x00000004ad6f30d0 mode 2
Event: 63.770 Thread 0x00000152b9759810 Uncommon trap: trap_request=0xffffff45 fr.pc=0x00000152c4397a74 relative=0x0000000000000414
Event: 63.770 Thread 0x00000152b9759810 Uncommon trap: reason=unstable_if action=reinterpret pc=0x00000152c4397a74 method=java.lang.AbstractStringBuilder.isLatin1()Z @ 10 c2
Event: 63.770 Thread 0x00000152b9759810 DEOPT PACKING pc=0x00000152c4397a74 sp=0x00000004ad6f31c0
Event: 63.770 Thread 0x00000152b9759810 DEOPT UNPACKING pc=0x00000152c3e23aa2 sp=0x00000004ad6f3150 mode 2
Event: 63.771 Thread 0x00000152b9759810 Uncommon trap: trap_request=0xffffff45 fr.pc=0x00000152c44dc6e8 relative=0x0000000000000048
Event: 63.771 Thread 0x00000152b9759810 Uncommon trap: reason=unstable_if action=reinterpret pc=0x00000152c44dc6e8 method=java.lang.StringLatin1.canEncode(C)Z @ 4 c2
Event: 63.771 Thread 0x00000152b9759810 DEOPT PACKING pc=0x00000152c44dc6e8 sp=0x00000004ad6f3150
Event: 63.771 Thread 0x00000152b9759810 DEOPT UNPACKING pc=0x00000152c3e23aa2 sp=0x00000004ad6f30d8 mode 2

Classes loaded (20 events):
Event: 63.992 Loading class jdk/internal/reflect/ClassDefiner$1
Event: 63.992 Loading class jdk/internal/reflect/ClassDefiner$1 done
Event: 63.993 Loading class jdk/internal/reflect/SerializationConstructorAccessorImpl
Event: 63.993 Loading class jdk/internal/reflect/SerializationConstructorAccessorImpl done
Event: 63.994 Loading class java/io/ClassCache$CacheRef
Event: 63.994 Loading class java/io/ClassCache$CacheRef done
Event: 63.994 Loading class java/io/ObjectStreamClass$FieldReflectorKey
Event: 63.995 Loading class java/io/ObjectStreamClass$FieldReflectorKey done
Event: 63.995 Loading class java/io/ObjectStreamClass$FieldReflector
Event: 63.995 Loading class java/io/ObjectStreamClass$FieldReflector done
Event: 63.997 Loading class java/io/ObjectStreamClass$ClassDataSlot
Event: 63.997 Loading class java/io/ObjectStreamClass$ClassDataSlot done
Event: 63.997 Loading class java/io/ObjectInputStream$FieldValues
Event: 63.998 Loading class java/io/ObjectInputStream$GetField
Event: 63.998 Loading class java/io/ObjectInputStream$GetField done
Event: 63.998 Loading class java/io/ObjectInputStream$FieldValues done
Event: 64.000 Loading class java/io/SerialCallbackContext
Event: 64.000 Loading class java/io/SerialCallbackContext done
Event: 64.000 Loading class java/util/HashMap$UnsafeHolder
Event: 64.001 Loading class java/util/HashMap$UnsafeHolder done

Classes unloaded (0 events):
No events

Classes redefined (0 events):
No events

Internal exceptions (20 events):
Event: 62.713 Thread 0x00000152b9759810 Exception <a 'java/lang/NoSuchMethodError'{0x00000000d5fa2290}: 'void java.lang.invoke.DelegatingMethodHandle$Holder.reinvoke_L(java.lang.Object, java.lang.Object, int)'> (0x00000000d5fa2290) 
thrown [s\src\hotspot\share\interpreter\linkResolver.cpp, line 773]
Event: 62.714 Thread 0x00000152b9759810 Exception <a 'java/lang/NoSuchMethodError'{0x00000000d5fa8f78}: 'int java.lang.invoke.Invokers$Holder.invokeExact_MT(java.lang.Object, java.lang.Object, java.lang.Object)'> (0x00000000d5fa8f78) 
thrown [s\src\hotspot\share\interpreter\linkResolver.cpp, line 773]
Event: 62.747 Thread 0x00000152b9759810 Exception <a 'java/lang/NoSuchMethodError'{0x00000000d60c99e0}: 'void java.lang.invoke.Invokers$Holder.invokeExact_MT(java.lang.Object, java.lang.Object, int, java.lang.Object)'> (0x00000000d60c99e0) 
thrown [s\src\hotspot\share\interpreter\linkResolver.cpp, line 773]
Event: 62.784 Thread 0x00000152b9759810 Exception <a 'java/lang/NoSuchMethodError'{0x00000000d61d4050}: 'java.lang.Object java.lang.invoke.DirectMethodHandle$Holder.invokeSpecial(java.lang.Object, java.lang.Object, java.lang.Object, long, java.lang.Object)'> (0x00000000d61d4050) 
thrown [s\src\hotspot\share\interpreter\linkResolver.cpp, line 773]
Event: 62.785 Thread 0x00000152b9759810 Exception <a 'java/lang/NoSuchMethodError'{0x00000000d61db898}: 'java.lang.Object java.lang.invoke.DirectMethodHandle$Holder.newInvokeSpecial(java.lang.Object, java.lang.Object, java.lang.Object, long)'> (0x00000000d61db898) 
thrown [s\src\hotspot\share\interpreter\linkResolver.cpp, line 773]
Event: 62.785 Thread 0x00000152b9759810 Exception <a 'java/lang/NoSuchMethodError'{0x00000000d61dfc48}: 'java.lang.Object java.lang.invoke.DirectMethodHandle$Holder.invokeSpecial(java.lang.Object, java.lang.Object, java.lang.Object, java.lang.Object, long)'> (0x00000000d61dfc48) 
thrown [s\src\hotspot\share\interpreter\linkResolver.cpp, line 773]
Event: 62.786 Thread 0x00000152b9759810 Exception <a 'java/lang/NoSuchMethodError'{0x00000000d61e3868}: 'java.lang.Object java.lang.invoke.Invokers$Holder.linkToTargetMethod(java.lang.Object, java.lang.Object, long, java.lang.Object)'> (0x00000000d61e3868) 
thrown [s\src\hotspot\share\interpreter\linkResolver.cpp, line 773]
Event: 62.804 Thread 0x00000152b9759810 Exception <a 'java/lang/NoSuchMethodError'{0x00000000d6244a28}: 'int java.lang.invoke.DirectMethodHandle$Holder.invokeStaticInit(java.lang.Object, java.lang.Object, java.lang.Object)'> (0x00000000d6244a28) 
thrown [s\src\hotspot\share\interpreter\linkResolver.cpp, line 773]
Event: 62.825 Thread 0x00000152b9759810 Exception <a 'java/lang/IncompatibleClassChangeError'{0x00000000d6308648}: Found class java.lang.Object, but interface was expected> (0x00000000d6308648) 
thrown [s\src\hotspot\share\interpreter\linkResolver.cpp, line 840]
Event: 62.828 Thread 0x00000152b9759810 Exception <a 'java/lang/NoSuchMethodError'{0x00000000d6317f48}: 'java.lang.Object java.lang.invoke.DirectMethodHandle$Holder.invokeSpecial(java.lang.Object, java.lang.Object, java.lang.Object, int, java.lang.Object, java.lang.Object)'> (0x00000000d6317f48) 
thrown [s\src\hotspot\share\interpreter\linkResolver.cpp, line 773]
Event: 62.829 Thread 0x00000152b9759810 Exception <a 'java/lang/NoSuchMethodError'{0x00000000d631f960}: 'java.lang.Object java.lang.invoke.DirectMethodHandle$Holder.newInvokeSpecial(java.lang.Object, java.lang.Object, java.lang.Object, int, java.lang.Object)'> (0x00000000d631f960) 
thrown [s\src\hotspot\share\interpreter\linkResolver.cpp, line 773]
Event: 62.830 Thread 0x00000152b9759810 Exception <a 'java/lang/NoSuchMethodError'{0x00000000d63238e0}: 'java.lang.Object java.lang.invoke.DirectMethodHandle$Holder.invokeSpecial(java.lang.Object, java.lang.Object, java.lang.Object, java.lang.Object, int, java.lang.Object)'> (0x00000000d63238e0) 
thrown [s\src\hotspot\share\interpreter\linkResolver.cpp, line 773]
Event: 62.831 Thread 0x00000152b9759810 Exception <a 'java/lang/NoSuchMethodError'{0x00000000d6327420}: 'java.lang.Object java.lang.invoke.Invokers$Holder.linkToTargetMethod(java.lang.Object, java.lang.Object, int, java.lang.Object, java.lang.Object)'> (0x00000000d6327420) 
thrown [s\src\hotspot\share\interpreter\linkResolver.cpp, line 773]
Event: 62.832 Thread 0x00000153182c3110 Exception <a 'java/lang/NoSuchMethodError'{0x00000000d6251c60}: 'java.lang.Object java.lang.invoke.DirectMethodHandle$Holder.invokeSpecial(java.lang.Object, java.lang.Object, int, java.lang.Object, java.lang.Object)'> (0x00000000d6251c60) 
thrown [s\src\hotspot\share\interpreter\linkResolver.cpp, line 773]
Event: 62.863 Thread 0x00000152b9759810 Exception <a 'java/lang/NoSuchMethodError'{0x00000000d642bb10}: 'void java.lang.invoke.DirectMethodHandle$Holder.invokeSpecial(java.lang.Object, java.lang.Object, java.lang.Object, java.lang.Object, java.lang.Object)'> (0x00000000d642bb10) 
thrown [s\src\hotspot\share\interpreter\linkResolver.cpp, line 773]
Event: 63.179 Thread 0x00000152b9759810 Exception <a 'java/lang/NoSuchMethodError'{0x00000000d6beb4d8}: 'java.lang.Object java.lang.invoke.DirectMethodHandle$Holder.invokeInterface(java.lang.Object, java.lang.Object, java.lang.Object)'> (0x00000000d6beb4d8) 
thrown [s\src\hotspot\share\interpreter\linkResolver.cpp, line 773]
Event: 63.358 Thread 0x00000152b9759810 Exception <a 'java/lang/NoSuchMethodError'{0x00000000d583d080}: 'java.lang.Object java.lang.invoke.Invokers$Holder.linkToTargetMethod(java.lang.Object, long, java.lang.Object, java.lang.Object)'> (0x00000000d583d080) 
thrown [s\src\hotspot\share\interpreter\linkResolver.cpp, line 773]
Event: 63.675 Thread 0x00000152b9759810 Exception <a 'java/io/FileNotFoundException'{0x00000000d6000690}> (0x00000000d6000690) 
thrown [s\src\hotspot\share\prims\jni.cpp, line 520]
Event: 63.677 Thread 0x00000152b9759810 Exception <a 'java/lang/NoSuchMethodError'{0x00000000d6008e58}: 'java.lang.Object java.lang.invoke.DirectMethodHandle$Holder.newInvokeSpecial(java.lang.Object, int, java.lang.Object, java.lang.Object)'> (0x00000000d6008e58) 
thrown [s\src\hotspot\share\interpreter\linkResolver.cpp, line 773]
Event: 63.985 Thread 0x00000152b9759810 Exception <a 'java/lang/NoSuchMethodError'{0x00000000d685fed0}: 'long java.lang.invoke.Invokers$Holder.invokeExact_MT(java.lang.Object, java.lang.Object)'> (0x00000000d685fed0) 
thrown [s\src\hotspot\share\interpreter\linkResolver.cpp, line 773]

ZGC Phase Switch (0 events):
No events

VM Operations (20 events):
Event: 62.047 Executing non-safepoint VM operation: HandshakeAllThreads (Deoptimize) done
Event: 62.480 Executing non-safepoint VM operation: HandshakeAllThreads (Deoptimize)
Event: 62.480 Executing non-safepoint VM operation: HandshakeAllThreads (Deoptimize) done
Event: 62.695 Executing non-safepoint VM operation: HandshakeAllThreads (Deoptimize)
Event: 62.695 Executing non-safepoint VM operation: HandshakeAllThreads (Deoptimize) done
Event: 62.997 Executing non-safepoint VM operation: HandshakeAllThreads (Deoptimize)
Event: 62.997 Executing non-safepoint VM operation: HandshakeAllThreads (Deoptimize) done
Event: 63.090 Executing non-safepoint VM operation: HandshakeAllThreads (Deoptimize)
Event: 63.090 Executing non-safepoint VM operation: HandshakeAllThreads (Deoptimize) done
Event: 63.090 Executing safepoint VM operation: Cleanup
Event: 63.090 Executing safepoint VM operation: Cleanup done
Event: 63.104 Executing non-safepoint VM operation: HandshakeAllThreads (Deoptimize)
Event: 63.104 Executing non-safepoint VM operation: HandshakeAllThreads (Deoptimize) done
Event: 63.281 Executing safepoint VM operation: ParallelGCFailedAllocation (Allocation Failure)
Event: 63.290 Executing safepoint VM operation: ParallelGCFailedAllocation (Allocation Failure) done
Event: 63.863 Executing non-safepoint VM operation: HandshakeAllThreads (Deoptimize)
Event: 63.863 Executing non-safepoint VM operation: HandshakeAllThreads (Deoptimize) done
Event: 64.868 Executing safepoint VM operation: Cleanup
Event: 64.868 Executing safepoint VM operation: Cleanup done
Event: 65.009 Executing safepoint VM operation: CollectForMetadataAllocation (Metadata GC Threshold)

Memory protections (0 events):
No events

Nmethod flushes (0 events):
No events

Events (20 events):
Event: 24.874 Thread 0x00000152b975c600 Thread added: 0x00000152b975cc90
Event: 24.879 Thread 0x00000152b96a15d0 Thread added: 0x00000152b9759810
Event: 26.403 Thread 0x000001531247d570 Thread added: 0x00000153137ccf30
Event: 26.403 Thread 0x000001531247d570 Thread added: 0x00000153137cd5e0
Event: 26.584 Thread 0x00000153137cd5e0 Thread exited: 0x00000153137cd5e0
Event: 26.591 Thread 0x00000153137ccf30 Thread exited: 0x00000153137ccf30
Event: 34.424 Thread 0x000001531247d570 Thread added: 0x00000153180b6980
Event: 35.339 Thread 0x00000153180b6980 Thread added: 0x0000015312555060
Event: 35.575 Thread 0x0000015312555060 Thread exited: 0x0000015312555060
Event: 36.353 Thread 0x00000153180b6980 Thread exited: 0x00000153180b6980
Event: 41.769 Thread 0x000001531247d570 Thread added: 0x000001531397d640
Event: 42.402 Thread 0x00000152b9759810 Thread added: 0x00000152b9759ea0
Event: 42.905 Thread 0x000001531397d640 Thread exited: 0x000001531397d640
Event: 60.731 Thread 0x00000152b9759810 Thread added: 0x00000152b975bf70
Event: 61.005 Thread 0x000001531247d570 Thread added: 0x0000015313a8eaf0
Event: 61.540 Thread 0x0000015313a8eaf0 Thread exited: 0x0000015313a8eaf0
Event: 61.656 Thread 0x00000152b9759810 Thread added: 0x00000153182c2a80
Event: 62.724 Thread 0x00000152b9759810 Thread added: 0x00000153182c1d60
Event: 62.793 Thread 0x00000152b9759810 Thread added: 0x00000153182c3110
Event: 62.833 Thread 0x00000152b9759810 Thread added: 0x00000153182c1040


Dynamic libraries:
0x00007ff7a6d00000 - 0x00007ff7a6d0e000 	c:\Users\ADVAN\.vscode\extensions\redhat.java-1.54.0-win32-x64\jre\21.0.10-win32-x86_64\bin\java.exe
0x00007ffc1e9c0000 - 0x00007ffc1ec27000 	C:\WINDOWS\SYSTEM32\ntdll.dll
0x00007ffc1d8e0000 - 0x00007ffc1d9a9000 	C:\WINDOWS\System32\KERNEL32.DLL
0x00007ffc1c350000 - 0x00007ffc1c744000 	C:\WINDOWS\System32\KERNELBASE.dll
0x00007ffc1b340000 - 0x00007ffc1b48b000 	C:\WINDOWS\System32\ucrtbase.dll
0x00007ffbf6350000 - 0x00007ffbf636e000 	c:\Users\ADVAN\.vscode\extensions\redhat.java-1.54.0-win32-x64\jre\21.0.10-win32-x86_64\bin\VCRUNTIME140.dll
0x00007ffbf7610000 - 0x00007ffbf7628000 	c:\Users\ADVAN\.vscode\extensions\redhat.java-1.54.0-win32-x64\jre\21.0.10-win32-x86_64\bin\jli.dll
0x00007ffc1e150000 - 0x00007ffc1e315000 	C:\WINDOWS\System32\USER32.dll
0x00007ffc1b5c0000 - 0x00007ffc1b5e7000 	C:\WINDOWS\System32\win32u.dll
0x00007ffc058f0000 - 0x00007ffc05b83000 	C:\WINDOWS\WinSxS\amd64_microsoft.windows.common-controls_6595b64144ccf1df_6.0.26100.8115_none_3e075c82e3354f9c\COMCTL32.dll
0x00007ffc1e3d0000 - 0x00007ffc1e3fb000 	C:\WINDOWS\System32\GDI32.dll
0x00007ffc1e320000 - 0x00007ffc1e3c9000 	C:\WINDOWS\System32\msvcrt.dll
0x00007ffc1b490000 - 0x00007ffc1b5bb000 	C:\WINDOWS\System32\gdi32full.dll
0x00007ffc1b290000 - 0x00007ffc1b333000 	C:\WINDOWS\System32\msvcp_win.dll
0x00007ffc1d830000 - 0x00007ffc1d862000 	C:\WINDOWS\System32\IMM32.DLL
0x00007ffc04b30000 - 0x00007ffc04b3c000 	c:\Users\ADVAN\.vscode\extensions\redhat.java-1.54.0-win32-x64\jre\21.0.10-win32-x86_64\bin\vcruntime140_1.dll
0x00007ffbb06b0000 - 0x00007ffbb073d000 	c:\Users\ADVAN\.vscode\extensions\redhat.java-1.54.0-win32-x64\jre\21.0.10-win32-x86_64\bin\msvcp140.dll
0x00007ffbaaf90000 - 0x00007ffbabd31000 	c:\Users\ADVAN\.vscode\extensions\redhat.java-1.54.0-win32-x64\jre\21.0.10-win32-x86_64\bin\server\jvm.dll
0x00007ffc1db50000 - 0x00007ffc1dc06000 	C:\WINDOWS\System32\ADVAPI32.dll
0x00007ffc1d100000 - 0x00007ffc1d1a7000 	C:\WINDOWS\System32\sechost.dll
0x00007ffc1d1f0000 - 0x00007ffc1d308000 	C:\WINDOWS\System32\RPCRT4.dll
0x00007ffc1cf90000 - 0x00007ffc1d010000 	C:\WINDOWS\System32\WS2_32.dll
0x00007ffc1b110000 - 0x00007ffc1b16e000 	C:\WINDOWS\SYSTEM32\POWRPROF.dll
0x00007ffc05c30000 - 0x00007ffc05c3b000 	C:\WINDOWS\SYSTEM32\VERSION.dll
0x00007ffc0efd0000 - 0x00007ffc0f006000 	C:\WINDOWS\SYSTEM32\WINMM.dll
0x00007ffc1b0f0000 - 0x00007ffc1b104000 	C:\WINDOWS\SYSTEM32\UMPDC.dll
0x00007ffc1a020000 - 0x00007ffc1a03b000 	C:\WINDOWS\SYSTEM32\kernel.appcore.dll
0x00007ffbf6b20000 - 0x00007ffbf6b2a000 	c:\Users\ADVAN\.vscode\extensions\redhat.java-1.54.0-win32-x64\jre\21.0.10-win32-x86_64\bin\jimage.dll
0x00007ffc192e0000 - 0x00007ffc19522000 	C:\WINDOWS\SYSTEM32\DBGHELP.DLL
0x00007ffc1d310000 - 0x00007ffc1d692000 	C:\WINDOWS\System32\combase.dll
0x00007ffc1d020000 - 0x00007ffc1d0f8000 	C:\WINDOWS\System32\OLEAUT32.dll
0x00007ffc00f10000 - 0x00007ffc00f4b000 	C:\WINDOWS\SYSTEM32\dbgcore.DLL
0x00007ffc1b5f0000 - 0x00007ffc1b695000 	C:\WINDOWS\System32\bcryptPrimitives.dll
0x00007ffc13070000 - 0x00007ffc1307f000 	c:\Users\ADVAN\.vscode\extensions\redhat.java-1.54.0-win32-x64\jre\21.0.10-win32-x86_64\bin\instrument.dll
0x00007ffbf4420000 - 0x00007ffbf4440000 	c:\Users\ADVAN\.vscode\extensions\redhat.java-1.54.0-win32-x64\jre\21.0.10-win32-x86_64\bin\java.dll
0x00007ffc1c750000 - 0x00007ffc1ceb7000 	C:\WINDOWS\System32\SHELL32.dll
0x00007ffc1b6a0000 - 0x00007ffc1b80a000 	C:\WINDOWS\System32\wintypes.dll
0x00007ffc1b8d0000 - 0x00007ffc1c138000 	C:\WINDOWS\System32\windows.storage.dll
0x00007ffc1d6a0000 - 0x00007ffc1d798000 	C:\WINDOWS\System32\SHCORE.dll
0x00007ffc1d870000 - 0x00007ffc1d8d6000 	C:\WINDOWS\System32\shlwapi.dll
0x00007ffc1b1b0000 - 0x00007ffc1b1d9000 	C:\WINDOWS\SYSTEM32\profapi.dll
0x00007ffbd4e50000 - 0x00007ffbd4e68000 	c:\Users\ADVAN\.vscode\extensions\redhat.java-1.54.0-win32-x64\jre\21.0.10-win32-x86_64\bin\zip.dll
0x00007ffbf6470000 - 0x00007ffbf6480000 	C:\Users\ADVAN\.vscode\extensions\redhat.java-1.54.0-win32-x64\jre\21.0.10-win32-x86_64\bin\net.dll
0x00007ffc124b0000 - 0x00007ffc125dd000 	C:\WINDOWS\SYSTEM32\WINHTTP.dll
0x00007ffc1a590000 - 0x00007ffc1a5fc000 	C:\WINDOWS\system32\mswsock.dll
0x00007ffbb0660000 - 0x00007ffbb0676000 	C:\Users\ADVAN\.vscode\extensions\redhat.java-1.54.0-win32-x64\jre\21.0.10-win32-x86_64\bin\nio.dll
0x00007ffbf6340000 - 0x00007ffbf6350000 	c:\Users\ADVAN\.vscode\extensions\redhat.java-1.54.0-win32-x64\jre\21.0.10-win32-x86_64\bin\verify.dll
0x00007ffbae9b0000 - 0x00007ffbae9f5000 	C:\Users\ADVAN\AppData\Roaming\Code\User\globalStorage\redhat.java\1.54.0\config_win\org.eclipse.equinox.launcher\org.eclipse.equinox.launcher.win32.win32.x86_64_1.3.0.v20260203-2149\eclipse_11919.dll
0x00007ffc1d9b0000 - 0x00007ffc1db47000 	C:\WINDOWS\System32\ole32.dll
0x00007ffc1a870000 - 0x00007ffc1a88b000 	C:\WINDOWS\SYSTEM32\CRYPTSP.dll
0x00007ffc19f80000 - 0x00007ffc19fb9000 	C:\WINDOWS\system32\rsaenh.dll
0x00007ffc1a640000 - 0x00007ffc1a673000 	C:\WINDOWS\SYSTEM32\USERENV.dll
0x00007ffc1b180000 - 0x00007ffc1b1aa000 	C:\WINDOWS\SYSTEM32\bcrypt.dll
0x00007ffc1a890000 - 0x00007ffc1a89c000 	C:\WINDOWS\SYSTEM32\CRYPTBASE.dll
0x00007ffc19a20000 - 0x00007ffc19a52000 	C:\WINDOWS\SYSTEM32\IPHLPAPI.DLL
0x00007ffc1e8f0000 - 0x00007ffc1e8fa000 	C:\WINDOWS\System32\NSI.dll
0x00007ffbaacf0000 - 0x00007ffbaad39000 	C:\Users\ADVAN\AppData\Local\Temp\jna-62139392\jna12899577710740204004.dll
0x00007ffc1cec0000 - 0x00007ffc1cec8000 	C:\WINDOWS\System32\PSAPI.DLL

JVMTI agents:
c:\Users\ADVAN\.vscode\extensions\redhat.java-1.54.0-win32-x64\lombok\lombok-1.18.39-4050.jar path:c:\Users\ADVAN\.vscode\extensions\redhat.java-1.54.0-win32-x64\jre\21.0.10-win32-x86_64\bin\instrument.dll, loaded, initialized, instrumentlib options:none

dbghelp: loaded successfully - version: 4.0.5 - missing functions: none
symbol engine: initialized successfully - sym options: 0x614 - pdb path: .;c:\Users\ADVAN\.vscode\extensions\redhat.java-1.54.0-win32-x64\jre\21.0.10-win32-x86_64\bin;C:\WINDOWS\SYSTEM32;C:\WINDOWS\WinSxS\amd64_microsoft.windows.common-controls_6595b64144ccf1df_6.0.26100.8115_none_3e075c82e3354f9c;c:\Users\ADVAN\.vscode\extensions\redhat.java-1.54.0-win32-x64\jre\21.0.10-win32-x86_64\bin\server;C:\Users\ADVAN\AppData\Roaming\Code\User\globalStorage\redhat.java\1.54.0\config_win\org.eclipse.equinox.launcher\org.eclipse.equinox.launcher.win32.win32.x86_64_1.3.0.v20260203-2149;C:\Users\ADVAN\AppData\Local\Temp\jna-62139392

VM Arguments:
jvm_args: --add-modules=ALL-SYSTEM --add-opens=java.base/java.util=ALL-UNNAMED --add-opens=java.base/java.lang=ALL-UNNAMED --add-opens=java.base/sun.nio.fs=ALL-UNNAMED -Declipse.application=org.eclipse.jdt.ls.core.id1 -Dosgi.bundles.defaultStartLevel=4 -Declipse.product=org.eclipse.jdt.ls.core.product -Djava.import.generatesMetadataFilesAtProjectRoot=false -DDetectVMInstallationsJob.disabled=true -Dfile.encoding=utf8 -XX:+UseParallelGC -XX:GCTimeRatio=4 -XX:AdaptiveSizePolicyWeight=90 -Dsun.zip.disableMemoryMapping=true -Xmx2G -Xms100m -Xlog:disable -javaagent:c:\Users\ADVAN\.vscode\extensions\redhat.java-1.54.0-win32-x64\lombok\lombok-1.18.39-4050.jar -XX:+HeapDumpOnOutOfMemoryError -XX:HeapDumpPath=c:\Users\ADVAN\AppData\Roaming\Code\User\workspaceStorage\a0251b426aa1b0170b1dff8b4d29454e\redhat.java -Daether.dependencyCollector.impl=bf 
java_command: c:\Users\ADVAN\.vscode\extensions\redhat.java-1.54.0-win32-x64\server\plugins\org.eclipse.equinox.launcher_1.7.100.v20251111-0406.jar -configuration c:\Users\ADVAN\AppData\Roaming\Code\User\globalStorage\redhat.java\1.54.0\config_win -data c:\Users\ADVAN\AppData\Roaming\Code\User\workspaceStorage\a0251b426aa1b0170b1dff8b4d29454e\redhat.java\jdt_ws --pipe=\\.\pipe\lsp-c2601ab4b71555e6491847c8cad5f8b5-sock
java_class_path (initial): c:\Users\ADVAN\.vscode\extensions\redhat.java-1.54.0-win32-x64\server\plugins\org.eclipse.equinox.launcher_1.7.100.v20251111-0406.jar
Launcher Type: SUN_STANDARD

[Global flags]
    uintx AdaptiveSizePolicyWeight                 = 90                                        {product} {command line}
     intx CICompilerCount                          = 4                                         {product} {ergonomic}
    uintx GCTimeRatio                              = 4                                         {product} {command line}
     bool HeapDumpOnOutOfMemoryError               = true                                   {manageable} {command line}
    ccstr HeapDumpPath                             = c:\Users\ADVAN\AppData\Roaming\Code\User\workspaceStorage\a0251b426aa1b0170b1dff8b4d29454e\redhat.java         {manageable} {command line}
   size_t InitialHeapSize                          = 104857600                                 {product} {command line}
   size_t MaxHeapSize                              = 2147483648                                {product} {command line}
   size_t MaxNewSize                               = 715653120                                 {product} {ergonomic}
   size_t MinHeapDeltaBytes                        = 524288                                    {product} {ergonomic}
   size_t MinHeapSize                              = 104857600                                 {product} {command line}
   size_t NewSize                                  = 34603008                                  {product} {ergonomic}
    uintx NonNMethodCodeHeapSize                   = 5839372                                {pd product} {ergonomic}
    uintx NonProfiledCodeHeapSize                  = 122909434                              {pd product} {ergonomic}
   size_t OldSize                                  = 70254592                                  {product} {ergonomic}
    uintx ProfiledCodeHeapSize                     = 122909434                              {pd product} {ergonomic}
    uintx ReservedCodeCacheSize                    = 251658240                              {pd product} {ergonomic}
     bool SegmentedCodeCache                       = true                                      {product} {ergonomic}
   size_t SoftMaxHeapSize                          = 2147483648                             {manageable} {ergonomic}
     bool UseCompressedOops                        = true                           {product lp64_product} {ergonomic}
     bool UseLargePagesIndividualAllocation        = false                                  {pd product} {ergonomic}
     bool UseParallelGC                            = true                                      {product} {command line}

Logging:
Log output configuration:
 #0: stdout all=off uptime,level,tags foldmultilines=false
 #1: stderr all=off uptime,level,tags foldmultilines=false

Release file:
JAVA_VERSION="21.0.10" 
MODULES="java.base java.compiler java.datatransfer java.xml java.prefs java.desktop java.instrument java.logging java.management java.security.sasl java.naming java.rmi java.management.rmi java.net.http java.scripting java.security.jgss java.transaction.xa java.sql java.sql.rowset java.xml.crypto java.se java.smartcardio jdk.accessibility jdk.internal.jvmstat jdk.attach jdk.charsets jdk.internal.opt jdk.zipfs jdk.compiler jdk.crypto.ec jdk.crypto.cryptoki jdk.crypto.mscapi jdk.dynalink jdk.internal.ed jdk.editpad jdk.hotspot.agent jdk.httpserver jdk.internal.le jdk.internal.vm.ci jdk.internal.vm.compiler jdk.internal.vm.compiler.management jdk.jartool jdk.javadoc jdk.jcmd jdk.management jdk.management.agent jdk.jconsole jdk.jdeps jdk.jdwp.agent jdk.jdi jdk.jfr jdk.jshell jdk.jsobject jdk.jstatd jdk.localedata jdk.management.jfr jdk.naming.dns jdk.naming.rmi jdk.net jdk.nio.mapmode jdk.random jdk.sctp jdk.security.auth jdk.security.jgss jdk.unsupported jdk.unsupported.desktop jdk.xml.dom" 

Environment Variables:
PATH=C:\Users\ADVAN\AppData\Local\Programs\Microsoft VS Code;C:\Python314\Scripts\;C:\Python314\;C:\Program Files\Common Files\Oracle\Java\javapath;C:\WINDOWS\system32;C:\WINDOWS;C:\WINDOWS\System32\Wbem;C:\WINDOWS\System32\WindowsPowerShell\v1.0\;C:\WINDOWS\System32\OpenSSH\;C:\Program Files\Git\cmd;C:\Program Files\dotnet\;C:\flutter\bin;C:\laragon\bin\php\php-8.1.10-Win32-vs16-x64;C:\ProgramData\ComposerSetup\bin;C:\Program Files\MongoDB\Server\8.2\bin;C:\Users\ADVAN\AppData\Local\Android\Sdk\platform-tools;C:\Users\ADVAN\AppData\Local\Android\Sdk\emulator;C:\ProgramData\chocolatey\bin;D:\server\;C:\laragon\bin;C:\laragon\bin\apache\httpd-2.4.54-win64-VS16\bin;C:\laragon\bin\composer;C:\laragon\bin\git\bin;C:\laragon\bin\git\cmd;C:\laragon\bin\git\mingw64\bin;C:\laragon\bin\git\usr\bin;C:\laragon\bin\laragon\utils;C:\laragon\bin\mysql\mysql-8.0.30-winx64\bin;C:\laragon\bin\nginx\nginx-1.22.0;C:\laragon\bin\ngrok;C:\laragon\bin\nodejs\node-v18;C:\laragon\bin\notepad++;C:\laragon\bin\php\php-8.5.5;C:\laragon\bin\python\python-3.10;C:\laragon\bin\python\python-3.10\Scripts;C:\laragon\bin\redis\redis-x64-5.0.14.1;C:\laragon\bin\telnet;C:\laragon\bin\yarn\bin;C:\laragon\usr\bin;C:\Users\ADVAN\AppData\Local\Yarn\config\global\node_modules\.bin;C:\Users\ADVAN\AppData\Roaming\Composer\vendor\bin;C:\Users\ADVAN\AppData\Roaming\npm;C:\Users\ADVAN\AppData\Local\Programs\Python\Launcher\;C:\Users\ADVAN\AppData\Local\Microsoft\WindowsApps;C:\Users\ADVAN\AppData\Local\Programs\Microsoft VS Code\bin;C:\laragon\bin\php\php-8.3.30-Win32-vs16-x64;C:\Users\ADVAN\AppData\Local\Programs\Antigravity\bin
USERNAME=ADVAN
OS=Windows_NT
PROCESSOR_IDENTIFIER=Intel64 Family 6 Model 154 Stepping 3, GenuineIntel
TMP=C:\Users\ADVAN\AppData\Local\Temp
TEMP=C:\Users\ADVAN\AppData\Local\Temp




Periodic native trim disabled

---------------  S Y S T E M  ---------------

OS:
 Windows 11 , 64 bit Build 26100 (10.0.26100.8246)
OS uptime: 0 days 0:28 hours

CPU: total 12 (initial active 12) (6 cores per cpu, 2 threads per core) family 6 model 154 stepping 3 microcode 0x432, cx8, cmov, fxsr, ht, mmx, 3dnowpref, sse, sse2, sse3, ssse3, sse4.1, sse4.2, popcnt, lzcnt, tsc, tscinvbit, avx, avx2, aes, erms, clmul, bmi1, bmi2, adx, sha, fma, vzeroupper, clflush, clflushopt, clwb, serialize, rdtscp, rdpid, fsrm, f16c, pku, cet_ibt, cet_ss
Processor Information for processor 0
  Max Mhz: 1100, Current Mhz: 1100, Mhz Limit: 1100
Processor Information for processor 1
  Max Mhz: 1100, Current Mhz: 1100, Mhz Limit: 1100
Processor Information for processor 2
  Max Mhz: 1100, Current Mhz: 1100, Mhz Limit: 1100
Processor Information for processor 3
  Max Mhz: 1100, Current Mhz: 1100, Mhz Limit: 1100
Processor Information for processor 4
  Max Mhz: 1100, Current Mhz: 1100, Mhz Limit: 1100
Processor Information for processor 5
  Max Mhz: 1100, Current Mhz: 1100, Mhz Limit: 1100
Processor Information for processor 6
  Max Mhz: 1100, Current Mhz: 1100, Mhz Limit: 1100
Processor Information for processor 7
  Max Mhz: 1100, Current Mhz: 1100, Mhz Limit: 1100
Processor Information for processor 8
  Max Mhz: 1100, Current Mhz: 800, Mhz Limit: 792
Processor Information for processor 9
  Max Mhz: 1100, Current Mhz: 800, Mhz Limit: 792
Processor Information for processor 10
  Max Mhz: 1100, Current Mhz: 800, Mhz Limit: 792
Processor Information for processor 11
  Max Mhz: 1100, Current Mhz: 800, Mhz Limit: 792

Memory: 4k page, system-wide physical 7929M (494M free)
TotalPageFile size 15929M (AvailPageFile size 6M)
current process WorkingSet (physical memory assigned to process): 140M, peak: 140M
current process commit charge ("private bytes"): 286M, peak: 290M

vm_info: OpenJDK 64-Bit Server VM (21.0.10+7-LTS) for windows-amd64 JRE (21.0.10+7-LTS), built on 2026-01-20T00:00:00Z by "admin" with MS VC++ 17.12 (VS2022)

END.
