#
# There is insufficient memory for the Java Runtime Environment to continue.
# Native memory allocation (mmap) failed to map 244318208 bytes for G1 virtual space
# Possible reasons:
#   The system is out of physical RAM or swap space
#   The process is running with CompressedOops enabled, and the Java Heap may be blocking the growth of the native heap
# Possible solutions:
#   Reduce memory load on the system
#   Increase physical memory or swap space
#   Check if swap backing store is full
#   Decrease Java heap size (-Xmx/-Xms)
#   Decrease number of Java threads
#   Decrease Java thread stack sizes (-Xss)
#   Set larger code cache with -XX:ReservedCodeCacheSize=
#   JVM is running with Unscaled Compressed Oops mode in which the Java heap is
#     placed in the first 4GB address space. The Java Heap base address is the
#     maximum limit for the native heap growth. Please use -XX:HeapBaseMinAddress
#     to set the Java Heap base and to place the Java Heap above 4GB virtual address.
# This output file may be truncated or incomplete.
#
#  Out of Memory Error (os_windows.cpp:3548), pid=2376, tid=17744
#
# JRE version: Java(TM) SE Runtime Environment (17.0.12+8) (build 17.0.12+8-LTS-286)
# Java VM: Java HotSpot(TM) 64-Bit Server VM (17.0.12+8-LTS-286, mixed mode, sharing, tiered, compressed oops, compressed class ptrs, g1 gc, windows-amd64)
# No core dump will be written. Minidumps are not enabled by default on client versions of Windows
#

---------------  S U M M A R Y ------------

Command Line: --add-opens=java.base/java.lang=ALL-UNNAMED --add-opens=java.base/java.lang.invoke=ALL-UNNAMED --add-opens=java.base/java.util=ALL-UNNAMED --add-opens=java.prefs/java.util.prefs=ALL-UNNAMED --add-exports=jdk.compiler/com.sun.tools.javac.api=ALL-UNNAMED --add-exports=jdk.compiler/com.sun.tools.javac.util=ALL-UNNAMED --add-opens=java.base/java.util=ALL-UNNAMED --add-opens=java.prefs/java.util.prefs=ALL-UNNAMED --add-opens=java.base/java.nio.charset=ALL-UNNAMED --add-opens=java.base/java.net=ALL-UNNAMED --add-opens=java.base/java.util.concurrent.atomic=ALL-UNNAMED --add-opens=java.xml/javax.xml.namespace=ALL-UNNAMED -Xmx2048M -Dfile.encoding=UTF-8 -Duser.country=US -Duser.language=en -Duser.variant -javaagent:C:\Users\ADVAN\.gradle\wrapper\dists\gradle-8.14-all\c2qonpi39x1mddn7hk5gh9iqj\gradle-8.14\lib\agents\gradle-instrumentation-agent-8.14.jar org.gradle.launcher.daemon.bootstrap.GradleDaemon 8.14

Host: 12th Gen Intel(R) Core(TM) i5-12450H, 12 cores, 7G,  Windows 11 , 64 bit Build 26100 (10.0.26100.8246)
Time: Fri May  8 09:50:33 2026 SE Asia Standard Time elapsed time: 12.442494 seconds (0d 0h 0m 12s)

---------------  T H R E A D  ---------------

Current thread (0x00000251ab925480):  VMThread "VM Thread" [stack: 0x0000008200d00000,0x0000008200e00000] [id=17744]

Stack: [0x0000008200d00000,0x0000008200e00000]
Native frames: (J=compiled Java code, j=interpreted, Vv=VM code, C=native code)
V  [jvm.dll+0x67a04a]
V  [jvm.dll+0x7da4ed]
V  [jvm.dll+0x7dbe33]
V  [jvm.dll+0x7dc4a3]
V  [jvm.dll+0x24508f]
V  [jvm.dll+0x677089]
V  [jvm.dll+0x66bd32]
V  [jvm.dll+0x301fa6]
V  [jvm.dll+0x309546]
V  [jvm.dll+0x359d2e]
V  [jvm.dll+0x359f5f]
V  [jvm.dll+0x2d9078]
V  [jvm.dll+0x2d74ad]
V  [jvm.dll+0x2d6afc]
V  [jvm.dll+0x31a65b]
V  [jvm.dll+0x7e0d9b]
V  [jvm.dll+0x7e1ad4]
V  [jvm.dll+0x7e1fed]
V  [jvm.dll+0x7e23c4]
V  [jvm.dll+0x7e2490]
V  [jvm.dll+0x78abea]
V  [jvm.dll+0x678f35]
C  [ucrtbase.dll+0x37b0]
C  [KERNEL32.DLL+0x2e8d7]
C  [ntdll.dll+0x8c3fc]

VM_Operation (0x00000082024f81b0): G1CollectForAllocation, mode: safepoint, requested by thread 0x00000251f289da00


---------------  P R O C E S S  ---------------

Threads class SMR info:
_java_thread_list=0x00000251f3eef200, length=45, elements={
0x000002518b516f00, 0x00000251ab928f10, 0x00000251ab92a8f0, 0x00000251ab93f070,
0x00000251ab93f940, 0x00000251ab940210, 0x00000251ab943130, 0x00000251ab9416d0,
0x00000251ab9424a0, 0x00000251ab949220, 0x00000251abb66a80, 0x00000251abc45cf0,
0x00000251f2814f90, 0x00000251f2a48060, 0x00000251f28f95f0, 0x00000251f2930d10,
0x00000251f2868050, 0x00000251f289d4f0, 0x00000251f289da00, 0x00000251f289e420,
0x00000251f289cfe0, 0x00000251f289df10, 0x00000251f289e930, 0x00000251f289fd70,
0x00000251f289ee40, 0x00000251f289f350, 0x00000251f4457290, 0x00000251f28a0790,
0x00000251f28a0280, 0x00000251f2da45c0, 0x00000251f2da7860, 0x00000251f2da4fe0,
0x00000251f2da4ad0, 0x00000251f2da5f10, 0x00000251f2da7d70, 0x00000251f2da7350,
0x00000251f2da8280, 0x00000251f2da8790, 0x00000251f2da91b0, 0x00000251f2da5a00,
0x00000251f2da96c0, 0x00000251f2da9bd0, 0x00000251f2da6420, 0x00000251f2daa0e0,
0x00000251f2daa5f0
}

Java Threads: ( => current thread )
  0x000002518b516f00 JavaThread "main" [_thread_blocked, id=4024, stack(0x0000008200700000,0x0000008200800000)]
  0x00000251ab928f10 JavaThread "Reference Handler" daemon [_thread_blocked, id=2728, stack(0x0000008200e00000,0x0000008200f00000)]
  0x00000251ab92a8f0 JavaThread "Finalizer" daemon [_thread_blocked, id=9996, stack(0x0000008200f00000,0x0000008201000000)]
  0x00000251ab93f070 JavaThread "Signal Dispatcher" daemon [_thread_blocked, id=9632, stack(0x0000008201000000,0x0000008201100000)]
  0x00000251ab93f940 JavaThread "Attach Listener" daemon [_thread_blocked, id=9512, stack(0x0000008201100000,0x0000008201200000)]
  0x00000251ab940210 JavaThread "Service Thread" daemon [_thread_blocked, id=13288, stack(0x0000008201200000,0x0000008201300000)]
  0x00000251ab943130 JavaThread "Monitor Deflation Thread" daemon [_thread_blocked, id=7568, stack(0x0000008201300000,0x0000008201400000)]
  0x00000251ab9416d0 JavaThread "C2 CompilerThread0" daemon [_thread_blocked, id=792, stack(0x0000008201400000,0x0000008201500000)]
  0x00000251ab9424a0 JavaThread "C1 CompilerThread0" daemon [_thread_blocked, id=980, stack(0x0000008201500000,0x0000008201600000)]
  0x00000251ab949220 JavaThread "Sweeper thread" daemon [_thread_blocked, id=13680, stack(0x0000008201600000,0x0000008201700000)]
  0x00000251abb66a80 JavaThread "Common-Cleaner" daemon [_thread_blocked, id=8032, stack(0x0000008201700000,0x0000008201800000)]
  0x00000251abc45cf0 JavaThread "Notification Thread" daemon [_thread_blocked, id=14504, stack(0x0000008201800000,0x0000008201900000)]
  0x00000251f2814f90 JavaThread "Daemon health stats" [_thread_blocked, id=4692, stack(0x0000008201f00000,0x0000008202000000)]
  0x00000251f2a48060 JavaThread "Incoming local TCP Connector on port 49275" [_thread_in_native, id=17652, stack(0x0000008201a00000,0x0000008201b00000)]
  0x00000251f28f95f0 JavaThread "Daemon periodic checks" [_thread_blocked, id=15752, stack(0x0000008202000000,0x0000008202100000)]
  0x00000251f2930d10 JavaThread "Daemon" [_thread_blocked, id=8204, stack(0x0000008202100000,0x0000008202200000)]
  0x00000251f2868050 JavaThread "Handler for socket connection from /127.0.0.1:49275 to /127.0.0.1:49279" [_thread_in_native, id=10528, stack(0x0000008202200000,0x0000008202300000)]
  0x00000251f289d4f0 JavaThread "Cancel handler" [_thread_blocked, id=7308, stack(0x0000008202300000,0x0000008202400000)]
  0x00000251f289da00 JavaThread "Daemon worker" [_thread_blocked, id=18392, stack(0x0000008202400000,0x0000008202500000)]
  0x00000251f289e420 JavaThread "Asynchronous log dispatcher for DefaultDaemonConnection: socket connection from /127.0.0.1:49275 to /127.0.0.1:49279" [_thread_blocked, id=12896, stack(0x0000008202500000,0x0000008202600000)]
  0x00000251f289cfe0 JavaThread "Stdin handler" [_thread_blocked, id=8144, stack(0x0000008202600000,0x0000008202700000)]
  0x00000251f289df10 JavaThread "Daemon client event forwarder" [_thread_blocked, id=2664, stack(0x0000008202700000,0x0000008202800000)]
  0x00000251f289e930 JavaThread "Cache worker for journal cache (C:\Users\ADVAN\.gradle\caches\journal-1)" [_thread_blocked, id=7144, stack(0x0000008202800000,0x0000008202900000)]
  0x00000251f289fd70 JavaThread "File lock request listener" [_thread_blocked, id=18684, stack(0x0000008202900000,0x0000008202a00000)]
  0x00000251f289ee40 JavaThread "File lock release action executor" [_thread_blocked, id=8360, stack(0x0000008202a00000,0x0000008202b00000)]
  0x00000251f289f350 JavaThread "Cache worker for file hash cache (C:\Users\ADVAN\.gradle\caches\8.14\fileHashes)" [_thread_blocked, id=13852, stack(0x0000008202b00000,0x0000008202c00000)]
  0x00000251f4457290 JavaThread "C2 CompilerThread1" daemon [_thread_blocked, id=6380, stack(0x0000008203100000,0x0000008203200000)]
  0x00000251f28a0790 JavaThread "Cache worker for file hash cache (E:\gizenia\mobile-flutter\android\.gradle\8.14\fileHashes)" [_thread_blocked, id=13784, stack(0x0000008203200000,0x0000008203300000)]
  0x00000251f28a0280 JavaThread "Cache worker for Build Output Cleanup Cache (E:\gizenia\mobile-flutter\android\.gradle\buildOutputCleanup)" [_thread_blocked, id=14404, stack(0x0000008203300000,0x0000008203400000)]
  0x00000251f2da45c0 JavaThread "File watcher server" daemon [_thread_in_native, id=10532, stack(0x0000008203600000,0x0000008203700000)]
  0x00000251f2da7860 JavaThread "File watcher consumer" daemon [_thread_blocked, id=5648, stack(0x0000008203700000,0x0000008203800000)]
  0x00000251f2da4fe0 JavaThread "jar transforms" [_thread_blocked, id=7704, stack(0x0000008203800000,0x0000008203900000)]
  0x00000251f2da4ad0 JavaThread "jar transforms Thread 2" [_thread_blocked, id=19216, stack(0x0000008203900000,0x0000008203a00000)]
  0x00000251f2da5f10 JavaThread "jar transforms Thread 3" [_thread_blocked, id=8288, stack(0x0000008203a00000,0x0000008203b00000)]
  0x00000251f2da7d70 JavaThread "jar transforms Thread 4" [_thread_blocked, id=18384, stack(0x0000008203b00000,0x0000008203c00000)]
  0x00000251f2da7350 JavaThread "jar transforms Thread 5" [_thread_blocked, id=13040, stack(0x0000008203c00000,0x0000008203d00000)]
  0x00000251f2da8280 JavaThread "Cache worker for checksums cache (E:\gizenia\mobile-flutter\android\.gradle\8.14\checksums)" [_thread_blocked, id=13368, stack(0x0000008203d00000,0x0000008203e00000)]
  0x00000251f2da8790 JavaThread "Cache worker for file content cache (C:\Users\ADVAN\.gradle\caches\8.14\fileContent)" [_thread_blocked, id=5280, stack(0x0000008203e00000,0x0000008203f00000)]
  0x00000251f2da91b0 JavaThread "jar transforms Thread 6" [_thread_blocked, id=18136, stack(0x0000008203f00000,0x0000008204000000)]
  0x00000251f2da5a00 JavaThread "jar transforms Thread 7" [_thread_blocked, id=3276, stack(0x0000008204000000,0x0000008204100000)]
  0x00000251f2da96c0 JavaThread "jar transforms Thread 8" [_thread_blocked, id=14420, stack(0x0000008204100000,0x0000008204200000)]
  0x00000251f2da9bd0 JavaThread "jar transforms Thread 9" [_thread_blocked, id=392, stack(0x0000008204200000,0x0000008204300000)]
  0x00000251f2da6420 JavaThread "jar transforms Thread 10" [_thread_blocked, id=19136, stack(0x0000008204300000,0x0000008204400000)]
  0x00000251f2daa0e0 JavaThread "jar transforms Thread 11" [_thread_blocked, id=8352, stack(0x0000008204400000,0x0000008204500000)]
  0x00000251f2daa5f0 JavaThread "jar transforms Thread 12" [_thread_blocked, id=6680, stack(0x0000008204500000,0x0000008204600000)]

Other Threads:
=>0x00000251ab925480 VMThread "VM Thread" [stack: 0x0000008200d00000,0x0000008200e00000] [id=17744]
  0x000002518b5aab90 WatcherThread [stack: 0x0000008201900000,0x0000008201a00000] [id=19028]
  0x000002518b5749e0 GCTaskThread "GC Thread#0" [stack: 0x0000008200800000,0x0000008200900000] [id=19176]
  0x00000251f14a54c0 GCTaskThread "GC Thread#1" [stack: 0x0000008201b00000,0x0000008201c00000] [id=15912]
  0x00000251f122b2e0 GCTaskThread "GC Thread#2" [stack: 0x0000008201c00000,0x0000008201d00000] [id=4132]
  0x00000251f1d55330 GCTaskThread "GC Thread#3" [stack: 0x0000008201d00000,0x0000008201e00000] [id=4416]
  0x00000251f11f6ac0 GCTaskThread "GC Thread#4" [stack: 0x0000008201e00000,0x0000008201f00000] [id=692]
  0x00000251f2fdb5e0 GCTaskThread "GC Thread#5" [stack: 0x0000008202c00000,0x0000008202d00000] [id=2208]
  0x00000251f2fdc0e0 GCTaskThread "GC Thread#6" [stack: 0x0000008202d00000,0x0000008202e00000] [id=12768]
  0x00000251f2fdb8a0 GCTaskThread "GC Thread#7" [stack: 0x0000008202e00000,0x0000008202f00000] [id=19144]
  0x00000251f2fdb060 GCTaskThread "GC Thread#8" [stack: 0x0000008202f00000,0x0000008203000000] [id=3168]
  0x00000251f2fdbb60 GCTaskThread "GC Thread#9" [stack: 0x0000008203000000,0x0000008203100000] [id=7096]
  0x000002518b585840 ConcurrentGCThread "G1 Main Marker" [stack: 0x0000008200900000,0x0000008200a00000] [id=10056]
  0x000002518b586e30 ConcurrentGCThread "G1 Conc#0" [stack: 0x0000008200a00000,0x0000008200b00000] [id=15012]
  0x00000251f2fdcbe0 ConcurrentGCThread "G1 Conc#1" [stack: 0x0000008203400000,0x0000008203500000] [id=13684]
  0x00000251f2fdc3a0 ConcurrentGCThread "G1 Conc#2" [stack: 0x0000008203500000,0x0000008203600000] [id=17608]
  0x00000251ab7d20d0 ConcurrentGCThread "G1 Refine#0" [stack: 0x0000008200b00000,0x0000008200c00000] [id=16436]
  0x00000251ab7d38c0 ConcurrentGCThread "G1 Service" [stack: 0x0000008200c00000,0x0000008200d00000] [id=17784]

Threads with active compile tasks:
C2 CompilerThread0    12482 4602       4       org.objectweb.asm.Frame::execute (2303 bytes)
C1 CompilerThread0    12482 4637       3       java.net.URI::decode (380 bytes)
C2 CompilerThread1    12482 4628   !   4       java.util.regex.Pattern::matcher (44 bytes)

VM state: at safepoint (normal execution)

VM Mutex/Monitor currently owned by a thread:  ([mutex/lock_event])
[0x000002518b513290] Threads_lock - owner thread: 0x00000251ab925480
[0x000002518b512f30] Heap_lock - owner thread: 0x00000251f289da00

Heap address: 0x0000000080000000, size: 2048 MB, Compressed Oops mode: 32-bit

CDS archive(s) mapped at: [0x00000251ac000000-0x00000251acbd0000-0x00000251acbd0000), size 12386304, SharedBaseAddress: 0x00000251ac000000, ArchiveRelocationMode: 1.
Compressed class space mapped at: 0x00000251ad000000-0x00000251ed000000, reserved size: 1073741824
Narrow klass base: 0x00000251ac000000, Narrow klass shift: 0, Narrow klass range: 0x100000000

GC Precious Log:
 CPUs: 12 total, 12 available
 Memory: 7929M
 Large Page Support: Disabled
 NUMA Support: Disabled
 Compressed Oops: Enabled (32-bit)
 Heap Region Size: 1M
 Heap Min Capacity: 8M
 Heap Initial Capacity: 124M
 Heap Max Capacity: 2G
 Pre-touch: Disabled
 Parallel Workers: 10
 Concurrent Workers: 3
 Concurrent Refinement Workers: 10
 Periodic GC: Disabled

Heap:
 garbage-first heap   total 146432K, used 35825K [0x0000000080000000, 0x0000000100000000)
  region size 1024K, 1 young (1024K), 1 survivors (1024K)
 Metaspace       used 38780K, committed 39296K, reserved 1114112K
  class space    used 5236K, committed 5504K, reserved 1048576K

Heap Regions: E=young(eden), S=young(survivor), O=old, HS=humongous(starts), HC=humongous(continues), CS=collection set, F=free, OA=open archive, CA=closed archive, TAMS=top-at-mark-start (previous, next)
|   0|0x0000000080000000, 0x0000000080100000, 0x0000000080100000|100%|HS|  |TAMS 0x0000000080100000, 0x0000000080000000| Complete 
|   1|0x0000000080100000, 0x0000000080200000, 0x0000000080200000|100%|HC|  |TAMS 0x0000000080200000, 0x0000000080100000| Complete 
|   2|0x0000000080200000, 0x0000000080300000, 0x0000000080300000|100%|HC|  |TAMS 0x0000000080300000, 0x0000000080200000| Complete 
|   3|0x0000000080300000, 0x0000000080400000, 0x0000000080400000|100%| O|  |TAMS 0x0000000080400000, 0x0000000080300000| Untracked 
|   4|0x0000000080400000, 0x0000000080500000, 0x0000000080500000|100%| O|  |TAMS 0x0000000080500000, 0x0000000080400000| Untracked 
|   5|0x0000000080500000, 0x0000000080600000, 0x0000000080600000|100%| O|  |TAMS 0x0000000080600000, 0x0000000080500000| Untracked 
|   6|0x0000000080600000, 0x0000000080700000, 0x0000000080700000|100%|HS|  |TAMS 0x0000000080700000, 0x0000000080600000| Complete 
|   7|0x0000000080700000, 0x0000000080800000, 0x0000000080800000|100%| O|  |TAMS 0x0000000080800000, 0x0000000080700000| Untracked 
|   8|0x0000000080800000, 0x0000000080900000, 0x0000000080900000|100%| O|  |TAMS 0x0000000080900000, 0x0000000080800000| Untracked 
|   9|0x0000000080900000, 0x0000000080a00000, 0x0000000080a00000|100%| O|  |TAMS 0x0000000080a00000, 0x0000000080900000| Untracked 
|  10|0x0000000080a00000, 0x0000000080b00000, 0x0000000080b00000|100%| O|  |TAMS 0x0000000080b00000, 0x0000000080a00000| Untracked 
|  11|0x0000000080b00000, 0x0000000080c00000, 0x0000000080c00000|100%| O|  |TAMS 0x0000000080c00000, 0x0000000080b00000| Untracked 
|  12|0x0000000080c00000, 0x0000000080d00000, 0x0000000080d00000|100%| O|  |TAMS 0x0000000080d00000, 0x0000000080c00000| Untracked 
|  13|0x0000000080d00000, 0x0000000080e00000, 0x0000000080e00000|100%| O|  |TAMS 0x0000000080e00000, 0x0000000080d00000| Untracked 
|  14|0x0000000080e00000, 0x0000000080f00000, 0x0000000080f00000|100%| O|  |TAMS 0x0000000080f00000, 0x0000000080e00000| Untracked 
|  15|0x0000000080f00000, 0x0000000081000000, 0x0000000081000000|100%| O|  |TAMS 0x0000000081000000, 0x0000000080f00000| Untracked 
|  16|0x0000000081000000, 0x0000000081100000, 0x0000000081100000|100%| O|  |TAMS 0x0000000081100000, 0x0000000081000000| Untracked 
|  17|0x0000000081100000, 0x0000000081200000, 0x0000000081200000|100%| O|  |TAMS 0x0000000081200000, 0x0000000081100000| Untracked 
|  18|0x0000000081200000, 0x0000000081300000, 0x0000000081300000|100%| O|  |TAMS 0x0000000081300000, 0x0000000081200000| Untracked 
|  19|0x0000000081300000, 0x0000000081400000, 0x0000000081400000|100%| O|  |TAMS 0x0000000081400000, 0x0000000081300000| Untracked 
|  20|0x0000000081400000, 0x0000000081500000, 0x0000000081500000|100%| O|  |TAMS 0x0000000081400000, 0x0000000081400000| Untracked 
|  21|0x0000000081500000, 0x0000000081600000, 0x0000000081600000|100%| O|  |TAMS 0x0000000081600000, 0x0000000081500000| Untracked 
|  22|0x0000000081600000, 0x0000000081700000, 0x0000000081700000|100%| O|  |TAMS 0x0000000081700000, 0x0000000081600000| Untracked 
|  23|0x0000000081700000, 0x0000000081800000, 0x0000000081800000|100%| O|  |TAMS 0x0000000081800000, 0x0000000081700000| Untracked 
|  24|0x0000000081800000, 0x0000000081900000, 0x0000000081900000|100%| O|  |TAMS 0x0000000081900000, 0x0000000081800000| Untracked 
|  25|0x0000000081900000, 0x0000000081a00000, 0x0000000081a00000|100%| O|  |TAMS 0x0000000081a00000, 0x0000000081900000| Untracked 
|  26|0x0000000081a00000, 0x0000000081b00000, 0x0000000081b00000|100%| O|  |TAMS 0x0000000081b00000, 0x0000000081a00000| Untracked 
|  27|0x0000000081b00000, 0x0000000081c00000, 0x0000000081c00000|100%| O|  |TAMS 0x0000000081c00000, 0x0000000081b00000| Untracked 
|  28|0x0000000081c00000, 0x0000000081d00000, 0x0000000081d00000|100%| O|  |TAMS 0x0000000081c00000, 0x0000000081c00000| Untracked 
|  29|0x0000000081d00000, 0x0000000081e00000, 0x0000000081e00000|100%| O|  |TAMS 0x0000000081d00000, 0x0000000081d00000| Untracked 
|  30|0x0000000081e00000, 0x0000000081edc200, 0x0000000081f00000| 85%| O|  |TAMS 0x0000000081e00000, 0x0000000081e00000| Untracked 
|  31|0x0000000081f00000, 0x0000000081f00000, 0x0000000082000000|  0%| F|  |TAMS 0x0000000081f00000, 0x0000000081f00000| Untracked 
|  32|0x0000000082000000, 0x0000000082100000, 0x0000000082100000|100%| O|  |TAMS 0x0000000082100000, 0x0000000082000000| Untracked 
|  33|0x0000000082100000, 0x0000000082200000, 0x0000000082200000|100%| O|  |TAMS 0x0000000082200000, 0x0000000082100000| Untracked 
|  34|0x0000000082200000, 0x0000000082300000, 0x0000000082300000|100%| O|  |TAMS 0x0000000082300000, 0x0000000082200000| Untracked 
|  35|0x0000000082300000, 0x0000000082400000, 0x0000000082400000|100%| O|  |TAMS 0x0000000082316c00, 0x0000000082300000| Untracked 
|  36|0x0000000082400000, 0x0000000082400000, 0x0000000082500000|  0%| F|  |TAMS 0x0000000082400000, 0x0000000082400000| Untracked 
|  37|0x0000000082500000, 0x0000000082500000, 0x0000000082600000|  0%| F|  |TAMS 0x0000000082500000, 0x0000000082500000| Untracked 
|  38|0x0000000082600000, 0x0000000082600000, 0x0000000082700000|  0%| F|  |TAMS 0x0000000082600000, 0x0000000082600000| Untracked 
|  39|0x0000000082700000, 0x0000000082700000, 0x0000000082800000|  0%| F|  |TAMS 0x0000000082700000, 0x0000000082700000| Untracked 
|  40|0x0000000082800000, 0x0000000082800000, 0x0000000082900000|  0%| F|  |TAMS 0x0000000082800000, 0x0000000082800000| Untracked 
|  41|0x0000000082900000, 0x0000000082900000, 0x0000000082a00000|  0%| F|  |TAMS 0x0000000082900000, 0x0000000082900000| Untracked 
|  42|0x0000000082a00000, 0x0000000082a00000, 0x0000000082b00000|  0%| F|  |TAMS 0x0000000082a00000, 0x0000000082a00000| Untracked 
|  43|0x0000000082b00000, 0x0000000082b00000, 0x0000000082c00000|  0%| F|  |TAMS 0x0000000082b00000, 0x0000000082b00000| Untracked 
|  44|0x0000000082c00000, 0x0000000082c00000, 0x0000000082d00000|  0%| F|  |TAMS 0x0000000082c00000, 0x0000000082c00000| Untracked 
|  45|0x0000000082d00000, 0x0000000082d00000, 0x0000000082e00000|  0%| F|  |TAMS 0x0000000082d00000, 0x0000000082d00000| Untracked 
|  46|0x0000000082e00000, 0x0000000082e00000, 0x0000000082f00000|  0%| F|  |TAMS 0x0000000082e00000, 0x0000000082e00000| Untracked 
|  47|0x0000000082f00000, 0x0000000082f00000, 0x0000000083000000|  0%| F|  |TAMS 0x0000000082f00000, 0x0000000082f00000| Untracked 
|  48|0x0000000083000000, 0x0000000083000000, 0x0000000083100000|  0%| F|  |TAMS 0x0000000083000000, 0x0000000083000000| Untracked 
|  49|0x0000000083100000, 0x0000000083100000, 0x0000000083200000|  0%| F|  |TAMS 0x0000000083100000, 0x0000000083100000| Untracked 
|  50|0x0000000083200000, 0x0000000083200000, 0x0000000083300000|  0%| F|  |TAMS 0x0000000083200000, 0x0000000083200000| Untracked 
|  51|0x0000000083300000, 0x0000000083300000, 0x0000000083400000|  0%| F|  |TAMS 0x0000000083300000, 0x0000000083300000| Untracked 
|  52|0x0000000083400000, 0x0000000083400000, 0x0000000083500000|  0%| F|  |TAMS 0x0000000083400000, 0x0000000083400000| Untracked 
|  53|0x0000000083500000, 0x0000000083500000, 0x0000000083600000|  0%| F|  |TAMS 0x0000000083500000, 0x0000000083500000| Untracked 
|  54|0x0000000083600000, 0x0000000083600000, 0x0000000083700000|  0%| F|  |TAMS 0x0000000083600000, 0x0000000083600000| Untracked 
|  55|0x0000000083700000, 0x0000000083700000, 0x0000000083800000|  0%| F|  |TAMS 0x0000000083700000, 0x0000000083700000| Untracked 
|  56|0x0000000083800000, 0x0000000083800000, 0x0000000083900000|  0%| F|  |TAMS 0x0000000083800000, 0x0000000083800000| Untracked 
|  57|0x0000000083900000, 0x0000000083900000, 0x0000000083a00000|  0%| F|  |TAMS 0x0000000083900000, 0x0000000083900000| Untracked 
|  58|0x0000000083a00000, 0x0000000083a00000, 0x0000000083b00000|  0%| F|  |TAMS 0x0000000083a00000, 0x0000000083a00000| Untracked 
|  59|0x0000000083b00000, 0x0000000083b00000, 0x0000000083c00000|  0%| F|  |TAMS 0x0000000083b00000, 0x0000000083b00000| Untracked 
|  60|0x0000000083c00000, 0x0000000083c00000, 0x0000000083d00000|  0%| F|  |TAMS 0x0000000083c00000, 0x0000000083c00000| Untracked 
|  61|0x0000000083d00000, 0x0000000083d00000, 0x0000000083e00000|  0%| F|  |TAMS 0x0000000083d00000, 0x0000000083d00000| Untracked 
|  62|0x0000000083e00000, 0x0000000083e00000, 0x0000000083f00000|  0%| F|  |TAMS 0x0000000083e00000, 0x0000000083e00000| Untracked 
|  63|0x0000000083f00000, 0x0000000083f00000, 0x0000000084000000|  0%| F|  |TAMS 0x0000000083f00000, 0x0000000083f00000| Untracked 
|  64|0x0000000084000000, 0x0000000084000000, 0x0000000084100000|  0%| F|  |TAMS 0x0000000084000000, 0x0000000084000000| Untracked 
|  65|0x0000000084100000, 0x0000000084100000, 0x0000000084200000|  0%| F|  |TAMS 0x0000000084100000, 0x0000000084100000| Untracked 
|  66|0x0000000084200000, 0x0000000084200000, 0x0000000084300000|  0%| F|  |TAMS 0x0000000084200000, 0x0000000084200000| Untracked 
|  67|0x0000000084300000, 0x0000000084300000, 0x0000000084400000|  0%| F|  |TAMS 0x0000000084300000, 0x0000000084300000| Untracked 
|  68|0x0000000084400000, 0x0000000084400000, 0x0000000084500000|  0%| F|  |TAMS 0x0000000084400000, 0x0000000084400000| Untracked 
|  69|0x0000000084500000, 0x0000000084500000, 0x0000000084600000|  0%| F|  |TAMS 0x0000000084500000, 0x0000000084500000| Untracked 
|  70|0x0000000084600000, 0x0000000084600000, 0x0000000084700000|  0%| F|  |TAMS 0x0000000084600000, 0x0000000084600000| Untracked 
|  71|0x0000000084700000, 0x0000000084700000, 0x0000000084800000|  0%| F|  |TAMS 0x0000000084700000, 0x0000000084700000| Untracked 
|  72|0x0000000084800000, 0x0000000084800000, 0x0000000084900000|  0%| F|  |TAMS 0x0000000084800000, 0x0000000084800000| Untracked 
|  73|0x0000000084900000, 0x0000000084900000, 0x0000000084a00000|  0%| F|  |TAMS 0x0000000084900000, 0x0000000084900000| Untracked 
|  74|0x0000000084a00000, 0x0000000084a00000, 0x0000000084b00000|  0%| F|  |TAMS 0x0000000084a00000, 0x0000000084a00000| Untracked 
|  75|0x0000000084b00000, 0x0000000084b00000, 0x0000000084c00000|  0%| F|  |TAMS 0x0000000084b00000, 0x0000000084b00000| Untracked 
|  76|0x0000000084c00000, 0x0000000084c00000, 0x0000000084d00000|  0%| F|  |TAMS 0x0000000084c00000, 0x0000000084c00000| Untracked 
|  77|0x0000000084d00000, 0x0000000084d00000, 0x0000000084e00000|  0%| F|  |TAMS 0x0000000084d00000, 0x0000000084d00000| Untracked 
|  78|0x0000000084e00000, 0x0000000084e00000, 0x0000000084f00000|  0%| F|  |TAMS 0x0000000084e00000, 0x0000000084e00000| Untracked 
|  79|0x0000000084f00000, 0x0000000084f00000, 0x0000000085000000|  0%| F|  |TAMS 0x0000000084f00000, 0x0000000084f00000| Untracked 
|  80|0x0000000085000000, 0x0000000085000000, 0x0000000085100000|  0%| F|  |TAMS 0x0000000085000000, 0x0000000085000000| Untracked 
|  81|0x0000000085100000, 0x0000000085100000, 0x0000000085200000|  0%| F|  |TAMS 0x0000000085100000, 0x0000000085100000| Untracked 
|  82|0x0000000085200000, 0x0000000085200000, 0x0000000085300000|  0%| F|  |TAMS 0x0000000085200000, 0x0000000085200000| Untracked 
|  83|0x0000000085300000, 0x0000000085300000, 0x0000000085400000|  0%| F|  |TAMS 0x0000000085300000, 0x0000000085300000| Untracked 
|  84|0x0000000085400000, 0x0000000085400000, 0x0000000085500000|  0%| F|  |TAMS 0x0000000085400000, 0x0000000085400000| Untracked 
|  85|0x0000000085500000, 0x0000000085500000, 0x0000000085600000|  0%| F|  |TAMS 0x0000000085500000, 0x0000000085500000| Untracked 
|  86|0x0000000085600000, 0x0000000085600000, 0x0000000085700000|  0%| F|  |TAMS 0x0000000085600000, 0x0000000085600000| Untracked 
|  87|0x0000000085700000, 0x0000000085700000, 0x0000000085800000|  0%| F|  |TAMS 0x0000000085700000, 0x0000000085700000| Untracked 
|  88|0x0000000085800000, 0x0000000085800000, 0x0000000085900000|  0%| F|  |TAMS 0x0000000085800000, 0x0000000085800000| Untracked 
|  89|0x0000000085900000, 0x0000000085900000, 0x0000000085a00000|  0%| F|  |TAMS 0x0000000085900000, 0x0000000085900000| Untracked 
|  90|0x0000000085a00000, 0x0000000085a00000, 0x0000000085b00000|  0%| F|  |TAMS 0x0000000085a00000, 0x0000000085a00000| Untracked 
|  91|0x0000000085b00000, 0x0000000085b00000, 0x0000000085c00000|  0%| F|  |TAMS 0x0000000085b00000, 0x0000000085b00000| Untracked 
|  92|0x0000000085c00000, 0x0000000085c00000, 0x0000000085d00000|  0%| F|  |TAMS 0x0000000085c00000, 0x0000000085c00000| Untracked 
|  93|0x0000000085d00000, 0x0000000085d00000, 0x0000000085e00000|  0%| F|  |TAMS 0x0000000085d00000, 0x0000000085d00000| Untracked 
|  94|0x0000000085e00000, 0x0000000085e00000, 0x0000000085f00000|  0%| F|  |TAMS 0x0000000085e00000, 0x0000000085e00000| Untracked 
|  95|0x0000000085f00000, 0x0000000085f00000, 0x0000000086000000|  0%| F|  |TAMS 0x0000000085f00000, 0x0000000085f00000| Untracked 
|  96|0x0000000086000000, 0x0000000086000000, 0x0000000086100000|  0%| F|  |TAMS 0x0000000086000000, 0x0000000086000000| Untracked 
|  97|0x0000000086100000, 0x0000000086100000, 0x0000000086200000|  0%| F|  |TAMS 0x0000000086100000, 0x0000000086100000| Untracked 
|  98|0x0000000086200000, 0x0000000086200000, 0x0000000086300000|  0%| F|  |TAMS 0x0000000086200000, 0x0000000086200000| Untracked 
|  99|0x0000000086300000, 0x0000000086300000, 0x0000000086400000|  0%| F|  |TAMS 0x0000000086300000, 0x0000000086300000| Untracked 
| 100|0x0000000086400000, 0x0000000086400000, 0x0000000086500000|  0%| F|  |TAMS 0x0000000086400000, 0x0000000086400000| Untracked 
| 101|0x0000000086500000, 0x0000000086500000, 0x0000000086600000|  0%| F|  |TAMS 0x0000000086500000, 0x0000000086500000| Untracked 
| 102|0x0000000086600000, 0x0000000086600000, 0x0000000086700000|  0%| F|  |TAMS 0x0000000086600000, 0x0000000086600000| Untracked 
| 103|0x0000000086700000, 0x0000000086700000, 0x0000000086800000|  0%| F|  |TAMS 0x0000000086700000, 0x0000000086700000| Untracked 
| 104|0x0000000086800000, 0x0000000086800000, 0x0000000086900000|  0%| F|  |TAMS 0x0000000086800000, 0x0000000086800000| Untracked 
| 105|0x0000000086900000, 0x0000000086900000, 0x0000000086a00000|  0%| F|  |TAMS 0x0000000086900000, 0x0000000086900000| Untracked 
| 106|0x0000000086a00000, 0x0000000086a00000, 0x0000000086b00000|  0%| F|  |TAMS 0x0000000086a00000, 0x0000000086a00000| Untracked 
| 107|0x0000000086b00000, 0x0000000086b00000, 0x0000000086c00000|  0%| F|  |TAMS 0x0000000086b00000, 0x0000000086b00000| Untracked 
| 108|0x0000000086c00000, 0x0000000086c00000, 0x0000000086d00000|  0%| F|  |TAMS 0x0000000086c00000, 0x0000000086c00000| Untracked 
| 109|0x0000000086d00000, 0x0000000086d00000, 0x0000000086e00000|  0%| F|  |TAMS 0x0000000086d00000, 0x0000000086d00000| Untracked 
| 110|0x0000000086e00000, 0x0000000086e00000, 0x0000000086f00000|  0%| F|  |TAMS 0x0000000086e00000, 0x0000000086e00000| Untracked 
| 111|0x0000000086f00000, 0x0000000086f00000, 0x0000000087000000|  0%| F|  |TAMS 0x0000000086f00000, 0x0000000086f00000| Untracked 
| 112|0x0000000087000000, 0x0000000087000000, 0x0000000087100000|  0%| F|  |TAMS 0x0000000087000000, 0x0000000087000000| Untracked 
| 113|0x0000000087100000, 0x0000000087100000, 0x0000000087200000|  0%| F|  |TAMS 0x0000000087100000, 0x0000000087100000| Untracked 
| 114|0x0000000087200000, 0x0000000087200000, 0x0000000087300000|  0%| F|  |TAMS 0x0000000087200000, 0x0000000087200000| Untracked 
| 115|0x0000000087300000, 0x0000000087300000, 0x0000000087400000|  0%| F|  |TAMS 0x0000000087300000, 0x0000000087300000| Untracked 
| 116|0x0000000087400000, 0x0000000087400000, 0x0000000087500000|  0%| F|  |TAMS 0x0000000087400000, 0x0000000087400000| Untracked 
| 117|0x0000000087500000, 0x0000000087500000, 0x0000000087600000|  0%| F|  |TAMS 0x0000000087500000, 0x0000000087500000| Untracked 
| 118|0x0000000087600000, 0x0000000087600000, 0x0000000087700000|  0%| F|  |TAMS 0x0000000087600000, 0x0000000087600000| Untracked 
| 119|0x0000000087700000, 0x0000000087700000, 0x0000000087800000|  0%| F|  |TAMS 0x0000000087700000, 0x0000000087700000| Untracked 
| 120|0x0000000087800000, 0x0000000087800000, 0x0000000087900000|  0%| F|  |TAMS 0x0000000087800000, 0x0000000087800000| Untracked 
| 121|0x0000000087900000, 0x0000000087900000, 0x0000000087a00000|  0%| F|  |TAMS 0x0000000087900000, 0x0000000087900000| Untracked 
| 122|0x0000000087a00000, 0x0000000087a00000, 0x0000000087b00000|  0%| F|  |TAMS 0x0000000087a00000, 0x0000000087a00000| Untracked 
| 123|0x0000000087b00000, 0x0000000087b00000, 0x0000000087c00000|  0%| F|  |TAMS 0x0000000087b00000, 0x0000000087b00000| Untracked 
| 124|0x0000000087c00000, 0x0000000087c00000, 0x0000000087d00000|  0%| F|  |TAMS 0x0000000087c00000, 0x0000000087c00000| Untracked 
| 125|0x0000000087d00000, 0x0000000087d00000, 0x0000000087e00000|  0%| F|  |TAMS 0x0000000087d00000, 0x0000000087d00000| Untracked 
| 126|0x0000000087e00000, 0x0000000087e00000, 0x0000000087f00000|  0%| F|  |TAMS 0x0000000087e00000, 0x0000000087e00000| Untracked 
| 127|0x0000000087f00000, 0x0000000087f00000, 0x0000000088000000|  0%| F|  |TAMS 0x0000000087f00000, 0x0000000087f00000| Untracked 
| 128|0x0000000088000000, 0x0000000088000000, 0x0000000088100000|  0%| F|  |TAMS 0x0000000088000000, 0x0000000088000000| Untracked 
| 129|0x0000000088100000, 0x0000000088100000, 0x0000000088200000|  0%| F|  |TAMS 0x0000000088100000, 0x0000000088100000| Untracked 
| 130|0x0000000088200000, 0x0000000088200000, 0x0000000088300000|  0%| F|  |TAMS 0x0000000088200000, 0x0000000088200000| Untracked 
| 131|0x0000000088300000, 0x0000000088300000, 0x0000000088400000|  0%| F|  |TAMS 0x0000000088300000, 0x0000000088300000| Untracked 
| 132|0x0000000088400000, 0x0000000088400000, 0x0000000088500000|  0%| F|  |TAMS 0x0000000088400000, 0x0000000088400000| Untracked 
| 133|0x0000000088500000, 0x0000000088500000, 0x0000000088600000|  0%| F|  |TAMS 0x0000000088500000, 0x0000000088500000| Untracked 
| 134|0x0000000088600000, 0x0000000088600000, 0x0000000088700000|  0%| F|  |TAMS 0x0000000088600000, 0x0000000088600000| Untracked 
| 135|0x0000000088700000, 0x00000000887204b0, 0x0000000088800000| 12%| S|CS|TAMS 0x0000000088700000, 0x0000000088700000| Complete 
| 136|0x0000000088800000, 0x0000000088800000, 0x0000000088900000|  0%| F|  |TAMS 0x0000000088800000, 0x0000000088800000| Untracked 
| 137|0x0000000088900000, 0x0000000088900000, 0x0000000088a00000|  0%| F|  |TAMS 0x0000000088900000, 0x0000000088900000| Untracked 
| 138|0x0000000088a00000, 0x0000000088a00000, 0x0000000088b00000|  0%| F|  |TAMS 0x0000000088a00000, 0x0000000088a00000| Untracked 
| 139|0x0000000088b00000, 0x0000000088b00000, 0x0000000088c00000|  0%| F|  |TAMS 0x0000000088b00000, 0x0000000088b00000| Untracked 
| 140|0x0000000088c00000, 0x0000000088c00000, 0x0000000088d00000|  0%| F|  |TAMS 0x0000000088c00000, 0x0000000088c00000| Untracked 
| 141|0x0000000088d00000, 0x0000000088d00000, 0x0000000088e00000|  0%| F|  |TAMS 0x0000000088d00000, 0x0000000088d00000| Untracked 
| 142|0x0000000088e00000, 0x0000000088e00000, 0x0000000088f00000|  0%| F|  |TAMS 0x0000000088e00000, 0x0000000088e00000| Untracked 

Card table byte_map: [0x00000251a4450000,0x00000251a4850000] _byte_map_base: 0x00000251a4050000

Marking Bits (Prev, Next): (CMBitMap*) 0x000002518b574f10, (CMBitMap*) 0x000002518b574f50
 Prev Bits: [0x00000251a4c50000, 0x00000251a6c50000)
 Next Bits: [0x00000251a6c50000, 0x00000251a8c50000)

Polling page: 0x000002518b290000

Metaspace:

Usage:
  Non-class:     32.76 MB used.
      Class:      5.11 MB used.
       Both:     37.87 MB used.

Virtual space:
  Non-class space:       64.00 MB reserved,      33.00 MB ( 52%) committed,  1 nodes.
      Class space:        1.00 GB reserved,       5.38 MB ( <1%) committed,  1 nodes.
             Both:        1.06 GB reserved,      38.38 MB (  4%) committed. 

Chunk freelists:
   Non-Class:  14.39 MB
       Class:  10.58 MB
        Both:  24.97 MB

MaxMetaspaceSize: unlimited
CompressedClassSpaceSize: 1.00 GB
Initial GC threshold: 21.00 MB
Current GC threshold: 58.88 MB
CDS: on
MetaspaceReclaimPolicy: balanced
 - commit_granule_bytes: 65536.
 - commit_granule_words: 8192.
 - virtual_space_node_default_size: 8388608.
 - enlarge_chunks_in_place: 1.
 - new_chunks_are_fully_committed: 0.
 - uncommit_free_chunks: 1.
 - use_allocation_guard: 0.
 - handle_deallocations: 1.


Internal statistics:

num_allocs_failed_limit: 6.
num_arena_births: 634.
num_arena_deaths: 0.
num_vsnodes_births: 2.
num_vsnodes_deaths: 0.
num_space_committed: 614.
num_space_uncommitted: 0.
num_chunks_returned_to_freelist: 6.
num_chunks_taken_from_freelist: 2124.
num_chunk_merges: 6.
num_chunk_splits: 1396.
num_chunks_enlarged: 925.
num_inconsistent_stats: 0.

CodeHeap 'non-profiled nmethods': size=120000Kb used=2979Kb max_used=2979Kb free=117020Kb
 bounds [0x000002519bea0000, 0x000002519c190000, 0x00000251a33d0000]
CodeHeap 'profiled nmethods': size=120000Kb used=9634Kb max_used=9634Kb free=110365Kb
 bounds [0x00000251943d0000, 0x0000025194d40000, 0x000002519b900000]
CodeHeap 'non-nmethods': size=5760Kb used=2304Kb max_used=2340Kb free=3455Kb
 bounds [0x000002519b900000, 0x000002519bb70000, 0x000002519bea0000]
 total_blobs=5446 nmethods=4630 adapters=728
 compilation: enabled
              stopped_count=0, restarted_count=0
 full_count=0

Compilation events (20 events):
Event: 10.393 Thread 0x00000251ab9424a0 4626       3       org.gradle.internal.classpath.DefaultClassPath$1::isSatisfiedBy (19 bytes)
Event: 10.393 Thread 0x00000251ab9424a0 nmethod 4626 0x0000025194d35490 code [0x0000025194d35640, 0x0000025194d35868]
Event: 10.396 Thread 0x00000251f4457290 4627       4       java.util.regex.Matcher::match (154 bytes)
Event: 10.401 Thread 0x00000251ab9424a0 4629       3       org.gradle.internal.classpath.DefaultClassPath$ImmutableUniqueList::contains (11 bytes)
Event: 10.402 Thread 0x00000251ab9424a0 nmethod 4629 0x0000025194d35910 code [0x0000025194d35ac0, 0x0000025194d35c88]
Event: 10.407 Thread 0x00000251f4457290 nmethod 4627 0x000002519c188390 code [0x000002519c188540, 0x000002519c188a68]
Event: 10.407 Thread 0x00000251f4457290 4628   !   4       java.util.regex.Pattern::matcher (44 bytes)
Event: 10.408 Thread 0x00000251ab9424a0 4630       3       java.io.FilterOutputStream::<init> (21 bytes)
Event: 10.408 Thread 0x00000251ab9424a0 nmethod 4630 0x0000025194d35d90 code [0x0000025194d35f40, 0x0000025194d36278]
Event: 10.412 Thread 0x00000251ab9424a0 4632       3       kotlin.text.StringsKt__StringsJVMKt::startsWith$default (15 bytes)
Event: 10.413 Thread 0x00000251ab9424a0 nmethod 4632 0x0000025194d36390 code [0x0000025194d36520, 0x0000025194d36688]
Event: 10.413 Thread 0x00000251ab9424a0 4633       3       kotlin.text.StringsKt__StringsJVMKt::startsWith (36 bytes)
Event: 10.413 Thread 0x00000251ab9424a0 nmethod 4633 0x0000025194d36790 code [0x0000025194d36a40, 0x0000025194d37518]
Event: 10.414 Thread 0x00000251ab9424a0 4634       3       kotlin.jvm.internal.Intrinsics::checkNotNullExpressionValue (38 bytes)
Event: 10.414 Thread 0x00000251ab9424a0 nmethod 4634 0x0000025194d37990 code [0x0000025194d37ba0, 0x0000025194d38048]
Event: 10.415 Thread 0x00000251ab9424a0 4635       3       java.net.URI::getPath (31 bytes)
Event: 10.415 Thread 0x00000251ab9424a0 nmethod 4635 0x0000025194d38290 code [0x0000025194d38440, 0x0000025194d386c8]
Event: 10.415 Thread 0x00000251ab9424a0 4636       3       java.net.URI::decode (6 bytes)
Event: 10.415 Thread 0x00000251ab9424a0 nmethod 4636 0x0000025194d38790 code [0x0000025194d38920, 0x0000025194d38a48]
Event: 10.415 Thread 0x00000251ab9424a0 4637       3       java.net.URI::decode (380 bytes)

GC Heap History (20 events):
Event: 6.502 GC heap after
{Heap after GC invocations=5 (full 0):
 garbage-first heap   total 126976K, used 24295K [0x0000000080000000, 0x0000000100000000)
  region size 1024K, 3 young (3072K), 3 survivors (3072K)
 Metaspace       used 21162K, committed 21504K, reserved 1114112K
  class space    used 3089K, committed 3264K, reserved 1048576K
}
Event: 7.321 GC heap before
{Heap before GC invocations=6 (full 0):
 garbage-first heap   total 86016K, used 71399K [0x0000000080000000, 0x0000000100000000)
  region size 1024K, 50 young (51200K), 3 survivors (3072K)
 Metaspace       used 27081K, committed 27456K, reserved 1114112K
  class space    used 3954K, committed 4160K, reserved 1048576K
}
Event: 7.325 GC heap after
{Heap after GC invocations=7 (full 0):
 garbage-first heap   total 86016K, used 27422K [0x0000000080000000, 0x0000000100000000)
  region size 1024K, 6 young (6144K), 6 survivors (6144K)
 Metaspace       used 27081K, committed 27456K, reserved 1114112K
  class space    used 3954K, committed 4160K, reserved 1048576K
}
Event: 7.342 GC heap before
{Heap before GC invocations=7 (full 0):
 garbage-first heap   total 86016K, used 28446K [0x0000000080000000, 0x0000000100000000)
  region size 1024K, 7 young (7168K), 6 survivors (6144K)
 Metaspace       used 27228K, committed 27648K, reserved 1114112K
  class space    used 3979K, committed 4224K, reserved 1048576K
}
Event: 7.346 GC heap after
{Heap after GC invocations=8 (full 0):
 garbage-first heap   total 86016K, used 28280K [0x0000000080000000, 0x0000000100000000)
  region size 1024K, 1 young (1024K), 1 survivors (1024K)
 Metaspace       used 27228K, committed 27648K, reserved 1114112K
  class space    used 3979K, committed 4224K, reserved 1048576K
}
Event: 8.036 GC heap before
{Heap before GC invocations=8 (full 0):
 garbage-first heap   total 86016K, used 62072K [0x0000000080000000, 0x0000000100000000)
  region size 1024K, 35 young (35840K), 1 survivors (1024K)
 Metaspace       used 33457K, committed 33920K, reserved 1114112K
  class space    used 4715K, committed 4928K, reserved 1048576K
}
Event: 8.039 GC heap after
{Heap after GC invocations=9 (full 0):
 garbage-first heap   total 86016K, used 31699K [0x0000000080000000, 0x0000000100000000)
  region size 1024K, 5 young (5120K), 5 survivors (5120K)
 Metaspace       used 33457K, committed 33920K, reserved 1114112K
  class space    used 4715K, committed 4928K, reserved 1048576K
}
Event: 8.689 GC heap before
{Heap before GC invocations=9 (full 0):
 garbage-first heap   total 86016K, used 67539K [0x0000000080000000, 0x0000000100000000)
  region size 1024K, 36 young (36864K), 5 survivors (5120K)
 Metaspace       used 35535K, committed 35968K, reserved 1114112K
  class space    used 4897K, committed 5120K, reserved 1048576K
}
Event: 8.693 GC heap after
{Heap after GC invocations=10 (full 0):
 garbage-first heap   total 86016K, used 33716K [0x0000000080000000, 0x0000000100000000)
  region size 1024K, 3 young (3072K), 3 survivors (3072K)
 Metaspace       used 35535K, committed 35968K, reserved 1114112K
  class space    used 4897K, committed 5120K, reserved 1048576K
}
Event: 8.724 GC heap before
{Heap before GC invocations=10 (full 0):
 garbage-first heap   total 86016K, used 34740K [0x0000000080000000, 0x0000000100000000)
  region size 1024K, 5 young (5120K), 3 survivors (3072K)
 Metaspace       used 35554K, committed 36096K, reserved 1114112K
  class space    used 4897K, committed 5120K, reserved 1048576K
}
Event: 8.726 GC heap after
{Heap after GC invocations=11 (full 0):
 garbage-first heap   total 86016K, used 34557K [0x0000000080000000, 0x0000000100000000)
  region size 1024K, 1 young (1024K), 1 survivors (1024K)
 Metaspace       used 35554K, committed 36096K, reserved 1114112K
  class space    used 4897K, committed 5120K, reserved 1048576K
}
Event: 9.322 GC heap before
{Heap before GC invocations=12 (full 0):
 garbage-first heap   total 86016K, used 65277K [0x0000000080000000, 0x0000000100000000)
  region size 1024K, 29 young (29696K), 1 survivors (1024K)
 Metaspace       used 38750K, committed 39296K, reserved 1114112K
  class space    used 5233K, committed 5504K, reserved 1048576K
}
Event: 10.328 GC heap after
{Heap after GC invocations=13 (full 0):
 garbage-first heap   total 146432K, used 35735K [0x0000000080000000, 0x0000000100000000)
  region size 1024K, 2 young (2048K), 2 survivors (2048K)
 Metaspace       used 38750K, committed 39296K, reserved 1114112K
  class space    used 5233K, committed 5504K, reserved 1048576K
}
Event: 10.346 GC heap before
{Heap before GC invocations=13 (full 0):
 garbage-first heap   total 146432K, used 40855K [0x0000000080000000, 0x0000000100000000)
  region size 1024K, 7 young (7168K), 2 survivors (2048K)
 Metaspace       used 38750K, committed 39296K, reserved 1114112K
  class space    used 5233K, committed 5504K, reserved 1048576K
}
Event: 10.350 GC heap after
{Heap after GC invocations=14 (full 0):
 garbage-first heap   total 146432K, used 35887K [0x0000000080000000, 0x0000000100000000)
  region size 1024K, 1 young (1024K), 1 survivors (1024K)
 Metaspace       used 38750K, committed 39296K, reserved 1114112K
  class space    used 5233K, committed 5504K, reserved 1048576K
}
Event: 10.369 GC heap before
{Heap before GC invocations=14 (full 0):
 garbage-first heap   total 146432K, used 42031K [0x0000000080000000, 0x0000000100000000)
  region size 1024K, 7 young (7168K), 1 survivors (1024K)
 Metaspace       used 38750K, committed 39296K, reserved 1114112K
  class space    used 5233K, committed 5504K, reserved 1048576K
}
Event: 10.370 GC heap after
{Heap after GC invocations=15 (full 0):
 garbage-first heap   total 146432K, used 35780K [0x0000000080000000, 0x0000000100000000)
  region size 1024K, 1 young (1024K), 1 survivors (1024K)
 Metaspace       used 38750K, committed 39296K, reserved 1114112K
  class space    used 5233K, committed 5504K, reserved 1048576K
}
Event: 10.387 GC heap before
{Heap before GC invocations=15 (full 0):
 garbage-first heap   total 146432K, used 41924K [0x0000000080000000, 0x0000000100000000)
  region size 1024K, 7 young (7168K), 1 survivors (1024K)
 Metaspace       used 38750K, committed 39296K, reserved 1114112K
  class space    used 5233K, committed 5504K, reserved 1048576K
}
Event: 10.388 GC heap after
{Heap after GC invocations=16 (full 0):
 garbage-first heap   total 146432K, used 35732K [0x0000000080000000, 0x0000000100000000)
  region size 1024K, 1 young (1024K), 1 survivors (1024K)
 Metaspace       used 38750K, committed 39296K, reserved 1114112K
  class space    used 5233K, committed 5504K, reserved 1048576K
}
Event: 10.416 GC heap before
{Heap before GC invocations=16 (full 0):
 garbage-first heap   total 146432K, used 41876K [0x0000000080000000, 0x0000000100000000)
  region size 1024K, 7 young (7168K), 1 survivors (1024K)
 Metaspace       used 38780K, committed 39296K, reserved 1114112K
  class space    used 5236K, committed 5504K, reserved 1048576K
}

Deoptimization events (20 events):
Event: 9.303 Thread 0x00000251f289da00 DEOPT PACKING pc=0x0000025194b205b1 sp=0x00000082024f8580
Event: 9.303 Thread 0x00000251f289da00 DEOPT UNPACKING pc=0x000002519b952b43 sp=0x00000082024f7a78 mode 0
Event: 9.306 Thread 0x00000251f289da00 DEOPT PACKING pc=0x0000025194726466 sp=0x00000082024f8590
Event: 9.306 Thread 0x00000251f289da00 DEOPT UNPACKING pc=0x000002519b952b43 sp=0x00000082024f7a80 mode 0
Event: 9.313 Thread 0x00000251f289da00 DEOPT PACKING pc=0x0000025194b205b1 sp=0x00000082024f8580
Event: 9.313 Thread 0x00000251f289da00 DEOPT UNPACKING pc=0x000002519b952b43 sp=0x00000082024f7a78 mode 0
Event: 9.317 Thread 0x00000251f289da00 DEOPT PACKING pc=0x0000025194726466 sp=0x00000082024f8590
Event: 9.317 Thread 0x00000251f289da00 DEOPT UNPACKING pc=0x000002519b952b43 sp=0x00000082024f7a80 mode 0
Event: 10.340 Thread 0x00000251f289da00 DEOPT PACKING pc=0x0000025194613b3a sp=0x00000082024f8a60
Event: 10.340 Thread 0x00000251f289da00 DEOPT UNPACKING pc=0x000002519b952b43 sp=0x00000082024f7ee0 mode 0
Event: 10.415 Thread 0x00000251f289da00 DEOPT PACKING pc=0x0000025194a0c909 sp=0x00000082024f87b0
Event: 10.415 Thread 0x00000251f289da00 DEOPT UNPACKING pc=0x000002519b952b43 sp=0x00000082024f7ca8 mode 0
Event: 10.415 Thread 0x00000251f289da00 DEOPT PACKING pc=0x0000025194a0c909 sp=0x00000082024f87b0
Event: 10.415 Thread 0x00000251f289da00 DEOPT UNPACKING pc=0x000002519b952b43 sp=0x00000082024f7ca8 mode 0
Event: 10.415 Thread 0x00000251f289da00 DEOPT PACKING pc=0x0000025194a0c909 sp=0x00000082024f85d0
Event: 10.415 Thread 0x00000251f289da00 DEOPT UNPACKING pc=0x000002519b952b43 sp=0x00000082024f7ac8 mode 0
Event: 10.416 Thread 0x00000251f289da00 DEOPT PACKING pc=0x0000025194a0c909 sp=0x00000082024f85d0
Event: 10.416 Thread 0x00000251f289da00 DEOPT UNPACKING pc=0x000002519b952b43 sp=0x00000082024f7ac8 mode 0
Event: 10.416 Thread 0x00000251f289da00 DEOPT PACKING pc=0x0000025194a0c909 sp=0x00000082024f85d0
Event: 10.416 Thread 0x00000251f289da00 DEOPT UNPACKING pc=0x000002519b952b43 sp=0x00000082024f7ac8 mode 0

Classes unloaded (0 events):
No events

Classes redefined (0 events):
No events

Internal exceptions (20 events):
Event: 8.972 Thread 0x00000251f289da00 Exception <a 'java/lang/ClassNotFoundException'{0x0000000084baa070}: eclipsePlugin_1qvzlfsxq7sibdy004y8nd0zgCustomizer> (0x0000000084baa070) 
thrown [s\open\src\hotspot\share\classfile\systemDictionary.cpp, line 256]
Event: 8.980 Thread 0x00000251f289da00 Exception <a 'java/lang/ClassNotFoundException'{0x0000000084bf9e70}: org/gradle/internal/metaobject/ConfigureDelegateBeanInfo> (0x0000000084bf9e70) 
thrown [s\open\src\hotspot\share\classfile\systemDictionary.cpp, line 256]
Event: 8.980 Thread 0x00000251f289da00 Exception <a 'java/lang/ClassNotFoundException'{0x0000000084a0b1f8}: org/gradle/internal/metaobject/ConfigureDelegateCustomizer> (0x0000000084a0b1f8) 
thrown [s\open\src\hotspot\share\classfile\systemDictionary.cpp, line 256]
Event: 9.004 Thread 0x00000251f289da00 Exception <a 'java/lang/ClassNotFoundException'{0x00000000849066c8}: org/gradle/api/internal/initialization/DefaultScriptHandler_DecoratedBeanInfo> (0x00000000849066c8) 
thrown [s\open\src\hotspot\share\classfile\systemDictionary.cpp, line 256]
Event: 9.004 Thread 0x00000251f289da00 Exception <a 'java/lang/ClassNotFoundException'{0x0000000084918c88}: org/gradle/api/internal/initialization/DefaultScriptHandlerBeanInfo> (0x0000000084918c88) 
thrown [s\open\src\hotspot\share\classfile\systemDictionary.cpp, line 256]
Event: 9.005 Thread 0x00000251f289da00 Exception <a 'java/lang/ClassNotFoundException'{0x000000008492af70}: org/gradle/api/internal/initialization/DefaultScriptHandlerCustomizer> (0x000000008492af70) 
thrown [s\open\src\hotspot\share\classfile\systemDictionary.cpp, line 256]
Event: 9.005 Thread 0x00000251f289da00 Exception <a 'java/lang/ClassNotFoundException'{0x0000000084948fb0}: org/gradle/api/internal/initialization/DefaultScriptHandler_DecoratedCustomizer> (0x0000000084948fb0) 
thrown [s\open\src\hotspot\share\classfile\systemDictionary.cpp, line 256]
Event: 9.067 Thread 0x00000251f289da00 Implicit null exception at 0x000002519beeeb8f to 0x000002519beef0b8
Event: 9.104 Thread 0x00000251f289da00 Exception <a 'java/lang/NoSuchMethodError'{0x0000000084424560}: 'java.lang.Object java.lang.invoke.DirectMethodHandle$Holder.newInvokeSpecial(java.lang.Object, java.lang.Object, int, int)'> (0x0000000084424560) 
thrown [s\open\src\hotspot\share\interpreter\linkResolver.cpp, line 759]
Event: 9.131 Thread 0x00000251f289da00 Exception <a 'sun/nio/fs/WindowsException'{0x0000000084357848}> (0x0000000084357848) 
thrown [s\open\src\hotspot\share\prims\jni.cpp, line 516]
Event: 9.132 Thread 0x00000251f289da00 Exception <a 'sun/nio/fs/WindowsException'{0x00000000843590b0}> (0x00000000843590b0) 
thrown [s\open\src\hotspot\share\prims\jni.cpp, line 516]
Event: 9.133 Thread 0x00000251f289da00 Exception <a 'sun/nio/fs/WindowsException'{0x000000008435a8d0}> (0x000000008435a8d0) 
thrown [s\open\src\hotspot\share\prims\jni.cpp, line 516]
Event: 9.133 Thread 0x00000251f289da00 Exception <a 'sun/nio/fs/WindowsException'{0x000000008435bd10}> (0x000000008435bd10) 
thrown [s\open\src\hotspot\share\prims\jni.cpp, line 516]
Event: 9.148 Thread 0x00000251f289da00 Exception <a 'java/lang/NoSuchMethodError'{0x0000000084262e28}: 'java.lang.Object java.lang.invoke.Invokers$Holder.invoker(java.lang.Object, java.lang.Object, java.lang.Object, java.lang.Object, java.lang.Object, java.lang.Object)'> (0x0000000084262e28) 
thrown [s\open\src\hotspot\share\interpreter\linkResolver.cpp, line 759]
Event: 9.170 Thread 0x00000251f289da00 Exception <a 'java/lang/NoSuchMethodError'{0x00000000841a2e90}: 'java.lang.Object java.lang.invoke.DirectMethodHandle$Holder.invokeSpecial(java.lang.Object, java.lang.Object, java.lang.Object, java.lang.Object, java.lang.Object, java.lang.Object, java.lang.Object, java.lang.Object, java.lang.Object, java.lang.Object, java.lang.Object, java.lang.Object, java.lang.Object, java.lang.Object, java.lang.Object, java.lang.Object, java.lang.Object, java.lang.Object, java.lang.Object, java.lang.Object, java.lang.Ob
Event: 9.170 Thread 0x00000251f289da00 Exception <a 'java/lang/NoSuchMethodError'{0x00000000841a93d8}: 'java.lang.Object java.lang.invoke.DelegatingMethodHandle$Holder.reinvoke_L(java.lang.Object, java.lang.Object, java.lang.Object, java.lang.Object, java.lang.Object, java.lang.Object, java.lang.Object, java.lang.Object, java.lang.Object, java.lang.Object, java.lang.Object, java.lang.Object, java.lang.Object, java.lang.Object, java.lang.Object, java.lang.Object, java.lang.Object, java.lang.Object, java.lang.Object, java.lang.Object, java.lang.O
Event: 9.170 Thread 0x00000251f289da00 Exception <a 'java/lang/NoSuchMethodError'{0x00000000841b5988}: 'java.lang.Object java.lang.invoke.Invokers$Holder.invoker(java.lang.Object, java.lang.Object, java.lang.Object, java.lang.Object, java.lang.Object, java.lang.Object, java.lang.Object, java.lang.Object, java.lang.Object, java.lang.Object, java.lang.Object, java.lang.Object, java.lang.Object, java.lang.Object, java.lang.Object, java.lang.Object, java.lang.Object, java.lang.Object, java.lang.Object, java.lang.Object, java.lang.Object, java.lang.
Event: 9.170 Thread 0x00000251f289da00 Exception <a 'java/lang/NoSuchMethodError'{0x00000000841bc850}: 'java.lang.Object java.lang.invoke.DelegatingMethodHandle$Holder.delegate(java.lang.Object, java.lang.Object, java.lang.Object, java.lang.Object, java.lang.Object, java.lang.Object, java.lang.Object, java.lang.Object, java.lang.Object, java.lang.Object, java.lang.Object, java.lang.Object, java.lang.Object, java.lang.Object, java.lang.Object, java.lang.Object, java.lang.Object, java.lang.Object, java.lang.Object, java.lang.Object, java.lang.Obj
Event: 9.176 Thread 0x00000251f289da00 Exception <a 'java/lang/NoSuchMethodError'{0x0000000084097dd8}: 'java.lang.Object java.lang.invoke.DirectMethodHandle$Holder.invokeStatic(java.lang.Object, java.lang.Object, java.lang.Object, java.lang.Object, java.lang.Object, java.lang.Object, java.lang.Object, java.lang.Object, java.lang.Object, java.lang.Object, java.lang.Object, java.lang.Object, java.lang.Object, java.lang.Object, java.lang.Object, java.lang.Object, java.lang.Object, java.lang.Object, java.lang.Object, java.lang.Object, java.lang.Obj
Event: 9.177 Thread 0x00000251f289da00 Exception <a 'java/lang/NoSuchMethodError'{0x00000000840cdef0}: 'java.lang.Object java.lang.invoke.DirectMethodHandle$Holder.invokeStatic(java.lang.Object, java.lang.Object, java.lang.Object, java.lang.Object, java.lang.Object, java.lang.Object, java.lang.Object, java.lang.Object, java.lang.Object, java.lang.Object, java.lang.Object, java.lang.Object, java.lang.Object, java.lang.Object, java.lang.Object, java.lang.Object, java.lang.Object, java.lang.Object, java.lang.Object, java.lang.Object, java.lang.Obj

VM Operations (20 events):
Event: 8.370 Executing VM operation: ICBufferFull done
Event: 8.689 Executing VM operation: G1CollectForAllocation
Event: 8.693 Executing VM operation: G1CollectForAllocation done
Event: 8.724 Executing VM operation: CollectForMetadataAllocation
Event: 8.726 Executing VM operation: CollectForMetadataAllocation done
Event: 8.740 Executing VM operation: G1Concurrent
Event: 8.743 Executing VM operation: G1Concurrent done
Event: 8.750 Executing VM operation: G1Concurrent
Event: 8.750 Executing VM operation: G1Concurrent done
Event: 9.073 Executing VM operation: HandshakeAllThreads
Event: 9.073 Executing VM operation: HandshakeAllThreads done
Event: 9.322 Executing VM operation: G1CollectForAllocation
Event: 10.328 Executing VM operation: G1CollectForAllocation done
Event: 10.346 Executing VM operation: G1CollectForAllocation
Event: 10.350 Executing VM operation: G1CollectForAllocation done
Event: 10.369 Executing VM operation: G1CollectForAllocation
Event: 10.370 Executing VM operation: G1CollectForAllocation done
Event: 10.387 Executing VM operation: G1CollectForAllocation
Event: 10.388 Executing VM operation: G1CollectForAllocation done
Event: 10.416 Executing VM operation: G1CollectForAllocation

Events (20 events):
Event: 8.996 loading class java/util/function/IntBinaryOperator
Event: 8.996 loading class java/util/function/IntBinaryOperator done
Event: 9.006 loading class jdk/internal/reflect/UnsafeObjectFieldAccessorImpl
Event: 9.007 loading class jdk/internal/reflect/UnsafeObjectFieldAccessorImpl done
Event: 9.044 loading class java/util/BitSet$1BitSetSpliterator
Event: 9.044 loading class java/util/BitSet$1BitSetSpliterator done
Event: 9.091 loading class java/lang/SafeVarargs
Event: 9.091 loading class java/lang/SafeVarargs done
Event: 9.108 loading class jdk/internal/reflect/UnsafeStaticIntegerFieldAccessorImpl
Event: 9.108 loading class jdk/internal/reflect/UnsafeStaticIntegerFieldAccessorImpl done
Event: 9.131 loading class sun/nio/fs/WindowsException
Event: 9.131 loading class sun/nio/fs/WindowsException done
Event: 9.159 loading class java/util/Collections$SynchronizedRandomAccessList
Event: 9.159 loading class java/util/Collections$SynchronizedList
Event: 9.159 loading class java/util/Collections$SynchronizedList done
Event: 9.159 loading class java/util/Collections$SynchronizedRandomAccessList done
Event: 9.175 loading class java/lang/invoke/BoundMethodHandle$Species_LLLLLLLLLLLLLLLLLLLLLLLLL
Event: 9.175 loading class java/lang/invoke/BoundMethodHandle$Species_LLLLLLLLLLLLLLLLLLLLLLLLL done
Event: 9.177 loading class java/lang/invoke/BoundMethodHandle$Species_LLLLLLLLLLLLLLLLLLLLLLLLLL
Event: 9.177 loading class java/lang/invoke/BoundMethodHandle$Species_LLLLLLLLLLLLLLLLLLLLLLLLLL done


Dynamic libraries:
0x00007ff6701d0000 - 0x00007ff6701e0000 	C:\Program Files\Java\jdk-17\bin\java.exe
0x00007ffb52ca0000 - 0x00007ffb52f07000 	C:\WINDOWS\SYSTEM32\ntdll.dll
0x00007ffb50cf0000 - 0x00007ffb50db9000 	C:\WINDOWS\System32\KERNEL32.DLL
0x00007ffb4fde0000 - 0x00007ffb501d4000 	C:\WINDOWS\System32\KERNELBASE.dll
0x00007ffb50820000 - 0x00007ffb5096b000 	C:\WINDOWS\System32\ucrtbase.dll
0x00007ffb473e0000 - 0x00007ffb473f9000 	C:\Program Files\Java\jdk-17\bin\jli.dll
0x00007ffb3a010000 - 0x00007ffb3a02b000 	C:\Program Files\Java\jdk-17\bin\VCRUNTIME140.dll
0x00007ffb52540000 - 0x00007ffb525f6000 	C:\WINDOWS\System32\ADVAPI32.dll
0x00007ffb52360000 - 0x00007ffb52409000 	C:\WINDOWS\System32\msvcrt.dll
0x00007ffb51530000 - 0x00007ffb515d7000 	C:\WINDOWS\System32\sechost.dll
0x00007ffb52600000 - 0x00007ffb52718000 	C:\WINDOWS\System32\RPCRT4.dll
0x00007ffb520b0000 - 0x00007ffb52275000 	C:\WINDOWS\System32\USER32.dll
0x00007ffb50350000 - 0x00007ffb50377000 	C:\WINDOWS\System32\win32u.dll
0x00007ffb37aa0000 - 0x00007ffb37d33000 	C:\WINDOWS\WinSxS\amd64_microsoft.windows.common-controls_6595b64144ccf1df_6.0.26100.8115_none_3e075c82e3354f9c\COMCTL32.dll
0x00007ffb52410000 - 0x00007ffb5243b000 	C:\WINDOWS\System32\GDI32.dll
0x00007ffb50500000 - 0x00007ffb5062b000 	C:\WINDOWS\System32\gdi32full.dll
0x00007ffb50630000 - 0x00007ffb506d3000 	C:\WINDOWS\System32\msvcp_win.dll
0x00007ffb3ca90000 - 0x00007ffb3ca9b000 	C:\WINDOWS\SYSTEM32\VERSION.dll
0x00007ffb50ba0000 - 0x00007ffb50bd2000 	C:\WINDOWS\System32\IMM32.DLL
0x00007ffb3c8b0000 - 0x00007ffb3c8bc000 	C:\Program Files\Java\jdk-17\bin\vcruntime140_1.dll
0x00007ffb29f60000 - 0x00007ffb29fee000 	C:\Program Files\Java\jdk-17\bin\msvcp140.dll
0x00007ffaf2c80000 - 0x00007ffaf3860000 	C:\Program Files\Java\jdk-17\bin\server\jvm.dll
0x00007ffb51730000 - 0x00007ffb51738000 	C:\WINDOWS\System32\PSAPI.DLL
0x00007ffb43800000 - 0x00007ffb43836000 	C:\WINDOWS\SYSTEM32\WINMM.dll
0x00007ffb28b20000 - 0x00007ffb28b2a000 	C:\WINDOWS\SYSTEM32\WSOCK32.dll
0x00007ffb52440000 - 0x00007ffb524c0000 	C:\WINDOWS\System32\WS2_32.dll
0x00007ffb4e300000 - 0x00007ffb4e31b000 	C:\WINDOWS\SYSTEM32\kernel.appcore.dll
0x00007ffb31190000 - 0x00007ffb3119a000 	C:\Program Files\Java\jdk-17\bin\jimage.dll
0x00007ffb4d520000 - 0x00007ffb4d762000 	C:\WINDOWS\SYSTEM32\DBGHELP.DLL
0x00007ffb51070000 - 0x00007ffb513f2000 	C:\WINDOWS\System32\combase.dll
0x00007ffb52280000 - 0x00007ffb52358000 	C:\WINDOWS\System32\OLEAUT32.dll
0x00007ffb35f30000 - 0x00007ffb35f6b000 	C:\WINDOWS\SYSTEM32\dbgcore.DLL
0x00007ffb50770000 - 0x00007ffb50815000 	C:\WINDOWS\System32\bcryptPrimitives.dll
0x00007ffb31180000 - 0x00007ffb3118e000 	C:\Program Files\Java\jdk-17\bin\instrument.dll
0x00007ffb2bab0000 - 0x00007ffb2bad5000 	C:\Program Files\Java\jdk-17\bin\java.dll
0x00007ffb29e80000 - 0x00007ffb29f57000 	C:\Program Files\Java\jdk-17\bin\jsvml.dll
0x00007ffb51920000 - 0x00007ffb52087000 	C:\WINDOWS\System32\SHELL32.dll
0x00007ffb501e0000 - 0x00007ffb5034a000 	C:\WINDOWS\System32\wintypes.dll
0x00007ffb4f570000 - 0x00007ffb4fdd8000 	C:\WINDOWS\System32\windows.storage.dll
0x00007ffb50f70000 - 0x00007ffb51068000 	C:\WINDOWS\System32\SHCORE.dll
0x00007ffb524d0000 - 0x00007ffb52536000 	C:\WINDOWS\System32\shlwapi.dll
0x00007ffb4f490000 - 0x00007ffb4f4b9000 	C:\WINDOWS\SYSTEM32\profapi.dll
0x00007ffb2f5d0000 - 0x00007ffb2f5e8000 	C:\Program Files\Java\jdk-17\bin\zip.dll
0x00007ffb2b340000 - 0x00007ffb2b359000 	C:\Program Files\Java\jdk-17\bin\net.dll
0x00007ffb46650000 - 0x00007ffb4677d000 	C:\WINDOWS\SYSTEM32\WINHTTP.dll
0x00007ffb4e870000 - 0x00007ffb4e8dc000 	C:\WINDOWS\system32\mswsock.dll
0x00007ffb2b320000 - 0x00007ffb2b336000 	C:\Program Files\Java\jdk-17\bin\nio.dll
0x00007ffb3c9d0000 - 0x00007ffb3c9e0000 	C:\Program Files\Java\jdk-17\bin\verify.dll
0x00007ffb3c8c0000 - 0x00007ffb3c8e7000 	C:\Users\ADVAN\.gradle\native\1def1411415f61bf3af743bc5b6707747c0891f09f0c88961ee8f79bc544acac\windows-amd64\native-platform.dll
0x00007ffb2afb0000 - 0x00007ffb2b028000 	C:\Users\ADVAN\.gradle\native\0.2.7\x86_64-windows-gnu\gradle-fileevents.dll
0x00007ffb3c9c0000 - 0x00007ffb3c9ca000 	C:\Program Files\Java\jdk-17\bin\management.dll
0x00007ffb3c9b0000 - 0x00007ffb3c9bb000 	C:\Program Files\Java\jdk-17\bin\management_ext.dll
0x00007ffb4dd00000 - 0x00007ffb4dd32000 	C:\WINDOWS\SYSTEM32\IPHLPAPI.DLL
0x00007ffb51460000 - 0x00007ffb5146a000 	C:\WINDOWS\System32\NSI.dll
0x00007ffb46c80000 - 0x00007ffb46c9d000 	C:\WINDOWS\SYSTEM32\dhcpcsvc6.DLL
0x00007ffb46a30000 - 0x00007ffb46a55000 	C:\WINDOWS\SYSTEM32\dhcpcsvc.DLL
0x00007ffb4dd90000 - 0x00007ffb4dec2000 	C:\WINDOWS\SYSTEM32\DNSAPI.dll
0x00007ffb4eb50000 - 0x00007ffb4eb6b000 	C:\WINDOWS\SYSTEM32\CRYPTSP.dll
0x00007ffb4e260000 - 0x00007ffb4e299000 	C:\WINDOWS\system32\rsaenh.dll
0x00007ffb4e920000 - 0x00007ffb4e953000 	C:\WINDOWS\SYSTEM32\USERENV.dll
0x00007ffb4f460000 - 0x00007ffb4f48a000 	C:\WINDOWS\SYSTEM32\bcrypt.dll
0x00007ffb4eb70000 - 0x00007ffb4eb7c000 	C:\WINDOWS\SYSTEM32\CRYPTBASE.dll
0x00007ffb3c9a0000 - 0x00007ffb3c9ae000 	C:\Program Files\Java\jdk-17\bin\sunmscapi.dll
0x00007ffb50380000 - 0x00007ffb504f7000 	C:\WINDOWS\System32\CRYPT32.dll
0x00007ffb4ed70000 - 0x00007ffb4eda0000 	C:\WINDOWS\SYSTEM32\ncrypt.dll
0x00007ffb4ed20000 - 0x00007ffb4ed5f000 	C:\WINDOWS\SYSTEM32\NTASN1.dll
0x00007ffb35f70000 - 0x00007ffb35f78000 	C:\WINDOWS\system32\wshunix.dll

dbghelp: loaded successfully - version: 4.0.5 - missing functions: none
symbol engine: initialized successfully - sym options: 0x614 - pdb path: .;C:\Program Files\Java\jdk-17\bin;C:\WINDOWS\SYSTEM32;C:\WINDOWS\WinSxS\amd64_microsoft.windows.common-controls_6595b64144ccf1df_6.0.26100.8115_none_3e075c82e3354f9c;C:\Program Files\Java\jdk-17\bin\server;C:\Users\ADVAN\.gradle\native\1def1411415f61bf3af743bc5b6707747c0891f09f0c88961ee8f79bc544acac\windows-amd64;C:\Users\ADVAN\.gradle\native\0.2.7\x86_64-windows-gnu

VM Arguments:
jvm_args: --add-opens=java.base/java.lang=ALL-UNNAMED --add-opens=java.base/java.lang.invoke=ALL-UNNAMED --add-opens=java.base/java.util=ALL-UNNAMED --add-opens=java.prefs/java.util.prefs=ALL-UNNAMED --add-exports=jdk.compiler/com.sun.tools.javac.api=ALL-UNNAMED --add-exports=jdk.compiler/com.sun.tools.javac.util=ALL-UNNAMED --add-opens=java.base/java.util=ALL-UNNAMED --add-opens=java.prefs/java.util.prefs=ALL-UNNAMED --add-opens=java.base/java.nio.charset=ALL-UNNAMED --add-opens=java.base/java.net=ALL-UNNAMED --add-opens=java.base/java.util.concurrent.atomic=ALL-UNNAMED --add-opens=java.xml/javax.xml.namespace=ALL-UNNAMED -Xmx2048M -Dfile.encoding=UTF-8 -Duser.country=US -Duser.language=en -Duser.variant -javaagent:C:\Users\ADVAN\.gradle\wrapper\dists\gradle-8.14-all\c2qonpi39x1mddn7hk5gh9iqj\gradle-8.14\lib\agents\gradle-instrumentation-agent-8.14.jar 
java_command: org.gradle.launcher.daemon.bootstrap.GradleDaemon 8.14
java_class_path (initial): C:\Users\ADVAN\.gradle\wrapper\dists\gradle-8.14-all\c2qonpi39x1mddn7hk5gh9iqj\gradle-8.14\lib\gradle-daemon-main-8.14.jar
Launcher Type: SUN_STANDARD

[Global flags]
     intx CICompilerCount                          = 4                                         {product} {ergonomic}
     uint ConcGCThreads                            = 3                                         {product} {ergonomic}
     uint G1ConcRefinementThreads                  = 10                                        {product} {ergonomic}
   size_t G1HeapRegionSize                         = 1048576                                   {product} {ergonomic}
    uintx GCDrainStackTargetSize                   = 64                                        {product} {ergonomic}
   size_t InitialHeapSize                          = 130023424                                 {product} {ergonomic}
   size_t MarkStackSize                            = 4194304                                   {product} {ergonomic}
   size_t MaxHeapSize                              = 2147483648                                {product} {command line}
   size_t MaxNewSize                               = 1287651328                                {product} {ergonomic}
   size_t MinHeapDeltaBytes                        = 1048576                                   {product} {ergonomic}
   size_t MinHeapSize                              = 8388608                                   {product} {ergonomic}
    uintx NonNMethodCodeHeapSize                   = 5839372                                {pd product} {ergonomic}
    uintx NonProfiledCodeHeapSize                  = 122909434                              {pd product} {ergonomic}
    uintx ProfiledCodeHeapSize                     = 122909434                              {pd product} {ergonomic}
    uintx ReservedCodeCacheSize                    = 251658240                              {pd product} {ergonomic}
     bool SegmentedCodeCache                       = true                                      {product} {ergonomic}
   size_t SoftMaxHeapSize                          = 2147483648                             {manageable} {ergonomic}
     bool UseCompressedClassPointers               = true                           {product lp64_product} {ergonomic}
     bool UseCompressedOops                        = true                           {product lp64_product} {ergonomic}
     bool UseG1GC                                  = true                                      {product} {ergonomic}
     bool UseLargePagesIndividualAllocation        = false                                  {pd product} {ergonomic}

Logging:
Log output configuration:
 #0: stdout all=warning uptime,level,tags
 #1: stderr all=off uptime,level,tags

Environment Variables:
JAVA_HOME=C:\Program Files\Java\jdk-17
PATH=C:\Users\ADVAN\AppData\Local\Programs\Microsoft VS Code;C:\Program Files\Eclipse Adoptium\jdk-17.0.19.10-hotspot\bin;C:\Python314\Scripts\;C:\Python314\;C:\Program Files\Common Files\Oracle\Java\javapath;C:\WINDOWS\system32;C:\WINDOWS;C:\WINDOWS\System32\Wbem;C:\WINDOWS\System32\WindowsPowerShell\v1.0\;C:\WINDOWS\System32\OpenSSH\;C:\Program Files\Git\cmd;C:\Program Files\dotnet\;C:\flutter\bin;C:\laragon\bin\php\php-8.1.10-Win32-vs16-x64;C:\ProgramData\ComposerSetup\bin;C:\Program Files\MongoDB\Server\8.2\bin;C:\Users\ADVAN\AppData\Local\Android\Sdk\platform-tools;C:\Users\ADVAN\AppData\Local\Android\Sdk\emulator;C:\ProgramData\chocolatey\bin;D:\server\;C:\Program Files\Java\jdk-17\bin;C:\laragon\bin;C:\laragon\bin\apache\httpd-2.4.54-win64-VS16\bin;C:\laragon\bin\composer;C:\laragon\bin\git\bin;C:\laragon\bin\git\cmd;C:\laragon\bin\git\mingw64\bin;C:\laragon\bin\git\usr\bin;C:\laragon\bin\laragon\utils;C:\laragon\bin\mysql\mysql-8.0.30-winx64\bin;C:\laragon\bin\nginx\nginx-1.22.0;C:\laragon\bin\ngrok;C:\laragon\bin\nodejs\node-v18;C:\laragon\bin\notepad++;C:\laragon\bin\php\php-8.5.5;C:\laragon\bin\python\python-3.10;C:\laragon\bin\python\python-3.10\Scripts;C:\laragon\bin\redis\redis-x64-5.0.14.1;C:\laragon\bin\telnet;C:\laragon\bin\yarn\bin;C:\laragon\usr\bin;C:\Users\ADVAN\AppData\Local\Yarn\config\global\node_modules\.bin;C:\Users\ADVAN\AppData\Roaming\Composer\vendor\bin;C:\Users\ADVAN\AppData\Roaming\npm;C:\Users\ADVAN\AppData\Local\Programs\Python\Launcher\;C:\Users\ADVAN\AppData\Local\Microsoft\WindowsApps;C:\Users\ADVAN\AppData\Local\Programs\Microsoft VS Code\bin;C:\laragon\bin\php\php-8.3.30-Win32-vs16-x64;C:\Users\ADVAN\AppData\Local\Programs\Antigravity\bin
USERNAME=ADVAN
OS=Windows_NT
PROCESSOR_IDENTIFIER=Intel64 Family 6 Model 154 Stepping 3, GenuineIntel



---------------  S Y S T E M  ---------------

OS:
 Windows 11 , 64 bit Build 26100 (10.0.26100.8246)
OS uptime: 0 days 2:11 hours

CPU: total 12 (initial active 12) (6 cores per cpu, 2 threads per core) family 6 model 154 stepping 3 microcode 0x432, cx8, cmov, fxsr, ht, mmx, 3dnowpref, sse, sse2, sse3, ssse3, sse4.1, sse4.2, popcnt, lzcnt, tsc, tscinvbit, avx, avx2, aes, erms, clmul, bmi1, bmi2, adx, sha, fma, vzeroupper, clflush, clflushopt, clwb

Memory: 4k page, system-wide physical 7929M (730M free)
TotalPageFile size 15929M (AvailPageFile size 47M)
current process WorkingSet (physical memory assigned to process): 243M, peak: 249M
current process commit charge ("private bytes"): 342M, peak: 579M

vm_info: Java HotSpot(TM) 64-Bit Server VM (17.0.12+8-LTS-286) for windows-amd64 JRE (17.0.12+8-LTS-286), built on Jun  5 2024 06:46:59 by "mach5one" with MS VC++ 17.6 (VS2022)

END.
