#
# There is insufficient memory for the Java Runtime Environment to continue.
# Native memory allocation (malloc) failed to allocate 1415760 bytes for Chunk::new
# Possible reasons:
#   The system is out of physical RAM or swap space
#   The process is running with CompressedOops enabled, and the Java Heap may be blocking the growth of the native heap
# Possible solutions:
#   Reduce memory load on the system
#   Increase physical memory or swap space
#   Check if swap backing store is full
#   Decrease Java heap size (-Xmx/-Xms)
#   Decrease number of Java threads
#   Decrease Java thread stack sizes (-Xss)
#   Set larger code cache with -XX:ReservedCodeCacheSize=
#   JVM is running with Unscaled Compressed Oops mode in which the Java heap is
#     placed in the first 4GB address space. The Java Heap base address is the
#     maximum limit for the native heap growth. Please use -XX:HeapBaseMinAddress
#     to set the Java Heap base and to place the Java Heap above 4GB virtual address.
# This output file may be truncated or incomplete.
#
#  Out of Memory Error (arena.cpp:189), pid=7792, tid=13848
#
# JRE version: Java(TM) SE Runtime Environment (17.0.12+8) (build 17.0.12+8-LTS-286)
# Java VM: Java HotSpot(TM) 64-Bit Server VM (17.0.12+8-LTS-286, mixed mode, sharing, tiered, compressed oops, compressed class ptrs, g1 gc, windows-amd64)
# No core dump will be written. Minidumps are not enabled by default on client versions of Windows
#

---------------  S U M M A R Y ------------

Command Line: --add-opens=java.base/java.lang=ALL-UNNAMED --add-opens=java.base/java.lang.invoke=ALL-UNNAMED --add-opens=java.base/java.util=ALL-UNNAMED --add-opens=java.prefs/java.util.prefs=ALL-UNNAMED --add-exports=jdk.compiler/com.sun.tools.javac.api=ALL-UNNAMED --add-exports=jdk.compiler/com.sun.tools.javac.util=ALL-UNNAMED --add-opens=java.base/java.util=ALL-UNNAMED --add-opens=java.prefs/java.util.prefs=ALL-UNNAMED --add-opens=java.base/java.nio.charset=ALL-UNNAMED --add-opens=java.base/java.net=ALL-UNNAMED --add-opens=java.base/java.util.concurrent.atomic=ALL-UNNAMED --add-opens=java.xml/javax.xml.namespace=ALL-UNNAMED -Xmx2048M -Dfile.encoding=UTF-8 -Duser.country=US -Duser.language=en -Duser.variant -javaagent:C:\Users\ADVAN\.gradle\wrapper\dists\gradle-8.14-all\c2qonpi39x1mddn7hk5gh9iqj\gradle-8.14\lib\agents\gradle-instrumentation-agent-8.14.jar org.gradle.launcher.daemon.bootstrap.GradleDaemon 8.14

Host: 12th Gen Intel(R) Core(TM) i5-12450H, 12 cores, 7G,  Windows 11 , 64 bit Build 26100 (10.0.26100.8246)
Time: Fri May  8 09:50:11 2026 SE Asia Standard Time elapsed time: 10.717840 seconds (0d 0h 0m 10s)

---------------  T H R E A D  ---------------

Current thread (0x000001fed20a04b0):  JavaThread "C2 CompilerThread0" daemon [_thread_in_native, id=13848, stack(0x000000299e200000,0x000000299e300000)]


Current CompileTask:
C2:  10718 5529       4       java.lang.String::split (327 bytes)

Stack: [0x000000299e200000,0x000000299e300000]
Native frames: (J=compiled Java code, j=interpreted, Vv=VM code, C=native code)
V  [jvm.dll+0x67a04a]
V  [jvm.dll+0x7da4ed]
V  [jvm.dll+0x7dbe33]
V  [jvm.dll+0x7dc4a3]
V  [jvm.dll+0x24508f]
V  [jvm.dll+0xab773]
V  [jvm.dll+0xabd3c]
V  [jvm.dll+0x361bee]
V  [jvm.dll+0x32c431]
V  [jvm.dll+0x32b8ca]
V  [jvm.dll+0x21683f]
V  [jvm.dll+0x215c6f]
V  [jvm.dll+0x1a2960]
V  [jvm.dll+0x22610b]
V  [jvm.dll+0x2242ab]
V  [jvm.dll+0x79075c]
V  [jvm.dll+0x78abea]
V  [jvm.dll+0x678f35]
C  [ucrtbase.dll+0x37b0]
C  [KERNEL32.DLL+0x2e8d7]
C  [ntdll.dll+0x8c3fc]


---------------  P R O C E S S  ---------------

Threads class SMR info:
_java_thread_list=0x000001fed2694ea0, length=46, elements={
0x000001feb3a164c0, 0x000001fed208a410, 0x000001fed208ace0, 0x000001fed209dd90,
0x000001fed209e660, 0x000001fed209ef30, 0x000001fed209f800, 0x000001fed20a04b0,
0x000001fed20be260, 0x000001fed20beb70, 0x000001fed22cad50, 0x000001fed23a3e90,
0x000001ff186e9320, 0x000001ff182b3d30, 0x000001ff18bd4cb0, 0x000001ff19121870,
0x000001ff18fc2840, 0x000001ff191d5220, 0x000001ff191d38d0, 0x000001ff191d33c0,
0x000001ff191d4800, 0x000001ff191d3de0, 0x000001ff191d2eb0, 0x000001ff191d2490,
0x000001ff191d42f0, 0x000001ff191d4d10, 0x000001ff191d5730, 0x000001ff1affb740,
0x000001ff1affd090, 0x000001ff1afff400, 0x000001ff1affe4d0, 0x000001ff1affd5a0,
0x000001ff1affcb80, 0x000001ff1affc160, 0x000001ff1afffe20, 0x000001ff1affdfc0,
0x000001ff1b001c80, 0x000001ff1b000d50, 0x000001ff1b001260, 0x000001ff1b002190,
0x000001ff1b001770, 0x000001ff1b0026a0, 0x000001ff1b002bb0, 0x000001ff1bab2ec0,
0x000001ff1bab29b0, 0x000001ff1bab1f90
}

Java Threads: ( => current thread )
  0x000001feb3a164c0 JavaThread "main" [_thread_blocked, id=13288, stack(0x000000299d500000,0x000000299d600000)]
  0x000001fed208a410 JavaThread "Reference Handler" daemon [_thread_blocked, id=19176, stack(0x000000299dc00000,0x000000299dd00000)]
  0x000001fed208ace0 JavaThread "Finalizer" daemon [_thread_blocked, id=10056, stack(0x000000299dd00000,0x000000299de00000)]
  0x000001fed209dd90 JavaThread "Signal Dispatcher" daemon [_thread_blocked, id=15012, stack(0x000000299de00000,0x000000299df00000)]
  0x000001fed209e660 JavaThread "Attach Listener" daemon [_thread_blocked, id=14468, stack(0x000000299df00000,0x000000299e000000)]
  0x000001fed209ef30 JavaThread "Service Thread" daemon [_thread_blocked, id=14652, stack(0x000000299e000000,0x000000299e100000)]
  0x000001fed209f800 JavaThread "Monitor Deflation Thread" daemon [_thread_blocked, id=16436, stack(0x000000299e100000,0x000000299e200000)]
=>0x000001fed20a04b0 JavaThread "C2 CompilerThread0" daemon [_thread_in_native, id=13848, stack(0x000000299e200000,0x000000299e300000)]
  0x000001fed20be260 JavaThread "C1 CompilerThread0" daemon [_thread_in_vm, id=17784, stack(0x000000299e300000,0x000000299e400000)]
  0x000001fed20beb70 JavaThread "Sweeper thread" daemon [_thread_blocked, id=424, stack(0x000000299e400000,0x000000299e500000)]
  0x000001fed22cad50 JavaThread "Common-Cleaner" daemon [_thread_blocked, id=5880, stack(0x000000299e500000,0x000000299e600000)]
  0x000001fed23a3e90 JavaThread "Notification Thread" daemon [_thread_blocked, id=9340, stack(0x000000299e700000,0x000000299e800000)]
  0x000001ff186e9320 JavaThread "Daemon health stats" [_thread_blocked, id=9512, stack(0x000000299ee00000,0x000000299ef00000)]
  0x000001ff182b3d30 JavaThread "Incoming local TCP Connector on port 53254" [_thread_in_native, id=7568, stack(0x000000299ef00000,0x000000299f000000)]
  0x000001ff18bd4cb0 JavaThread "Daemon periodic checks" [_thread_blocked, id=792, stack(0x000000299f000000,0x000000299f100000)]
  0x000001ff19121870 JavaThread "Daemon" [_thread_blocked, id=980, stack(0x000000299f100000,0x000000299f200000)]
  0x000001ff18fc2840 JavaThread "Handler for socket connection from /127.0.0.1:53254 to /127.0.0.1:53255" [_thread_in_native, id=13680, stack(0x000000299f200000,0x000000299f300000)]
  0x000001ff191d5220 JavaThread "Cancel handler" [_thread_blocked, id=11404, stack(0x000000299e600000,0x000000299e700000)]
  0x000001ff191d38d0 JavaThread "Daemon worker" [_thread_in_Java, id=2228, stack(0x000000299f300000,0x000000299f400000)]
  0x000001ff191d33c0 JavaThread "Asynchronous log dispatcher for DefaultDaemonConnection: socket connection from /127.0.0.1:53254 to /127.0.0.1:53255" [_thread_blocked, id=19336, stack(0x000000299f400000,0x000000299f500000)]
  0x000001ff191d4800 JavaThread "Stdin handler" [_thread_blocked, id=9472, stack(0x000000299f500000,0x000000299f600000)]
  0x000001ff191d3de0 JavaThread "Daemon client event forwarder" [_thread_blocked, id=19028, stack(0x000000299f600000,0x000000299f700000)]
  0x000001ff191d2eb0 JavaThread "Cache worker for journal cache (C:\Users\ADVAN\.gradle\caches\journal-1)" [_thread_blocked, id=1732, stack(0x000000299f700000,0x000000299f800000)]
  0x000001ff191d2490 JavaThread "File lock request listener" [_thread_in_native, id=8032, stack(0x000000299f800000,0x000000299f900000)]
  0x000001ff191d42f0 JavaThread "Cache worker for file hash cache (C:\Users\ADVAN\.gradle\caches\8.14\fileHashes)" [_thread_blocked, id=14504, stack(0x000000299f900000,0x000000299fa00000)]
  0x000001ff191d4d10 JavaThread "Cache worker for file hash cache (E:\gizenia\mobile-flutter\android\.gradle\8.14\fileHashes)" [_thread_blocked, id=10956, stack(0x00000029a0000000,0x00000029a0100000)]
  0x000001ff191d5730 JavaThread "Cache worker for Build Output Cleanup Cache (E:\gizenia\mobile-flutter\android\.gradle\buildOutputCleanup)" [_thread_blocked, id=10912, stack(0x00000029a0100000,0x00000029a0200000)]
  0x000001ff1affb740 JavaThread "File watcher server" daemon [_thread_in_native, id=18864, stack(0x00000029a0400000,0x00000029a0500000)]
  0x000001ff1affd090 JavaThread "File watcher consumer" daemon [_thread_blocked, id=17948, stack(0x00000029a0500000,0x00000029a0600000)]
  0x000001ff1afff400 JavaThread "jar transforms" [_thread_blocked, id=9164, stack(0x00000029a0600000,0x00000029a0700000)]
  0x000001ff1affe4d0 JavaThread "jar transforms Thread 2" [_thread_blocked, id=4876, stack(0x00000029a0700000,0x00000029a0800000)]
  0x000001ff1affd5a0 JavaThread "jar transforms Thread 3" [_thread_blocked, id=15060, stack(0x00000029a0800000,0x00000029a0900000)]
  0x000001ff1affcb80 JavaThread "jar transforms Thread 4" [_thread_blocked, id=19384, stack(0x00000029a0900000,0x00000029a0a00000)]
  0x000001ff1affc160 JavaThread "jar transforms Thread 5" [_thread_blocked, id=18828, stack(0x00000029a0a00000,0x00000029a0b00000)]
  0x000001ff1afffe20 JavaThread "Cache worker for checksums cache (E:\gizenia\mobile-flutter\android\.gradle\8.14\checksums)" [_thread_blocked, id=5200, stack(0x00000029a0b00000,0x00000029a0c00000)]
  0x000001ff1affdfc0 JavaThread "Cache worker for file content cache (C:\Users\ADVAN\.gradle\caches\8.14\fileContent)" [_thread_blocked, id=17752, stack(0x00000029a0c00000,0x00000029a0d00000)]
  0x000001ff1b001c80 JavaThread "jar transforms Thread 6" [_thread_blocked, id=11084, stack(0x00000029a0d00000,0x00000029a0e00000)]
  0x000001ff1b000d50 JavaThread "jar transforms Thread 7" [_thread_blocked, id=18200, stack(0x00000029a0e00000,0x00000029a0f00000)]
  0x000001ff1b001260 JavaThread "jar transforms Thread 8" [_thread_blocked, id=6208, stack(0x00000029a0f00000,0x00000029a1000000)]
  0x000001ff1b002190 JavaThread "jar transforms Thread 9" [_thread_blocked, id=2804, stack(0x00000029a1000000,0x00000029a1100000)]
  0x000001ff1b001770 JavaThread "jar transforms Thread 10" [_thread_blocked, id=4628, stack(0x00000029a1100000,0x00000029a1200000)]
  0x000001ff1b0026a0 JavaThread "jar transforms Thread 11" [_thread_blocked, id=12748, stack(0x00000029a1200000,0x00000029a1300000)]
  0x000001ff1b002bb0 JavaThread "jar transforms Thread 12" [_thread_blocked, id=5696, stack(0x00000029a1300000,0x00000029a1400000)]
  0x000001ff1bab2ec0 JavaThread "Cache worker for cache directory md-supplier (C:\Users\ADVAN\.gradle\caches\8.14\md-supplier)" [_thread_blocked, id=3204, stack(0x000000299ff00000,0x00000029a0000000)]
  0x000001ff1bab29b0 JavaThread "Cache worker for cache directory md-rule (C:\Users\ADVAN\.gradle\caches\8.14\md-rule)" [_thread_blocked, id=8592, stack(0x00000029a1400000,0x00000029a1500000)]
  0x000001ff1bab1f90 JavaThread "Cache worker for Build Output Cleanup Cache (C:\flutter\packages\flutter_tools\gradle\.gradle\buildOutputCleanup)" [_thread_blocked, id=12412, stack(0x000000299fe00000,0x000000299ff00000)]

Other Threads:
  0x000001fed2084eb0 VMThread "VM Thread" [stack: 0x000000299db00000,0x000000299dc00000] [id=16036]
  0x000001feb3ada460 WatcherThread [stack: 0x000000299e800000,0x000000299e900000] [id=17744]
  0x000001feb3a74d40 GCTaskThread "GC Thread#0" [stack: 0x000000299d600000,0x000000299d700000] [id=18748]
  0x000001fed2a19400 GCTaskThread "GC Thread#1" [stack: 0x000000299e900000,0x000000299ea00000] [id=10392]
  0x000001fed25ee990 GCTaskThread "GC Thread#2" [stack: 0x000000299ea00000,0x000000299eb00000] [id=2728]
  0x000001ff186addc0 GCTaskThread "GC Thread#3" [stack: 0x000000299eb00000,0x000000299ec00000] [id=9996]
  0x000001fed25274e0 GCTaskThread "GC Thread#4" [stack: 0x000000299ec00000,0x000000299ed00000] [id=6660]
  0x000001fed2c4e240 GCTaskThread "GC Thread#5" [stack: 0x000000299ed00000,0x000000299ee00000] [id=9632]
  0x000001fed2c4dcc0 GCTaskThread "GC Thread#6" [stack: 0x000000299fa00000,0x000000299fb00000] [id=15912]
  0x000001fed2c4df80 GCTaskThread "GC Thread#7" [stack: 0x000000299fb00000,0x000000299fc00000] [id=4132]
  0x000001fed2c4e500 GCTaskThread "GC Thread#8" [stack: 0x000000299fc00000,0x000000299fd00000] [id=17556]
  0x000001fed2c4f580 GCTaskThread "GC Thread#9" [stack: 0x000000299fd00000,0x000000299fe00000] [id=1128]
  0x000001feb3a88890 ConcurrentGCThread "G1 Main Marker" [stack: 0x000000299d700000,0x000000299d800000] [id=4024]
  0x000001feb3a891b0 ConcurrentGCThread "G1 Conc#0" [stack: 0x000000299d800000,0x000000299d900000] [id=17924]
  0x000001fed2c4ea80 ConcurrentGCThread "G1 Conc#1" [stack: 0x00000029a0200000,0x00000029a0300000] [id=8068]
  0x000001fed2c4e7c0 ConcurrentGCThread "G1 Conc#2" [stack: 0x00000029a0300000,0x00000029a0400000] [id=7276]
  0x000001fed1f40a90 ConcurrentGCThread "G1 Refine#0" [stack: 0x000000299d900000,0x000000299da00000] [id=17548]
  0x000001fed1f44190 ConcurrentGCThread "G1 Service" [stack: 0x000000299da00000,0x000000299db00000] [id=13580]

Threads with active compile tasks:
C2 CompilerThread0    10854 5529       4       java.lang.String::split (327 bytes)

VM state: not at safepoint (normal execution)

VM Mutex/Monitor currently owned by a thread: None

Heap address: 0x0000000080000000, size: 2048 MB, Compressed Oops mode: 32-bit

CDS archive(s) mapped at: [0x000001fed3000000-0x000001fed3bd0000-0x000001fed3bd0000), size 12386304, SharedBaseAddress: 0x000001fed3000000, ArchiveRelocationMode: 1.
Compressed class space mapped at: 0x000001fed4000000-0x000001ff14000000, reserved size: 1073741824
Narrow klass base: 0x000001fed3000000, Narrow klass shift: 0, Narrow klass range: 0x100000000

GC Precious Log:
 CPUs: 12 total, 12 available
 Memory: 7929M
 Large Page Support: Disabled
 NUMA Support: Disabled
 Compressed Oops: Enabled (32-bit)
 Heap Region Size: 1M
 Heap Min Capacity: 8M
 Heap Initial Capacity: 124M
 Heap Max Capacity: 2G
 Pre-touch: Disabled
 Parallel Workers: 10
 Concurrent Workers: 3
 Concurrent Refinement Workers: 10
 Periodic GC: Disabled

Heap:
 garbage-first heap   total 103424K, used 56949K [0x0000000080000000, 0x0000000100000000)
  region size 1024K, 20 young (20480K), 4 survivors (4096K)
 Metaspace       used 49086K, committed 49728K, reserved 1114112K
  class space    used 6857K, committed 7168K, reserved 1048576K

Heap Regions: E=young(eden), S=young(survivor), O=old, HS=humongous(starts), HC=humongous(continues), CS=collection set, F=free, OA=open archive, CA=closed archive, TAMS=top-at-mark-start (previous, next)
|   0|0x0000000080000000, 0x0000000080100000, 0x0000000080100000|100%|HS|  |TAMS 0x0000000080100000, 0x0000000080000000| Complete 
|   1|0x0000000080100000, 0x0000000080200000, 0x0000000080200000|100%|HC|  |TAMS 0x0000000080200000, 0x0000000080100000| Complete 
|   2|0x0000000080200000, 0x0000000080300000, 0x0000000080300000|100%|HC|  |TAMS 0x0000000080300000, 0x0000000080200000| Complete 
|   3|0x0000000080300000, 0x0000000080400000, 0x0000000080400000|100%| O|  |TAMS 0x0000000080300000, 0x0000000080300000| Untracked 
|   4|0x0000000080400000, 0x0000000080500000, 0x0000000080500000|100%| O|  |TAMS 0x0000000080500000, 0x0000000080400000| Untracked 
|   5|0x0000000080500000, 0x0000000080600000, 0x0000000080600000|100%| O|  |TAMS 0x0000000080600000, 0x0000000080500000| Untracked 
|   6|0x0000000080600000, 0x0000000080700000, 0x0000000080700000|100%|HS|  |TAMS 0x0000000080700000, 0x0000000080600000| Complete 
|   7|0x0000000080700000, 0x0000000080800000, 0x0000000080800000|100%| O|  |TAMS 0x0000000080800000, 0x0000000080700000| Untracked 
|   8|0x0000000080800000, 0x0000000080900000, 0x0000000080900000|100%| O|  |TAMS 0x0000000080900000, 0x0000000080800000| Untracked 
|   9|0x0000000080900000, 0x0000000080a00000, 0x0000000080a00000|100%| O|  |TAMS 0x0000000080a00000, 0x0000000080900000| Untracked 
|  10|0x0000000080a00000, 0x0000000080b00000, 0x0000000080b00000|100%| O|  |TAMS 0x0000000080b00000, 0x0000000080a00000| Untracked 
|  11|0x0000000080b00000, 0x0000000080c00000, 0x0000000080c00000|100%| O|  |TAMS 0x0000000080c00000, 0x0000000080b00000| Untracked 
|  12|0x0000000080c00000, 0x0000000080d00000, 0x0000000080d00000|100%| O|  |TAMS 0x0000000080d00000, 0x0000000080c00000| Untracked 
|  13|0x0000000080d00000, 0x0000000080e00000, 0x0000000080e00000|100%| O|  |TAMS 0x0000000080e00000, 0x0000000080d00000| Untracked 
|  14|0x0000000080e00000, 0x0000000080f00000, 0x0000000080f00000|100%| O|  |TAMS 0x0000000080f00000, 0x0000000080e00000| Untracked 
|  15|0x0000000080f00000, 0x0000000081000000, 0x0000000081000000|100%| O|  |TAMS 0x0000000081000000, 0x0000000080f00000| Untracked 
|  16|0x0000000081000000, 0x0000000081100000, 0x0000000081100000|100%| O|  |TAMS 0x0000000081100000, 0x0000000081000000| Untracked 
|  17|0x0000000081100000, 0x0000000081200000, 0x0000000081200000|100%| O|  |TAMS 0x0000000081200000, 0x0000000081100000| Untracked 
|  18|0x0000000081200000, 0x0000000081300000, 0x0000000081300000|100%| O|  |TAMS 0x0000000081300000, 0x0000000081200000| Untracked 
|  19|0x0000000081300000, 0x0000000081400000, 0x0000000081400000|100%| O|  |TAMS 0x0000000081400000, 0x0000000081300000| Untracked 
|  20|0x0000000081400000, 0x00000000814f0800, 0x0000000081500000| 93%| O|  |TAMS 0x00000000814f0800, 0x0000000081400000| Untracked 
|  21|0x0000000081500000, 0x0000000081600000, 0x0000000081600000|100%| O|  |TAMS 0x0000000081600000, 0x0000000081500000| Untracked 
|  22|0x0000000081600000, 0x0000000081700000, 0x0000000081700000|100%| O|  |TAMS 0x0000000081600000, 0x0000000081600000| Untracked 
|  23|0x0000000081700000, 0x0000000081800000, 0x0000000081800000|100%| O|  |TAMS 0x0000000081800000, 0x0000000081700000| Untracked 
|  24|0x0000000081800000, 0x0000000081900000, 0x0000000081900000|100%| O|  |TAMS 0x0000000081900000, 0x0000000081800000| Untracked 
|  25|0x0000000081900000, 0x0000000081a00000, 0x0000000081a00000|100%| O|  |TAMS 0x0000000081a00000, 0x0000000081900000| Untracked 
|  26|0x0000000081a00000, 0x0000000081b00000, 0x0000000081b00000|100%| O|  |TAMS 0x0000000081b00000, 0x0000000081a00000| Untracked 
|  27|0x0000000081b00000, 0x0000000081c00000, 0x0000000081c00000|100%| O|  |TAMS 0x0000000081b64600, 0x0000000081b00000| Untracked 
|  28|0x0000000081c00000, 0x0000000081d00000, 0x0000000081d00000|100%| O|  |TAMS 0x0000000081c00000, 0x0000000081c00000| Untracked 
|  29|0x0000000081d00000, 0x0000000081e00000, 0x0000000081e00000|100%| O|  |TAMS 0x0000000081d00000, 0x0000000081d00000| Untracked 
|  30|0x0000000081e00000, 0x0000000081f00000, 0x0000000081f00000|100%| O|  |TAMS 0x0000000081e00000, 0x0000000081e00000| Untracked 
|  31|0x0000000081f00000, 0x0000000082000000, 0x0000000082000000|100%| O|  |TAMS 0x0000000081f00000, 0x0000000081f00000| Untracked 
|  32|0x0000000082000000, 0x0000000082100000, 0x0000000082100000|100%| O|  |TAMS 0x0000000082000000, 0x0000000082000000| Untracked 
|  33|0x0000000082100000, 0x0000000082200000, 0x0000000082200000|100%| O|  |TAMS 0x0000000082100000, 0x0000000082100000| Untracked 
|  34|0x0000000082200000, 0x0000000082300000, 0x0000000082300000|100%| O|  |TAMS 0x0000000082200000, 0x0000000082200000| Untracked 
|  35|0x0000000082300000, 0x0000000082400000, 0x0000000082400000|100%| O|  |TAMS 0x0000000082300000, 0x0000000082300000| Untracked 
|  36|0x0000000082400000, 0x00000000824c6c00, 0x0000000082500000| 77%| O|  |TAMS 0x0000000082400000, 0x0000000082400000| Untracked 
|  37|0x0000000082500000, 0x0000000082500000, 0x0000000082600000|  0%| F|  |TAMS 0x0000000082500000, 0x0000000082500000| Untracked 
|  38|0x0000000082600000, 0x0000000082600000, 0x0000000082700000|  0%| F|  |TAMS 0x0000000082600000, 0x0000000082600000| Untracked 
|  39|0x0000000082700000, 0x0000000082700000, 0x0000000082800000|  0%| F|  |TAMS 0x0000000082700000, 0x0000000082700000| Untracked 
|  40|0x0000000082800000, 0x0000000082800000, 0x0000000082900000|  0%| F|  |TAMS 0x0000000082800000, 0x0000000082800000| Untracked 
|  41|0x0000000082900000, 0x0000000082900000, 0x0000000082a00000|  0%| F|  |TAMS 0x0000000082900000, 0x0000000082900000| Untracked 
|  42|0x0000000082a00000, 0x0000000082a00000, 0x0000000082b00000|  0%| F|  |TAMS 0x0000000082a00000, 0x0000000082a00000| Untracked 
|  43|0x0000000082b00000, 0x0000000082b00000, 0x0000000082c00000|  0%| F|  |TAMS 0x0000000082b00000, 0x0000000082b00000| Untracked 
|  44|0x0000000082c00000, 0x0000000082c00000, 0x0000000082d00000|  0%| F|  |TAMS 0x0000000082c00000, 0x0000000082c00000| Untracked 
|  45|0x0000000082d00000, 0x0000000082d00000, 0x0000000082e00000|  0%| F|  |TAMS 0x0000000082d00000, 0x0000000082d00000| Untracked 
|  46|0x0000000082e00000, 0x0000000082e00000, 0x0000000082f00000|  0%| F|  |TAMS 0x0000000082e00000, 0x0000000082e00000| Untracked 
|  47|0x0000000082f00000, 0x0000000082f00000, 0x0000000083000000|  0%| F|  |TAMS 0x0000000082f00000, 0x0000000082f00000| Untracked 
|  48|0x0000000083000000, 0x0000000083000000, 0x0000000083100000|  0%| F|  |TAMS 0x0000000083000000, 0x0000000083000000| Untracked 
|  49|0x0000000083100000, 0x0000000083100000, 0x0000000083200000|  0%| F|  |TAMS 0x0000000083100000, 0x0000000083100000| Untracked 
|  50|0x0000000083200000, 0x0000000083200000, 0x0000000083300000|  0%| F|  |TAMS 0x0000000083200000, 0x0000000083200000| Untracked 
|  51|0x0000000083300000, 0x0000000083300000, 0x0000000083400000|  0%| F|  |TAMS 0x0000000083300000, 0x0000000083300000| Untracked 
|  52|0x0000000083400000, 0x00000000834e6370, 0x0000000083500000| 89%| S|CS|TAMS 0x0000000083400000, 0x0000000083400000| Complete 
|  53|0x0000000083500000, 0x0000000083500000, 0x0000000083600000|  0%| F|  |TAMS 0x0000000083500000, 0x0000000083500000| Untracked 
|  54|0x0000000083600000, 0x0000000083600000, 0x0000000083700000|  0%| F|  |TAMS 0x0000000083600000, 0x0000000083600000| Untracked 
|  55|0x0000000083700000, 0x0000000083800000, 0x0000000083800000|100%| S|CS|TAMS 0x0000000083700000, 0x0000000083700000| Complete 
|  56|0x0000000083800000, 0x0000000083900000, 0x0000000083900000|100%| S|CS|TAMS 0x0000000083800000, 0x0000000083800000| Complete 
|  57|0x0000000083900000, 0x0000000083a00000, 0x0000000083a00000|100%| S|CS|TAMS 0x0000000083900000, 0x0000000083900000| Complete 
|  58|0x0000000083a00000, 0x0000000083a00000, 0x0000000083b00000|  0%| F|  |TAMS 0x0000000083a00000, 0x0000000083a00000| Untracked 
|  59|0x0000000083b00000, 0x0000000083b00000, 0x0000000083c00000|  0%| F|  |TAMS 0x0000000083b00000, 0x0000000083b00000| Untracked 
|  60|0x0000000083c00000, 0x0000000083c00000, 0x0000000083d00000|  0%| F|  |TAMS 0x0000000083c00000, 0x0000000083c00000| Untracked 
|  61|0x0000000083d00000, 0x0000000083d00000, 0x0000000083e00000|  0%| F|  |TAMS 0x0000000083d00000, 0x0000000083d00000| Untracked 
|  62|0x0000000083e00000, 0x0000000083e00000, 0x0000000083f00000|  0%| F|  |TAMS 0x0000000083e00000, 0x0000000083e00000| Untracked 
|  63|0x0000000083f00000, 0x0000000083f00000, 0x0000000084000000|  0%| F|  |TAMS 0x0000000083f00000, 0x0000000083f00000| Untracked 
|  64|0x0000000084000000, 0x0000000084000000, 0x0000000084100000|  0%| F|  |TAMS 0x0000000084000000, 0x0000000084000000| Untracked 
|  65|0x0000000084100000, 0x0000000084100000, 0x0000000084200000|  0%| F|  |TAMS 0x0000000084100000, 0x0000000084100000| Untracked 
|  66|0x0000000084200000, 0x0000000084200000, 0x0000000084300000|  0%| F|  |TAMS 0x0000000084200000, 0x0000000084200000| Untracked 
|  67|0x0000000084300000, 0x0000000084300000, 0x0000000084400000|  0%| F|  |TAMS 0x0000000084300000, 0x0000000084300000| Untracked 
|  68|0x0000000084400000, 0x0000000084400000, 0x0000000084500000|  0%| F|  |TAMS 0x0000000084400000, 0x0000000084400000| Untracked 
|  69|0x0000000084500000, 0x0000000084500000, 0x0000000084600000|  0%| F|  |TAMS 0x0000000084500000, 0x0000000084500000| Untracked 
|  70|0x0000000084600000, 0x0000000084600000, 0x0000000084700000|  0%| F|  |TAMS 0x0000000084600000, 0x0000000084600000| Untracked 
|  71|0x0000000084700000, 0x0000000084700000, 0x0000000084800000|  0%| F|  |TAMS 0x0000000084700000, 0x0000000084700000| Untracked 
|  72|0x0000000084800000, 0x0000000084800000, 0x0000000084900000|  0%| F|  |TAMS 0x0000000084800000, 0x0000000084800000| Untracked 
|  73|0x0000000084900000, 0x0000000084900000, 0x0000000084a00000|  0%| F|  |TAMS 0x0000000084900000, 0x0000000084900000| Untracked 
|  74|0x0000000084a00000, 0x0000000084a00000, 0x0000000084b00000|  0%| F|  |TAMS 0x0000000084a00000, 0x0000000084a00000| Untracked 
|  75|0x0000000084b00000, 0x0000000084b00000, 0x0000000084c00000|  0%| F|  |TAMS 0x0000000084b00000, 0x0000000084b00000| Untracked 
|  76|0x0000000084c00000, 0x0000000084c00000, 0x0000000084d00000|  0%| F|  |TAMS 0x0000000084c00000, 0x0000000084c00000| Untracked 
|  77|0x0000000084d00000, 0x0000000084d00000, 0x0000000084e00000|  0%| F|  |TAMS 0x0000000084d00000, 0x0000000084d00000| Untracked 
|  78|0x0000000084e00000, 0x0000000084e00000, 0x0000000084f00000|  0%| F|  |TAMS 0x0000000084e00000, 0x0000000084e00000| Untracked 
|  79|0x0000000084f00000, 0x0000000084f00000, 0x0000000085000000|  0%| F|  |TAMS 0x0000000084f00000, 0x0000000084f00000| Untracked 
|  80|0x0000000085000000, 0x0000000085000000, 0x0000000085100000|  0%| F|  |TAMS 0x0000000085000000, 0x0000000085000000| Untracked 
|  81|0x0000000085100000, 0x0000000085100000, 0x0000000085200000|  0%| F|  |TAMS 0x0000000085100000, 0x0000000085100000| Untracked 
|  82|0x0000000085200000, 0x0000000085200000, 0x0000000085300000|  0%| F|  |TAMS 0x0000000085200000, 0x0000000085200000| Untracked 
|  83|0x0000000085300000, 0x0000000085300000, 0x0000000085400000|  0%| F|  |TAMS 0x0000000085300000, 0x0000000085300000| Untracked 
|  84|0x0000000085400000, 0x0000000085480800, 0x0000000085500000| 50%| E|  |TAMS 0x0000000085400000, 0x0000000085400000| Complete 
|  85|0x0000000085500000, 0x0000000085600000, 0x0000000085600000|100%| E|CS|TAMS 0x0000000085500000, 0x0000000085500000| Complete 
|  86|0x0000000085600000, 0x0000000085700000, 0x0000000085700000|100%| E|CS|TAMS 0x0000000085600000, 0x0000000085600000| Complete 
|  87|0x0000000085700000, 0x0000000085800000, 0x0000000085800000|100%| E|CS|TAMS 0x0000000085700000, 0x0000000085700000| Complete 
|  88|0x0000000085800000, 0x0000000085900000, 0x0000000085900000|100%| E|CS|TAMS 0x0000000085800000, 0x0000000085800000| Complete 
|  89|0x0000000085900000, 0x0000000085a00000, 0x0000000085a00000|100%| E|CS|TAMS 0x0000000085900000, 0x0000000085900000| Complete 
|  90|0x0000000085a00000, 0x0000000085b00000, 0x0000000085b00000|100%| E|CS|TAMS 0x0000000085a00000, 0x0000000085a00000| Complete 
|  91|0x0000000085b00000, 0x0000000085c00000, 0x0000000085c00000|100%| E|CS|TAMS 0x0000000085b00000, 0x0000000085b00000| Complete 
|  92|0x0000000085c00000, 0x0000000085d00000, 0x0000000085d00000|100%| E|CS|TAMS 0x0000000085c00000, 0x0000000085c00000| Complete 
|  93|0x0000000085d00000, 0x0000000085e00000, 0x0000000085e00000|100%| E|CS|TAMS 0x0000000085d00000, 0x0000000085d00000| Complete 
|  94|0x0000000085e00000, 0x0000000085f00000, 0x0000000085f00000|100%| E|CS|TAMS 0x0000000085e00000, 0x0000000085e00000| Complete 
|  95|0x0000000085f00000, 0x0000000086000000, 0x0000000086000000|100%| E|CS|TAMS 0x0000000085f00000, 0x0000000085f00000| Complete 
|  96|0x0000000086000000, 0x0000000086100000, 0x0000000086100000|100%| E|CS|TAMS 0x0000000086000000, 0x0000000086000000| Complete 
|  97|0x0000000086100000, 0x0000000086200000, 0x0000000086200000|100%| E|CS|TAMS 0x0000000086100000, 0x0000000086100000| Complete 
|  98|0x0000000086200000, 0x0000000086300000, 0x0000000086300000|100%| E|CS|TAMS 0x0000000086200000, 0x0000000086200000| Complete 
|  99|0x0000000086300000, 0x0000000086400000, 0x0000000086400000|100%| E|CS|TAMS 0x0000000086300000, 0x0000000086300000| Complete 
| 123|0x0000000087b00000, 0x0000000087c00000, 0x0000000087c00000|100%| E|CS|TAMS 0x0000000087b00000, 0x0000000087b00000| Complete 

Card table byte_map: [0x000001fecac40000,0x000001fecb040000] _byte_map_base: 0x000001feca840000

Marking Bits (Prev, Next): (CMBitMap*) 0x000001feb3a75270, (CMBitMap*) 0x000001feb3a752b0
 Prev Bits: [0x000001fecb440000, 0x000001fecd440000)
 Next Bits: [0x000001fecd440000, 0x000001fecf440000)

Polling page: 0x000001feb1930000

Metaspace:

Usage:
  Non-class:     41.25 MB used.
      Class:      6.70 MB used.
       Both:     47.94 MB used.

Virtual space:
  Non-class space:       64.00 MB reserved,      41.56 MB ( 65%) committed,  1 nodes.
      Class space:        1.00 GB reserved,       7.00 MB ( <1%) committed,  1 nodes.
             Both:        1.06 GB reserved,      48.56 MB (  4%) committed. 

Chunk freelists:
   Non-Class:  6.09 MB
       Class:  8.97 MB
        Both:  15.06 MB

MaxMetaspaceSize: unlimited
CompressedClassSpaceSize: 1.00 GB
Initial GC threshold: 21.00 MB
Current GC threshold: 58.75 MB
CDS: on
MetaspaceReclaimPolicy: balanced
 - commit_granule_bytes: 65536.
 - commit_granule_words: 8192.
 - virtual_space_node_default_size: 8388608.
 - enlarge_chunks_in_place: 1.
 - new_chunks_are_fully_committed: 0.
 - uncommit_free_chunks: 1.
 - use_allocation_guard: 0.
 - handle_deallocations: 1.


Internal statistics:

num_allocs_failed_limit: 6.
num_arena_births: 754.
num_arena_deaths: 0.
num_vsnodes_births: 2.
num_vsnodes_deaths: 0.
num_space_committed: 777.
num_space_uncommitted: 0.
num_chunks_returned_to_freelist: 6.
num_chunks_taken_from_freelist: 2759.
num_chunk_merges: 6.
num_chunk_splits: 1779.
num_chunks_enlarged: 1156.
num_inconsistent_stats: 0.

CodeHeap 'non-profiled nmethods': size=120000Kb used=2959Kb max_used=3046Kb free=117040Kb
 bounds [0x000001fec2da0000, 0x000001fec30b0000, 0x000001feca2d0000]
CodeHeap 'profiled nmethods': size=120000Kb used=9819Kb max_used=9819Kb free=110180Kb
 bounds [0x000001febb2d0000, 0x000001febbc70000, 0x000001fec2800000]
CodeHeap 'non-nmethods': size=5760Kb used=2331Kb max_used=2383Kb free=3428Kb
 bounds [0x000001fec2800000, 0x000001fec2a70000, 0x000001fec2da0000]
 total_blobs=5647 nmethods=4797 adapters=762
 compilation: enabled
              stopped_count=0, restarted_count=0
 full_count=0

Compilation events (20 events):
Event: 9.681 Thread 0x000001fed20be260 5541       3       com.google.common.collect.Iterables::castOrCopyToCollection (24 bytes)
Event: 9.682 Thread 0x000001fed20be260 nmethod 5541 0x000001febbc61810 code [0x000001febbc61a20, 0x000001febbc62198]
Event: 9.682 Thread 0x000001fed20be260 5542       3       java.util.LinkedHashMap::entrySet (27 bytes)
Event: 9.682 Thread 0x000001fed20be260 nmethod 5542 0x000001febbc62390 code [0x000001febbc62560, 0x000001febbc62978]
Event: 9.682 Thread 0x000001fed20be260 5543       3       java.util.LinkedHashMap$LinkedEntrySet::iterator (12 bytes)
Event: 9.682 Thread 0x000001fed20be260 nmethod 5543 0x000001febbc62b10 code [0x000001febbc62cc0, 0x000001febbc63078]
Event: 9.687 Thread 0x000001fed20be260 5544       3       java.util.AbstractCollection::toArray (70 bytes)
Event: 9.688 Thread 0x000001fed20be260 nmethod 5544 0x000001febbc63190 code [0x000001febbc633e0, 0x000001febbc63da8]
Event: 9.688 Thread 0x000001fed20be260 5545       3       org.gradle.api.attributes.Attribute::equals (57 bytes)
Event: 9.688 Thread 0x000001fed20be260 nmethod 5545 0x000001febbc64010 code [0x000001febbc64200, 0x000001febbc64788]
Event: 9.689 Thread 0x000001fed20be260 5546       3       com.google.common.base.Preconditions::checkNotNull (18 bytes)
Event: 9.689 Thread 0x000001fed20be260 nmethod 5546 0x000001febbc64910 code [0x000001febbc64ae0, 0x000001febbc64eb8]
Event: 9.690 Thread 0x000001fed20be260 5547       3       com.google.common.collect.AbstractIterator::hasNext (61 bytes)
Event: 9.690 Thread 0x000001fed20be260 nmethod 5547 0x000001febbc65010 code [0x000001febbc651e0, 0x000001febbc655d8]
Event: 9.690 Thread 0x000001fed20be260 5548       1       org.gradle.api.internal.attributes.DefaultImmutableAttributesContainer::hashCode (5 bytes)
Event: 9.690 Thread 0x000001fed20be260 nmethod 5548 0x000001fec2ebf090 code [0x000001fec2ebf220, 0x000001fec2ebf2f8]
Event: 9.690 Thread 0x000001fed20be260 5549       3       org.gradle.internal.snapshot.impl.AbstractIsolatableScalarValue::<init> (6 bytes)
Event: 9.691 Thread 0x000001fed20be260 nmethod 5549 0x000001febbc65710 code [0x000001febbc658c0, 0x000001febbc65ad8]
Event: 9.691 Thread 0x000001fed20be260 5550       1       org.gradle.api.attributes.Attribute::getType (5 bytes)
Event: 9.691 Thread 0x000001fed20be260 nmethod 5550 0x000001fec2ebed90 code [0x000001fec2ebef20, 0x000001fec2ebeff8]

GC Heap History (20 events):
Event: 3.211 GC heap before
{Heap before GC invocations=4 (full 0):
 garbage-first heap   total 126976K, used 53600K [0x0000000080000000, 0x0000000100000000)
  region size 1024K, 42 young (43008K), 10 survivors (10240K)
 Metaspace       used 21101K, committed 21504K, reserved 1114112K
  class space    used 3081K, committed 3264K, reserved 1048576K
}
Event: 3.218 GC heap after
{Heap after GC invocations=5 (full 0):
 garbage-first heap   total 126976K, used 24159K [0x0000000080000000, 0x0000000100000000)
  region size 1024K, 3 young (3072K), 3 survivors (3072K)
 Metaspace       used 21101K, committed 21504K, reserved 1114112K
  class space    used 3081K, committed 3264K, reserved 1048576K
}
Event: 3.909 GC heap before
{Heap before GC invocations=6 (full 0):
 garbage-first heap   total 86016K, used 71263K [0x0000000080000000, 0x0000000100000000)
  region size 1024K, 50 young (51200K), 3 survivors (3072K)
 Metaspace       used 26987K, committed 27392K, reserved 1114112K
  class space    used 3941K, committed 4160K, reserved 1048576K
}
Event: 3.914 GC heap after
{Heap after GC invocations=7 (full 0):
 garbage-first heap   total 103424K, used 27285K [0x0000000080000000, 0x0000000100000000)
  region size 1024K, 6 young (6144K), 6 survivors (6144K)
 Metaspace       used 26987K, committed 27392K, reserved 1114112K
  class space    used 3941K, committed 4160K, reserved 1048576K
}
Event: 3.938 GC heap before
{Heap before GC invocations=7 (full 0):
 garbage-first heap   total 103424K, used 28309K [0x0000000080000000, 0x0000000100000000)
  region size 1024K, 7 young (7168K), 6 survivors (6144K)
 Metaspace       used 27135K, committed 27520K, reserved 1114112K
  class space    used 3967K, committed 4160K, reserved 1048576K
}
Event: 3.942 GC heap after
{Heap after GC invocations=8 (full 0):
 garbage-first heap   total 103424K, used 27522K [0x0000000080000000, 0x0000000100000000)
  region size 1024K, 1 young (1024K), 1 survivors (1024K)
 Metaspace       used 27135K, committed 27520K, reserved 1114112K
  class space    used 3967K, committed 4160K, reserved 1048576K
}
Event: 4.653 GC heap before
{Heap before GC invocations=8 (full 0):
 garbage-first heap   total 103424K, used 75650K [0x0000000080000000, 0x0000000100000000)
  region size 1024K, 49 young (50176K), 1 survivors (1024K)
 Metaspace       used 33667K, committed 34112K, reserved 1114112K
  class space    used 4727K, committed 4928K, reserved 1048576K
}
Event: 4.656 GC heap after
{Heap after GC invocations=9 (full 0):
 garbage-first heap   total 103424K, used 32555K [0x0000000080000000, 0x0000000100000000)
  region size 1024K, 6 young (6144K), 6 survivors (6144K)
 Metaspace       used 33667K, committed 34112K, reserved 1114112K
  class space    used 4727K, committed 4928K, reserved 1048576K
}
Event: 4.970 GC heap before
{Heap before GC invocations=9 (full 0):
 garbage-first heap   total 103424K, used 57131K [0x0000000080000000, 0x0000000100000000)
  region size 1024K, 27 young (27648K), 6 survivors (6144K)
 Metaspace       used 35599K, committed 35968K, reserved 1114112K
  class space    used 4900K, committed 5056K, reserved 1048576K
}
Event: 4.974 GC heap after
{Heap after GC invocations=10 (full 0):
 garbage-first heap   total 103424K, used 33895K [0x0000000080000000, 0x0000000100000000)
  region size 1024K, 3 young (3072K), 3 survivors (3072K)
 Metaspace       used 35599K, committed 35968K, reserved 1114112K
  class space    used 4900K, committed 5056K, reserved 1048576K
}
Event: 5.532 GC heap before
{Heap before GC invocations=11 (full 0):
 garbage-first heap   total 103424K, used 77927K [0x0000000080000000, 0x0000000100000000)
  region size 1024K, 45 young (46080K), 3 survivors (3072K)
 Metaspace       used 38687K, committed 39232K, reserved 1114112K
  class space    used 5218K, committed 5504K, reserved 1048576K
}
Event: 5.535 GC heap after
{Heap after GC invocations=12 (full 0):
 garbage-first heap   total 103424K, used 36017K [0x0000000080000000, 0x0000000100000000)
  region size 1024K, 5 young (5120K), 5 survivors (5120K)
 Metaspace       used 38687K, committed 39232K, reserved 1114112K
  class space    used 5218K, committed 5504K, reserved 1048576K
}
Event: 5.537 GC heap before
{Heap before GC invocations=12 (full 0):
 garbage-first heap   total 103424K, used 37041K [0x0000000080000000, 0x0000000100000000)
  region size 1024K, 6 young (6144K), 5 survivors (5120K)
 Metaspace       used 38687K, committed 39232K, reserved 1114112K
  class space    used 5218K, committed 5504K, reserved 1048576K
}
Event: 5.540 GC heap after
{Heap after GC invocations=13 (full 0):
 garbage-first heap   total 103424K, used 36109K [0x0000000080000000, 0x0000000100000000)
  region size 1024K, 1 young (1024K), 1 survivors (1024K)
 Metaspace       used 38687K, committed 39232K, reserved 1114112K
  class space    used 5218K, committed 5504K, reserved 1048576K
}
Event: 6.635 GC heap before
{Heap before GC invocations=13 (full 0):
 garbage-first heap   total 103424K, used 79117K [0x0000000080000000, 0x0000000100000000)
  region size 1024K, 43 young (44032K), 1 survivors (1024K)
 Metaspace       used 42514K, committed 43200K, reserved 1114112K
  class space    used 5820K, committed 6144K, reserved 1048576K
}
Event: 6.637 GC heap after
{Heap after GC invocations=14 (full 0):
 garbage-first heap   total 103424K, used 37709K [0x0000000080000000, 0x0000000100000000)
  region size 1024K, 3 young (3072K), 3 survivors (3072K)
 Metaspace       used 42514K, committed 43200K, reserved 1114112K
  class space    used 5820K, committed 6144K, reserved 1048576K
}
Event: 8.029 GC heap before
{Heap before GC invocations=14 (full 0):
 garbage-first heap   total 103424K, used 79693K [0x0000000080000000, 0x0000000100000000)
  region size 1024K, 44 young (45056K), 3 survivors (3072K)
 Metaspace       used 44380K, committed 44928K, reserved 1114112K
  class space    used 6123K, committed 6400K, reserved 1048576K
}
Event: 8.037 GC heap after
{Heap after GC invocations=15 (full 0):
 garbage-first heap   total 103424K, used 39357K [0x0000000080000000, 0x0000000100000000)
  region size 1024K, 4 young (4096K), 4 survivors (4096K)
 Metaspace       used 44380K, committed 44928K, reserved 1114112K
  class space    used 6123K, committed 6400K, reserved 1048576K
}
Event: 9.272 GC heap before
{Heap before GC invocations=15 (full 0):
 garbage-first heap   total 103424K, used 81341K [0x0000000080000000, 0x0000000100000000)
  region size 1024K, 45 young (46080K), 4 survivors (4096K)
 Metaspace       used 47525K, committed 48128K, reserved 1114112K
  class space    used 6639K, committed 6912K, reserved 1048576K
}
Event: 9.280 GC heap after
{Heap after GC invocations=16 (full 0):
 garbage-first heap   total 103424K, used 41589K [0x0000000080000000, 0x0000000100000000)
  region size 1024K, 4 young (4096K), 4 survivors (4096K)
 Metaspace       used 47525K, committed 48128K, reserved 1114112K
  class space    used 6639K, committed 6912K, reserved 1048576K
}

Deoptimization events (20 events):
Event: 8.562 Thread 0x000001ff191d38d0 DEOPT PACKING pc=0x000001febb38c633 sp=0x000000299f3eeb20
Event: 8.562 Thread 0x000001ff191d38d0 DEOPT UNPACKING pc=0x000001fec2852b43 sp=0x000000299f3ee058 mode 0
Event: 8.578 Thread 0x000001ff191d38d0 DEOPT PACKING pc=0x000001febb7128c3 sp=0x000000299f3ef230
Event: 8.578 Thread 0x000001ff191d38d0 DEOPT UNPACKING pc=0x000001fec2852b43 sp=0x000000299f3ee750 mode 0
Event: 8.688 Thread 0x000001ff191d38d0 Uncommon trap: trap_request=0xffffff45 fr.pc=0x000001fec304ec48 relative=0x0000000000001108
Event: 8.688 Thread 0x000001ff191d38d0 Uncommon trap: reason=unstable_if action=reinterpret pc=0x000001fec304ec48 method=java.lang.ClassLoader.checkCerts(Ljava/lang/String;Ljava/security/CodeSource;)V @ 30 c2
Event: 8.688 Thread 0x000001ff191d38d0 DEOPT PACKING pc=0x000001fec304ec48 sp=0x000000299f3ef550
Event: 8.688 Thread 0x000001ff191d38d0 DEOPT UNPACKING pc=0x000001fec28523a3 sp=0x000000299f3ef518 mode 2
Event: 8.688 Thread 0x000001ff191d38d0 Uncommon trap: trap_request=0xffffff45 fr.pc=0x000001fec3057108 relative=0x0000000000000428
Event: 8.688 Thread 0x000001ff191d38d0 Uncommon trap: reason=unstable_if action=reinterpret pc=0x000001fec3057108 method=java.lang.ClassLoader.defineClassSourceLocation(Ljava/security/ProtectionDomain;)Ljava/lang/String; @ 8 c2
Event: 8.688 Thread 0x000001ff191d38d0 DEOPT PACKING pc=0x000001fec3057108 sp=0x000000299f3ef5e0
Event: 8.688 Thread 0x000001ff191d38d0 DEOPT UNPACKING pc=0x000001fec28523a3 sp=0x000000299f3ef538 mode 2
Event: 8.688 Thread 0x000001ff191d38d0 Uncommon trap: trap_request=0xffffff45 fr.pc=0x000001fec3004380 relative=0x0000000000001980
Event: 8.688 Thread 0x000001ff191d38d0 Uncommon trap: reason=unstable_if action=reinterpret pc=0x000001fec3004380 method=java.lang.ClassLoader.postDefineClass(Ljava/lang/Class;Ljava/security/ProtectionDomain;)V @ 17 c2
Event: 8.688 Thread 0x000001ff191d38d0 DEOPT PACKING pc=0x000001fec3004380 sp=0x000000299f3ef510
Event: 8.688 Thread 0x000001ff191d38d0 DEOPT UNPACKING pc=0x000001fec28523a3 sp=0x000000299f3ef528 mode 2
Event: 8.688 Thread 0x000001ff191d38d0 Uncommon trap: trap_request=0xffffff45 fr.pc=0x000001fec2ff2b70 relative=0x0000000000005550
Event: 8.688 Thread 0x000001ff191d38d0 Uncommon trap: reason=unstable_if action=reinterpret pc=0x000001fec2ff2b70 method=java.lang.ClassLoader.loadClass(Ljava/lang/String;Z)Ljava/lang/Class; @ 29 c2
Event: 8.688 Thread 0x000001ff191d38d0 DEOPT PACKING pc=0x000001fec2ff2b70 sp=0x000000299f3eb610
Event: 8.688 Thread 0x000001ff191d38d0 DEOPT UNPACKING pc=0x000001fec28523a3 sp=0x000000299f3eb6a8 mode 2

Classes unloaded (0 events):
No events

Classes redefined (0 events):
No events

Internal exceptions (20 events):
Event: 8.320 Thread 0x000001ff191d38d0 Exception <a 'java/lang/ClassNotFoundException'{0x0000000085a49d78}: java/util/AbstractCollectionCustomizer> (0x0000000085a49d78) 
thrown [s\open\src\hotspot\share\classfile\systemDictionary.cpp, line 256]
Event: 8.325 Thread 0x000001ff191d38d0 Exception <a 'java/lang/ClassNotFoundException'{0x0000000085a70310}: org/gradle/api/internal/DefaultDomainObjectCollectionCustomizer> (0x0000000085a70310) 
thrown [s\open\src\hotspot\share\classfile\systemDictionary.cpp, line 256]
Event: 8.328 Thread 0x000001ff191d38d0 Exception <a 'java/lang/ClassNotFoundException'{0x0000000085aae740}: org/gradle/api/internal/DefaultDomainObjectSetCustomizer> (0x0000000085aae740) 
thrown [s\open\src\hotspot\share\classfile\systemDictionary.cpp, line 256]
Event: 8.331 Thread 0x000001ff191d38d0 Exception <a 'java/lang/ClassNotFoundException'{0x0000000085ad8b48}: org/gradle/api/internal/plugins/DefaultPluginCollectionCustomizer> (0x0000000085ad8b48) 
thrown [s\open\src\hotspot\share\classfile\systemDictionary.cpp, line 256]
Event: 8.336 Thread 0x000001ff191d38d0 Exception <a 'java/lang/ClassNotFoundException'{0x000000008591f828}: org/gradle/api/internal/plugins/DefaultPluginContainerCustomizer> (0x000000008591f828) 
thrown [s\open\src\hotspot\share\classfile\systemDictionary.cpp, line 256]
Event: 8.392 Thread 0x000001ff191d38d0 Exception <a 'java/lang/ClassNotFoundException'{0x0000000085873fd0}: org/gradle/api/internal/plugins/DefaultObjectConfigurationActionBeanInfo> (0x0000000085873fd0) 
thrown [s\open\src\hotspot\share\classfile\systemDictionary.cpp, line 256]
Event: 8.393 Thread 0x000001ff191d38d0 Exception <a 'java/lang/ClassNotFoundException'{0x00000000858917f8}: org/gradle/api/internal/plugins/DefaultObjectConfigurationActionCustomizer> (0x00000000858917f8) 
thrown [s\open\src\hotspot\share\classfile\systemDictionary.cpp, line 256]
Event: 8.512 Thread 0x000001ff191d38d0 Exception <a 'java/lang/NoSuchMethodError'{0x0000000085477528}: 'long java.lang.invoke.DirectMethodHandle$Holder.invokeStatic(java.lang.Object, long)'> (0x0000000085477528) 
thrown [s\open\src\hotspot\share\interpreter\linkResolver.cpp, line 759]
Event: 8.685 Thread 0x000001ff191d38d0 Exception <a 'java/lang/ClassNotFoundException'{0x0000000084ca92a0}: java/lang/StringBeanInfo> (0x0000000084ca92a0) 
thrown [s\open\src\hotspot\share\classfile\systemDictionary.cpp, line 256]
Event: 8.685 Thread 0x000001ff191d38d0 Exception <a 'java/lang/ClassNotFoundException'{0x0000000084cb6cf8}: java/lang/StringCustomizer> (0x0000000084cb6cf8) 
thrown [s\open\src\hotspot\share\classfile\systemDictionary.cpp, line 256]
Event: 8.688 Thread 0x000001ff191d38d0 Implicit null exception at 0x000001fec304de20 to 0x000001fec304ec34
Event: 8.688 Thread 0x000001ff191d38d0 Implicit null exception at 0x000001fec3056eb1 to 0x000001fec30570d4
Event: 8.688 Thread 0x000001ff191d38d0 Implicit null exception at 0x000001fec30032a0 to 0x000001fec3004364
Event: 8.691 Thread 0x000001ff191d38d0 Exception <a 'java/lang/ClassNotFoundException'{0x0000000084b17ab0}: java/io/FileBeanInfo> (0x0000000084b17ab0) 
thrown [s\open\src\hotspot\share\classfile\systemDictionary.cpp, line 256]
Event: 8.691 Thread 0x000001ff191d38d0 Exception <a 'java/lang/ClassNotFoundException'{0x0000000084b25338}: java/io/FileCustomizer> (0x0000000084b25338) 
thrown [s\open\src\hotspot\share\classfile\systemDictionary.cpp, line 256]
Event: 8.728 Thread 0x000001ff191d3de0 Exception <a 'java/lang/NoSuchMethodError'{0x0000000084a884c0}: static Lorg/gradle/internal/build/event/types/DefaultProjectConfigurationDescriptor;.<clinit>()V> (0x0000000084a884c0) 
thrown [s\open\src\hotspot\share\prims\jni.cpp, line 1112]
Event: 9.181 Thread 0x000001ff191d38d0 Exception <a 'java/lang/NoSuchMethodError'{0x0000000083e174e8}: 'java.lang.Object java.lang.invoke.DirectMethodHandle$Holder.newInvokeSpecial(java.lang.Object, java.lang.Object, java.lang.Object, int, java.lang.Object)'> (0x0000000083e174e8) 
thrown [s\open\src\hotspot\share\interpreter\linkResolver.cpp, line 759]
Event: 9.181 Thread 0x000001ff191d38d0 Exception <a 'java/lang/NoSuchMethodError'{0x0000000083e1c718}: 'java.lang.Object java.lang.invoke.Invokers$Holder.linkToTargetMethod(java.lang.Object, java.lang.Object, int, java.lang.Object, java.lang.Object)'> (0x0000000083e1c718) 
thrown [s\open\src\hotspot\share\interpreter\linkResolver.cpp, line 759]
Event: 9.298 Thread 0x000001ff191d38d0 Exception <a 'java/lang/NoSuchMethodError'{0x0000000087bafde0}: 'java.lang.Object java.lang.invoke.DirectMethodHandle$Holder.newInvokeSpecial(java.lang.Object, int, java.lang.Object)'> (0x0000000087bafde0) 
thrown [s\open\src\hotspot\share\interpreter\linkResolver.cpp, line 759]
Event: 9.609 Thread 0x000001ff191d38d0 Exception <a 'java/lang/NoSuchMethodError'{0x0000000085947158}: 'int java.lang.invoke.DirectMethodHandle$Holder.invokeSpecialIFC(java.lang.Object, java.lang.Object, java.lang.Object)'> (0x0000000085947158) 
thrown [s\open\src\hotspot\share\interpreter\linkResolver.cpp, line 759]

VM Operations (20 events):
Event: 6.201 Executing VM operation: HandshakeAllThreads
Event: 6.202 Executing VM operation: HandshakeAllThreads done
Event: 6.213 Executing VM operation: HandshakeAllThreads
Event: 6.213 Executing VM operation: HandshakeAllThreads done
Event: 6.634 Executing VM operation: G1CollectForAllocation
Event: 6.637 Executing VM operation: G1CollectForAllocation done
Event: 7.652 Executing VM operation: Cleanup
Event: 7.652 Executing VM operation: Cleanup done
Event: 7.955 Executing VM operation: HandshakeAllThreads
Event: 7.955 Executing VM operation: HandshakeAllThreads done
Event: 8.029 Executing VM operation: G1CollectForAllocation
Event: 8.037 Executing VM operation: G1CollectForAllocation done
Event: 8.836 Executing VM operation: ICBufferFull
Event: 8.836 Executing VM operation: ICBufferFull done
Event: 9.272 Executing VM operation: G1CollectForAllocation
Event: 9.286 Executing VM operation: G1CollectForAllocation done
Event: 9.651 Executing VM operation: HandshakeAllThreads
Event: 9.651 Executing VM operation: HandshakeAllThreads done
Event: 10.664 Executing VM operation: Cleanup
Event: 10.665 Executing VM operation: Cleanup done

Events (20 events):
Event: 8.887 loading class javax/net/ssl/TrustManager done
Event: 8.888 loading class javax/net/ssl/X509TrustManager
Event: 8.888 loading class javax/net/ssl/X509TrustManager done
Event: 8.893 loading class javax/net/ssl/SSLException
Event: 8.894 loading class javax/net/ssl/SSLException done
Event: 8.894 loading class java/security/cert/CertificateParsingException
Event: 8.894 loading class java/security/cert/CertificateException
Event: 8.895 loading class java/security/cert/CertificateException done
Event: 8.895 loading class java/security/cert/CertificateParsingException done
Event: 8.895 loading class javax/net/ssl/SSLPeerUnverifiedException
Event: 8.895 loading class javax/net/ssl/SSLPeerUnverifiedException done
Event: 8.895 loading class javax/naming/NamingException
Event: 8.896 loading class javax/naming/NamingException done
Event: 8.896 loading class javax/naming/InvalidNameException
Event: 8.896 loading class javax/naming/InvalidNameException done
Event: 9.221 Thread 0x000001fed23d9680 Thread exited: 0x000001fed23d9680
Event: 9.374 loading class java/io/DeleteOnExitHook
Event: 9.374 loading class java/io/DeleteOnExitHook done
Event: 9.374 loading class java/io/DeleteOnExitHook$1
Event: 9.374 loading class java/io/DeleteOnExitHook$1 done


Dynamic libraries:
0x00007ff6701d0000 - 0x00007ff6701e0000 	C:\Program Files\Java\jdk-17\bin\java.exe
0x00007ffb52ca0000 - 0x00007ffb52f07000 	C:\WINDOWS\SYSTEM32\ntdll.dll
0x00007ffb50cf0000 - 0x00007ffb50db9000 	C:\WINDOWS\System32\KERNEL32.DLL
0x00007ffb4fde0000 - 0x00007ffb501d4000 	C:\WINDOWS\System32\KERNELBASE.dll
0x00007ffb50820000 - 0x00007ffb5096b000 	C:\WINDOWS\System32\ucrtbase.dll
0x00007ffb473e0000 - 0x00007ffb473f9000 	C:\Program Files\Java\jdk-17\bin\jli.dll
0x00007ffb3a010000 - 0x00007ffb3a02b000 	C:\Program Files\Java\jdk-17\bin\VCRUNTIME140.dll
0x00007ffb52540000 - 0x00007ffb525f6000 	C:\WINDOWS\System32\ADVAPI32.dll
0x00007ffb52360000 - 0x00007ffb52409000 	C:\WINDOWS\System32\msvcrt.dll
0x00007ffb51530000 - 0x00007ffb515d7000 	C:\WINDOWS\System32\sechost.dll
0x00007ffb52600000 - 0x00007ffb52718000 	C:\WINDOWS\System32\RPCRT4.dll
0x00007ffb520b0000 - 0x00007ffb52275000 	C:\WINDOWS\System32\USER32.dll
0x00007ffb50350000 - 0x00007ffb50377000 	C:\WINDOWS\System32\win32u.dll
0x00007ffb52410000 - 0x00007ffb5243b000 	C:\WINDOWS\System32\GDI32.dll
0x00007ffb37aa0000 - 0x00007ffb37d33000 	C:\WINDOWS\WinSxS\amd64_microsoft.windows.common-controls_6595b64144ccf1df_6.0.26100.8115_none_3e075c82e3354f9c\COMCTL32.dll
0x00007ffb50500000 - 0x00007ffb5062b000 	C:\WINDOWS\System32\gdi32full.dll
0x00007ffb50630000 - 0x00007ffb506d3000 	C:\WINDOWS\System32\msvcp_win.dll
0x00007ffb3ca90000 - 0x00007ffb3ca9b000 	C:\WINDOWS\SYSTEM32\VERSION.dll
0x00007ffb50ba0000 - 0x00007ffb50bd2000 	C:\WINDOWS\System32\IMM32.DLL
0x00007ffb3c8b0000 - 0x00007ffb3c8bc000 	C:\Program Files\Java\jdk-17\bin\vcruntime140_1.dll
0x00007ffb29f60000 - 0x00007ffb29fee000 	C:\Program Files\Java\jdk-17\bin\msvcp140.dll
0x00007ffaf2c80000 - 0x00007ffaf3860000 	C:\Program Files\Java\jdk-17\bin\server\jvm.dll
0x00007ffb51730000 - 0x00007ffb51738000 	C:\WINDOWS\System32\PSAPI.DLL
0x00007ffb28b20000 - 0x00007ffb28b2a000 	C:\WINDOWS\SYSTEM32\WSOCK32.dll
0x00007ffb52440000 - 0x00007ffb524c0000 	C:\WINDOWS\System32\WS2_32.dll
0x00007ffb43800000 - 0x00007ffb43836000 	C:\WINDOWS\SYSTEM32\WINMM.dll
0x00007ffb4e300000 - 0x00007ffb4e31b000 	C:\WINDOWS\SYSTEM32\kernel.appcore.dll
0x00007ffb31190000 - 0x00007ffb3119a000 	C:\Program Files\Java\jdk-17\bin\jimage.dll
0x00007ffb4d520000 - 0x00007ffb4d762000 	C:\WINDOWS\SYSTEM32\DBGHELP.DLL
0x00007ffb51070000 - 0x00007ffb513f2000 	C:\WINDOWS\System32\combase.dll
0x00007ffb52280000 - 0x00007ffb52358000 	C:\WINDOWS\System32\OLEAUT32.dll
0x00007ffb35f30000 - 0x00007ffb35f6b000 	C:\WINDOWS\SYSTEM32\dbgcore.DLL
0x00007ffb50770000 - 0x00007ffb50815000 	C:\WINDOWS\System32\bcryptPrimitives.dll
0x00007ffb31180000 - 0x00007ffb3118e000 	C:\Program Files\Java\jdk-17\bin\instrument.dll
0x00007ffb2bab0000 - 0x00007ffb2bad5000 	C:\Program Files\Java\jdk-17\bin\java.dll
0x00007ffb29e80000 - 0x00007ffb29f57000 	C:\Program Files\Java\jdk-17\bin\jsvml.dll
0x00007ffb51920000 - 0x00007ffb52087000 	C:\WINDOWS\System32\SHELL32.dll
0x00007ffb501e0000 - 0x00007ffb5034a000 	C:\WINDOWS\System32\wintypes.dll
0x00007ffb4f570000 - 0x00007ffb4fdd8000 	C:\WINDOWS\System32\windows.storage.dll
0x00007ffb50f70000 - 0x00007ffb51068000 	C:\WINDOWS\System32\SHCORE.dll
0x00007ffb524d0000 - 0x00007ffb52536000 	C:\WINDOWS\System32\shlwapi.dll
0x00007ffb4f490000 - 0x00007ffb4f4b9000 	C:\WINDOWS\SYSTEM32\profapi.dll
0x00007ffb2f5d0000 - 0x00007ffb2f5e8000 	C:\Program Files\Java\jdk-17\bin\zip.dll
0x00007ffb2b340000 - 0x00007ffb2b359000 	C:\Program Files\Java\jdk-17\bin\net.dll
0x00007ffb46650000 - 0x00007ffb4677d000 	C:\WINDOWS\SYSTEM32\WINHTTP.dll
0x00007ffb4e870000 - 0x00007ffb4e8dc000 	C:\WINDOWS\system32\mswsock.dll
0x00007ffb2b320000 - 0x00007ffb2b336000 	C:\Program Files\Java\jdk-17\bin\nio.dll
0x00007ffb30e40000 - 0x00007ffb30e50000 	C:\Program Files\Java\jdk-17\bin\verify.dll
0x00007ffb3c8c0000 - 0x00007ffb3c8e7000 	C:\Users\ADVAN\.gradle\native\1def1411415f61bf3af743bc5b6707747c0891f09f0c88961ee8f79bc544acac\windows-amd64\native-platform.dll
0x00007ffb2afb0000 - 0x00007ffb2b028000 	C:\Users\ADVAN\.gradle\native\0.2.7\x86_64-windows-gnu\gradle-fileevents.dll
0x00007ffb2b310000 - 0x00007ffb2b31a000 	C:\Program Files\Java\jdk-17\bin\management.dll
0x00007ffb2b300000 - 0x00007ffb2b30b000 	C:\Program Files\Java\jdk-17\bin\management_ext.dll
0x00007ffb4dd00000 - 0x00007ffb4dd32000 	C:\WINDOWS\SYSTEM32\IPHLPAPI.DLL
0x00007ffb51460000 - 0x00007ffb5146a000 	C:\WINDOWS\System32\NSI.dll
0x00007ffb46c80000 - 0x00007ffb46c9d000 	C:\WINDOWS\SYSTEM32\dhcpcsvc6.DLL
0x00007ffb46a30000 - 0x00007ffb46a55000 	C:\WINDOWS\SYSTEM32\dhcpcsvc.DLL
0x00007ffb4dd90000 - 0x00007ffb4dec2000 	C:\WINDOWS\SYSTEM32\DNSAPI.dll
0x00007ffb4eb50000 - 0x00007ffb4eb6b000 	C:\WINDOWS\SYSTEM32\CRYPTSP.dll
0x00007ffb4e260000 - 0x00007ffb4e299000 	C:\WINDOWS\system32\rsaenh.dll
0x00007ffb4e920000 - 0x00007ffb4e953000 	C:\WINDOWS\SYSTEM32\USERENV.dll
0x00007ffb4f460000 - 0x00007ffb4f48a000 	C:\WINDOWS\SYSTEM32\bcrypt.dll
0x00007ffb4eb70000 - 0x00007ffb4eb7c000 	C:\WINDOWS\SYSTEM32\CRYPTBASE.dll
0x00007ffb2af60000 - 0x00007ffb2af6e000 	C:\Program Files\Java\jdk-17\bin\sunmscapi.dll
0x00007ffb50380000 - 0x00007ffb504f7000 	C:\WINDOWS\System32\CRYPT32.dll
0x00007ffb4ed70000 - 0x00007ffb4eda0000 	C:\WINDOWS\SYSTEM32\ncrypt.dll
0x00007ffb4ed20000 - 0x00007ffb4ed5f000 	C:\WINDOWS\SYSTEM32\NTASN1.dll
0x00007ffb35f70000 - 0x00007ffb35f78000 	C:\WINDOWS\system32\wshunix.dll

dbghelp: loaded successfully - version: 4.0.5 - missing functions: none
symbol engine: initialized successfully - sym options: 0x614 - pdb path: .;C:\Program Files\Java\jdk-17\bin;C:\WINDOWS\SYSTEM32;C:\WINDOWS\WinSxS\amd64_microsoft.windows.common-controls_6595b64144ccf1df_6.0.26100.8115_none_3e075c82e3354f9c;C:\Program Files\Java\jdk-17\bin\server;C:\Users\ADVAN\.gradle\native\1def1411415f61bf3af743bc5b6707747c0891f09f0c88961ee8f79bc544acac\windows-amd64;C:\Users\ADVAN\.gradle\native\0.2.7\x86_64-windows-gnu

VM Arguments:
jvm_args: --add-opens=java.base/java.lang=ALL-UNNAMED --add-opens=java.base/java.lang.invoke=ALL-UNNAMED --add-opens=java.base/java.util=ALL-UNNAMED --add-opens=java.prefs/java.util.prefs=ALL-UNNAMED --add-exports=jdk.compiler/com.sun.tools.javac.api=ALL-UNNAMED --add-exports=jdk.compiler/com.sun.tools.javac.util=ALL-UNNAMED --add-opens=java.base/java.util=ALL-UNNAMED --add-opens=java.prefs/java.util.prefs=ALL-UNNAMED --add-opens=java.base/java.nio.charset=ALL-UNNAMED --add-opens=java.base/java.net=ALL-UNNAMED --add-opens=java.base/java.util.concurrent.atomic=ALL-UNNAMED --add-opens=java.xml/javax.xml.namespace=ALL-UNNAMED -Xmx2048M -Dfile.encoding=UTF-8 -Duser.country=US -Duser.language=en -Duser.variant -javaagent:C:\Users\ADVAN\.gradle\wrapper\dists\gradle-8.14-all\c2qonpi39x1mddn7hk5gh9iqj\gradle-8.14\lib\agents\gradle-instrumentation-agent-8.14.jar 
java_command: org.gradle.launcher.daemon.bootstrap.GradleDaemon 8.14
java_class_path (initial): C:\Users\ADVAN\.gradle\wrapper\dists\gradle-8.14-all\c2qonpi39x1mddn7hk5gh9iqj\gradle-8.14\lib\gradle-daemon-main-8.14.jar
Launcher Type: SUN_STANDARD

[Global flags]
     intx CICompilerCount                          = 4                                         {product} {ergonomic}
     uint ConcGCThreads                            = 3                                         {product} {ergonomic}
     uint G1ConcRefinementThreads                  = 10                                        {product} {ergonomic}
   size_t G1HeapRegionSize                         = 1048576                                   {product} {ergonomic}
    uintx GCDrainStackTargetSize                   = 64                                        {product} {ergonomic}
   size_t InitialHeapSize                          = 130023424                                 {product} {ergonomic}
   size_t MarkStackSize                            = 4194304                                   {product} {ergonomic}
   size_t MaxHeapSize                              = 2147483648                                {product} {command line}
   size_t MaxNewSize                               = 1287651328                                {product} {ergonomic}
   size_t MinHeapDeltaBytes                        = 1048576                                   {product} {ergonomic}
   size_t MinHeapSize                              = 8388608                                   {product} {ergonomic}
    uintx NonNMethodCodeHeapSize                   = 5839372                                {pd product} {ergonomic}
    uintx NonProfiledCodeHeapSize                  = 122909434                              {pd product} {ergonomic}
    uintx ProfiledCodeHeapSize                     = 122909434                              {pd product} {ergonomic}
    uintx ReservedCodeCacheSize                    = 251658240                              {pd product} {ergonomic}
     bool SegmentedCodeCache                       = true                                      {product} {ergonomic}
   size_t SoftMaxHeapSize                          = 2147483648                             {manageable} {ergonomic}
     bool UseCompressedClassPointers               = true                           {product lp64_product} {ergonomic}
     bool UseCompressedOops                        = true                           {product lp64_product} {ergonomic}
     bool UseG1GC                                  = true                                      {product} {ergonomic}
     bool UseLargePagesIndividualAllocation        = false                                  {pd product} {ergonomic}

Logging:
Log output configuration:
 #0: stdout all=warning uptime,level,tags
 #1: stderr all=off uptime,level,tags

Environment Variables:
JAVA_HOME=C:\Program Files\Java\jdk-17
PATH=C:\Users\ADVAN\AppData\Local\Programs\Microsoft VS Code;C:\Program Files\Eclipse Adoptium\jdk-17.0.19.10-hotspot\bin;C:\Python314\Scripts\;C:\Python314\;C:\Program Files\Common Files\Oracle\Java\javapath;C:\WINDOWS\system32;C:\WINDOWS;C:\WINDOWS\System32\Wbem;C:\WINDOWS\System32\WindowsPowerShell\v1.0\;C:\WINDOWS\System32\OpenSSH\;C:\Program Files\Git\cmd;C:\Program Files\dotnet\;C:\flutter\bin;C:\laragon\bin\php\php-8.1.10-Win32-vs16-x64;C:\ProgramData\ComposerSetup\bin;C:\Program Files\MongoDB\Server\8.2\bin;C:\Users\ADVAN\AppData\Local\Android\Sdk\platform-tools;C:\Users\ADVAN\AppData\Local\Android\Sdk\emulator;C:\ProgramData\chocolatey\bin;D:\server\;C:\Program Files\Java\jdk-17\bin;C:\laragon\bin;C:\laragon\bin\apache\httpd-2.4.54-win64-VS16\bin;C:\laragon\bin\composer;C:\laragon\bin\git\bin;C:\laragon\bin\git\cmd;C:\laragon\bin\git\mingw64\bin;C:\laragon\bin\git\usr\bin;C:\laragon\bin\laragon\utils;C:\laragon\bin\mysql\mysql-8.0.30-winx64\bin;C:\laragon\bin\nginx\nginx-1.22.0;C:\laragon\bin\ngrok;C:\laragon\bin\nodejs\node-v18;C:\laragon\bin\notepad++;C:\laragon\bin\php\php-8.5.5;C:\laragon\bin\python\python-3.10;C:\laragon\bin\python\python-3.10\Scripts;C:\laragon\bin\redis\redis-x64-5.0.14.1;C:\laragon\bin\telnet;C:\laragon\bin\yarn\bin;C:\laragon\usr\bin;C:\Users\ADVAN\AppData\Local\Yarn\config\global\node_modules\.bin;C:\Users\ADVAN\AppData\Roaming\Composer\vendor\bin;C:\Users\ADVAN\AppData\Roaming\npm;C:\Users\ADVAN\AppData\Local\Programs\Python\Launcher\;C:\Users\ADVAN\AppData\Local\Microsoft\WindowsApps;C:\Users\ADVAN\AppData\Local\Programs\Microsoft VS Code\bin;C:\laragon\bin\php\php-8.3.30-Win32-vs16-x64;C:\Users\ADVAN\AppData\Local\Programs\Antigravity\bin
USERNAME=ADVAN
OS=Windows_NT
PROCESSOR_IDENTIFIER=Intel64 Family 6 Model 154 Stepping 3, GenuineIntel



---------------  S Y S T E M  ---------------

OS:
 Windows 11 , 64 bit Build 26100 (10.0.26100.8246)
OS uptime: 0 days 2:11 hours

CPU: total 12 (initial active 12) (6 cores per cpu, 2 threads per core) family 6 model 154 stepping 3 microcode 0x432, cx8, cmov, fxsr, ht, mmx, 3dnowpref, sse, sse2, sse3, ssse3, sse4.1, sse4.2, popcnt, lzcnt, tsc, tscinvbit, avx, avx2, aes, erms, clmul, bmi1, bmi2, adx, sha, fma, vzeroupper, clflush, clflushopt, clwb

Memory: 4k page, system-wide physical 7929M (549M free)
TotalPageFile size 15929M (AvailPageFile size 37M)
current process WorkingSet (physical memory assigned to process): 255M, peak: 286M
current process commit charge ("private bytes"): 301M, peak: 330M

vm_info: Java HotSpot(TM) 64-Bit Server VM (17.0.12+8-LTS-286) for windows-amd64 JRE (17.0.12+8-LTS-286), built on Jun  5 2024 06:46:59 by "mach5one" with MS VC++ 17.6 (VS2022)

END.
