#
# There is insufficient memory for the Java Runtime Environment to continue.
# Native memory allocation (malloc) failed to allocate 1671312 bytes for Chunk::new
# Possible reasons:
#   The system is out of physical RAM or swap space
#   The process is running with CompressedOops enabled, and the Java Heap may be blocking the growth of the native heap
# Possible solutions:
#   Reduce memory load on the system
#   Increase physical memory or swap space
#   Check if swap backing store is full
#   Decrease Java heap size (-Xmx/-Xms)
#   Decrease number of Java threads
#   Decrease Java thread stack sizes (-Xss)
#   Set larger code cache with -XX:ReservedCodeCacheSize=
#   JVM is running with Unscaled Compressed Oops mode in which the Java heap is
#     placed in the first 4GB address space. The Java Heap base address is the
#     maximum limit for the native heap growth. Please use -XX:HeapBaseMinAddress
#     to set the Java Heap base and to place the Java Heap above 4GB virtual address.
# This output file may be truncated or incomplete.
#
#  Out of Memory Error (arena.cpp:189), pid=14092, tid=8128
#
# JRE version: Java(TM) SE Runtime Environment (17.0.12+8) (build 17.0.12+8-LTS-286)
# Java VM: Java HotSpot(TM) 64-Bit Server VM (17.0.12+8-LTS-286, mixed mode, sharing, tiered, compressed oops, compressed class ptrs, g1 gc, windows-amd64)
# No core dump will be written. Minidumps are not enabled by default on client versions of Windows
#

---------------  S U M M A R Y ------------

Command Line: --add-opens=java.base/java.lang=ALL-UNNAMED --add-opens=java.base/java.lang.invoke=ALL-UNNAMED --add-opens=java.base/java.util=ALL-UNNAMED --add-opens=java.prefs/java.util.prefs=ALL-UNNAMED --add-exports=jdk.compiler/com.sun.tools.javac.api=ALL-UNNAMED --add-exports=jdk.compiler/com.sun.tools.javac.util=ALL-UNNAMED --add-opens=java.base/java.util=ALL-UNNAMED --add-opens=java.prefs/java.util.prefs=ALL-UNNAMED --add-opens=java.base/java.nio.charset=ALL-UNNAMED --add-opens=java.base/java.net=ALL-UNNAMED --add-opens=java.base/java.util.concurrent.atomic=ALL-UNNAMED --add-opens=java.xml/javax.xml.namespace=ALL-UNNAMED -Xmx2048M -Dfile.encoding=UTF-8 -Duser.country=US -Duser.language=en -Duser.variant -javaagent:C:\Users\ADVAN\.gradle\wrapper\dists\gradle-8.14-all\c2qonpi39x1mddn7hk5gh9iqj\gradle-8.14\lib\agents\gradle-instrumentation-agent-8.14.jar org.gradle.launcher.daemon.bootstrap.GradleDaemon 8.14

Host: 12th Gen Intel(R) Core(TM) i5-12450H, 12 cores, 7G,  Windows 11 , 64 bit Build 26100 (10.0.26100.8246)
Time: Fri May  8 09:50:20 2026 SE Asia Standard Time elapsed time: 7.203722 seconds (0d 0h 0m 7s)

---------------  T H R E A D  ---------------

Current thread (0x00000250ff0e5a70):  JavaThread "C2 CompilerThread0" daemon [_thread_in_native, id=8128, stack(0x000000c48b600000,0x000000c48b700000)]


Current CompileTask:
C2:   7203 3220   !   4       java.net.URLClassLoader::findClass (47 bytes)

Stack: [0x000000c48b600000,0x000000c48b700000]
Native frames: (J=compiled Java code, j=interpreted, Vv=VM code, C=native code)
V  [jvm.dll+0x67a04a]
V  [jvm.dll+0x7da4ed]
V  [jvm.dll+0x7dbe33]
V  [jvm.dll+0x7dc4a3]
V  [jvm.dll+0x24508f]
V  [jvm.dll+0xab773]
V  [jvm.dll+0xabd3c]
V  [jvm.dll+0x361bee]
V  [jvm.dll+0x1ba64a]
V  [jvm.dll+0x216997]
V  [jvm.dll+0x215c6f]
V  [jvm.dll+0x1a2960]
V  [jvm.dll+0x22610b]
V  [jvm.dll+0x2242ab]
V  [jvm.dll+0x79075c]
V  [jvm.dll+0x78abea]
V  [jvm.dll+0x678f35]
C  [ucrtbase.dll+0x37b0]
C  [KERNEL32.DLL+0x2e8d7]
C  [ntdll.dll+0x8c3fc]


---------------  P R O C E S S  ---------------

Threads class SMR info:
_java_thread_list=0x00000250ccc3ba90, length=32, elements={
0x00000250e6b83f40, 0x00000250ff0ca3f0, 0x00000250ff0cbcd0, 0x00000250ff0e07d0,
0x00000250ff0e10a0, 0x00000250ff0e44f0, 0x00000250ff0e4dc0, 0x00000250ff0e5a70,
0x00000250ff0ea200, 0x00000250ff0ef690, 0x00000250ff30d960, 0x00000250ff42bbe0,
0x00000250cc7cb080, 0x00000250ffe451a0, 0x00000250cc87b370, 0x00000250cc8afe30,
0x00000250cc8b06e0, 0x00000250cca88310, 0x00000250cca85a90, 0x00000250cca88820,
0x00000250cca864b0, 0x00000250cca85070, 0x00000250cca85fa0, 0x00000250cca878f0,
0x00000250cca87e00, 0x00000250ccb29bc0, 0x00000250cca869c0, 0x00000250cca86ed0,
0x00000250cca873e0, 0x00000250ff7584e0, 0x00000250ff7570a0, 0x00000250ff759e30
}

Java Threads: ( => current thread )
  0x00000250e6b83f40 JavaThread "main" [_thread_blocked, id=12892, stack(0x000000c48a900000,0x000000c48aa00000)]
  0x00000250ff0ca3f0 JavaThread "Reference Handler" daemon [_thread_blocked, id=19092, stack(0x000000c48b000000,0x000000c48b100000)]
  0x00000250ff0cbcd0 JavaThread "Finalizer" daemon [_thread_blocked, id=6240, stack(0x000000c48b100000,0x000000c48b200000)]
  0x00000250ff0e07d0 JavaThread "Signal Dispatcher" daemon [_thread_blocked, id=15960, stack(0x000000c48b200000,0x000000c48b300000)]
  0x00000250ff0e10a0 JavaThread "Attach Listener" daemon [_thread_blocked, id=2836, stack(0x000000c48b300000,0x000000c48b400000)]
  0x00000250ff0e44f0 JavaThread "Service Thread" daemon [_thread_blocked, id=13780, stack(0x000000c48b400000,0x000000c48b500000)]
  0x00000250ff0e4dc0 JavaThread "Monitor Deflation Thread" daemon [_thread_blocked, id=13260, stack(0x000000c48b500000,0x000000c48b600000)]
=>0x00000250ff0e5a70 JavaThread "C2 CompilerThread0" daemon [_thread_in_native, id=8128, stack(0x000000c48b600000,0x000000c48b700000)]
  0x00000250ff0ea200 JavaThread "C1 CompilerThread0" daemon [_thread_blocked, id=10736, stack(0x000000c48b700000,0x000000c48b800000)]
  0x00000250ff0ef690 JavaThread "Sweeper thread" daemon [_thread_blocked, id=6148, stack(0x000000c48b800000,0x000000c48b900000)]
  0x00000250ff30d960 JavaThread "Common-Cleaner" daemon [_thread_blocked, id=18212, stack(0x000000c48b900000,0x000000c48ba00000)]
  0x00000250ff42bbe0 JavaThread "Notification Thread" daemon [_thread_blocked, id=13452, stack(0x000000c48ba00000,0x000000c48bb00000)]
  0x00000250cc7cb080 JavaThread "Daemon health stats" [_thread_blocked, id=8688, stack(0x000000c48c300000,0x000000c48c400000)]
  0x00000250ffe451a0 JavaThread "Incoming local TCP Connector on port 52376" [_thread_in_native, id=4432, stack(0x000000c48bd00000,0x000000c48be00000)]
  0x00000250cc87b370 JavaThread "Daemon periodic checks" [_thread_blocked, id=408, stack(0x000000c48c400000,0x000000c48c500000)]
  0x00000250cc8afe30 JavaThread "Daemon" [_thread_blocked, id=9592, stack(0x000000c48c500000,0x000000c48c600000)]
  0x00000250cc8b06e0 JavaThread "Handler for socket connection from /127.0.0.1:52376 to /127.0.0.1:52377" [_thread_in_native, id=13368, stack(0x000000c48c600000,0x000000c48c700000)]
  0x00000250cca88310 JavaThread "Cancel handler" [_thread_blocked, id=5280, stack(0x000000c48c700000,0x000000c48c800000)]
  0x00000250cca85a90 JavaThread "Daemon worker" [_thread_in_vm, id=7192, stack(0x000000c48c800000,0x000000c48c900000)]
  0x00000250cca88820 JavaThread "Asynchronous log dispatcher for DefaultDaemonConnection: socket connection from /127.0.0.1:52376 to /127.0.0.1:52377" [_thread_blocked, id=3276, stack(0x000000c48c900000,0x000000c48ca00000)]
  0x00000250cca864b0 JavaThread "Stdin handler" [_thread_blocked, id=17376, stack(0x000000c48ca00000,0x000000c48cb00000)]
  0x00000250cca85070 JavaThread "Daemon client event forwarder" [_thread_blocked, id=14420, stack(0x000000c48cb00000,0x000000c48cc00000)]
  0x00000250cca85fa0 JavaThread "Cache worker for journal cache (C:\Users\ADVAN\.gradle\caches\journal-1)" [_thread_blocked, id=4300, stack(0x000000c48bc00000,0x000000c48bd00000)]
  0x00000250cca878f0 JavaThread "File lock request listener" [_thread_in_native, id=19088, stack(0x000000c48cc00000,0x000000c48cd00000)]
  0x00000250cca87e00 JavaThread "Cache worker for file hash cache (C:\Users\ADVAN\.gradle\caches\8.14\fileHashes)" [_thread_blocked, id=19068, stack(0x000000c48cd00000,0x000000c48ce00000)]
  0x00000250ccb29bc0 JavaThread "C2 CompilerThread1" daemon [_thread_in_native, id=18136, stack(0x000000c48ce00000,0x000000c48cf00000)]
  0x00000250cca869c0 JavaThread "Cache worker for file hash cache (E:\gizenia\mobile-flutter\android\.gradle\8.14\fileHashes)" [_thread_blocked, id=2040, stack(0x000000c48d300000,0x000000c48d400000)]
  0x00000250cca86ed0 JavaThread "Cache worker for Build Output Cleanup Cache (E:\gizenia\mobile-flutter\android\.gradle\buildOutputCleanup)" [_thread_blocked, id=14352, stack(0x000000c48d400000,0x000000c48d500000)]
  0x00000250cca873e0 JavaThread "File watcher server" daemon [_thread_in_native, id=9364, stack(0x000000c48d700000,0x000000c48d800000)]
  0x00000250ff7584e0 JavaThread "File watcher consumer" daemon [_thread_blocked, id=10356, stack(0x000000c48d800000,0x000000c48d900000)]
  0x00000250ff7570a0 JavaThread "jar transforms" [_thread_blocked, id=19284, stack(0x000000c48d900000,0x000000c48da00000)]
  0x00000250ff759e30 JavaThread "jar transforms Thread 2" [_thread_blocked, id=18500, stack(0x000000c48da00000,0x000000c48db00000)]

Other Threads:
  0x00000250ff0c4ec0 VMThread "VM Thread" [stack: 0x000000c48af00000,0x000000c48b000000] [id=3880]
  0x00000250ff3afce0 WatcherThread [stack: 0x000000c48bb00000,0x000000c48bc00000] [id=2320]
  0x00000250e6be3a30 GCTaskThread "GC Thread#0" [stack: 0x000000c48aa00000,0x000000c48ab00000] [id=12220]
  0x00000250ff756c80 GCTaskThread "GC Thread#1" [stack: 0x000000c48be00000,0x000000c48bf00000] [id=13872]
  0x00000250ff9f83e0 GCTaskThread "GC Thread#2" [stack: 0x000000c48bf00000,0x000000c48c000000] [id=6572]
  0x00000250cb648e30 GCTaskThread "GC Thread#3" [stack: 0x000000c48c000000,0x000000c48c100000] [id=8248]
  0x00000250ff9bfcf0 GCTaskThread "GC Thread#4" [stack: 0x000000c48c100000,0x000000c48c200000] [id=6836]
  0x00000250cc7e6cb0 GCTaskThread "GC Thread#5" [stack: 0x000000c48c200000,0x000000c48c300000] [id=18920]
  0x00000250cc7e7d30 GCTaskThread "GC Thread#6" [stack: 0x000000c48cf00000,0x000000c48d000000] [id=392]
  0x00000250cc7e6f70 GCTaskThread "GC Thread#7" [stack: 0x000000c48d000000,0x000000c48d100000] [id=8052]
  0x00000250cc7e7230 GCTaskThread "GC Thread#8" [stack: 0x000000c48d100000,0x000000c48d200000] [id=14588]
  0x00000250cc7e61b0 GCTaskThread "GC Thread#9" [stack: 0x000000c48d200000,0x000000c48d300000] [id=8868]
  0x00000250e6bf4890 ConcurrentGCThread "G1 Main Marker" [stack: 0x000000c48ab00000,0x000000c48ac00000] [id=18984]
  0x00000250e6bf5e80 ConcurrentGCThread "G1 Conc#0" [stack: 0x000000c48ac00000,0x000000c48ad00000] [id=2704]
  0x00000250cc7e77b0 ConcurrentGCThread "G1 Conc#1" [stack: 0x000000c48d500000,0x000000c48d600000] [id=9500]
  0x00000250cc7e6470 ConcurrentGCThread "G1 Conc#2" [stack: 0x000000c48d600000,0x000000c48d700000] [id=2940]
  0x00000250fef76c50 ConcurrentGCThread "G1 Refine#0" [stack: 0x000000c48ad00000,0x000000c48ae00000] [id=7172]
  0x00000250fef77c30 ConcurrentGCThread "G1 Service" [stack: 0x000000c48ae00000,0x000000c48af00000] [id=17776]

Threads with active compile tasks:
C2 CompilerThread0     7225 3220   !   4       java.net.URLClassLoader::findClass (47 bytes)
C2 CompilerThread1     7225 3210   !   4       java.lang.ClassLoader::loadClass (121 bytes)

VM state: not at safepoint (normal execution)

VM Mutex/Monitor currently owned by a thread: None

Heap address: 0x0000000080000000, size: 2048 MB, Compressed Oops mode: 32-bit

CDS archive(s) mapped at: [0x0000025086000000-0x0000025086bd0000-0x0000025086bd0000), size 12386304, SharedBaseAddress: 0x0000025086000000, ArchiveRelocationMode: 1.
Compressed class space mapped at: 0x0000025087000000-0x00000250c7000000, reserved size: 1073741824
Narrow klass base: 0x0000025086000000, Narrow klass shift: 0, Narrow klass range: 0x100000000

GC Precious Log:
 CPUs: 12 total, 12 available
 Memory: 7929M
 Large Page Support: Disabled
 NUMA Support: Disabled
 Compressed Oops: Enabled (32-bit)
 Heap Region Size: 1M
 Heap Min Capacity: 8M
 Heap Initial Capacity: 124M
 Heap Max Capacity: 2G
 Pre-touch: Disabled
 Parallel Workers: 10
 Concurrent Workers: 3
 Concurrent Refinement Workers: 10
 Periodic GC: Disabled

Heap:
 garbage-first heap   total 89088K, used 27856K [0x0000000080000000, 0x0000000100000000)
  region size 1024K, 8 young (8192K), 6 survivors (6144K)
 Metaspace       used 28003K, committed 28416K, reserved 1114112K
  class space    used 4096K, committed 4288K, reserved 1048576K

Heap Regions: E=young(eden), S=young(survivor), O=old, HS=humongous(starts), HC=humongous(continues), CS=collection set, F=free, OA=open archive, CA=closed archive, TAMS=top-at-mark-start (previous, next)
|   0|0x0000000080000000, 0x0000000080100000, 0x0000000080100000|100%|HS|  |TAMS 0x0000000080100000, 0x0000000080000000| Complete 
|   1|0x0000000080100000, 0x0000000080200000, 0x0000000080200000|100%|HC|  |TAMS 0x0000000080200000, 0x0000000080100000| Complete 
|   2|0x0000000080200000, 0x0000000080300000, 0x0000000080300000|100%|HC|  |TAMS 0x0000000080300000, 0x0000000080200000| Complete 
|   3|0x0000000080300000, 0x0000000080400000, 0x0000000080400000|100%| O|  |TAMS 0x0000000080400000, 0x0000000080300000| Untracked 
|   4|0x0000000080400000, 0x0000000080500000, 0x0000000080500000|100%| O|  |TAMS 0x0000000080500000, 0x0000000080400000| Untracked 
|   5|0x0000000080500000, 0x0000000080600000, 0x0000000080600000|100%| O|  |TAMS 0x0000000080600000, 0x0000000080500000| Untracked 
|   6|0x0000000080600000, 0x0000000080700000, 0x0000000080700000|100%|HS|  |TAMS 0x0000000080700000, 0x0000000080600000| Complete 
|   7|0x0000000080700000, 0x0000000080800000, 0x0000000080800000|100%| O|  |TAMS 0x0000000080700000, 0x0000000080700000| Untracked 
|   8|0x0000000080800000, 0x0000000080900000, 0x0000000080900000|100%| O|  |TAMS 0x0000000080900000, 0x0000000080800000| Untracked 
|   9|0x0000000080900000, 0x0000000080a00000, 0x0000000080a00000|100%| O|  |TAMS 0x0000000080a00000, 0x0000000080900000| Untracked 
|  10|0x0000000080a00000, 0x0000000080b00000, 0x0000000080b00000|100%| O|  |TAMS 0x0000000080b00000, 0x0000000080a00000| Untracked 
|  11|0x0000000080b00000, 0x0000000080c00000, 0x0000000080c00000|100%| O|  |TAMS 0x0000000080c00000, 0x0000000080b00000| Untracked 
|  12|0x0000000080c00000, 0x0000000080d00000, 0x0000000080d00000|100%| O|  |TAMS 0x0000000080ccd200, 0x0000000080c00000| Untracked 
|  13|0x0000000080d00000, 0x0000000080e00000, 0x0000000080e00000|100%| O|  |TAMS 0x0000000080d00000, 0x0000000080d00000| Untracked 
|  14|0x0000000080e00000, 0x0000000080f00000, 0x0000000080f00000|100%| O|  |TAMS 0x0000000080e00000, 0x0000000080e00000| Untracked 
|  15|0x0000000080f00000, 0x0000000081000000, 0x0000000081000000|100%| O|  |TAMS 0x0000000080f00000, 0x0000000080f00000| Untracked 
|  16|0x0000000081000000, 0x0000000081100000, 0x0000000081100000|100%| O|  |TAMS 0x0000000081000000, 0x0000000081000000| Untracked 
|  17|0x0000000081100000, 0x0000000081200000, 0x0000000081200000|100%| O|  |TAMS 0x0000000081100000, 0x0000000081100000| Untracked 
|  18|0x0000000081200000, 0x0000000081300000, 0x0000000081300000|100%| O|  |TAMS 0x0000000081200000, 0x0000000081200000| Untracked 
|  19|0x0000000081300000, 0x0000000081400000, 0x0000000081400000|100%| O|  |TAMS 0x0000000081300000, 0x0000000081300000| Untracked 
|  20|0x0000000081400000, 0x0000000081500000, 0x0000000081500000|100%| O|  |TAMS 0x0000000081400000, 0x0000000081400000| Untracked 
|  21|0x0000000081500000, 0x0000000081513e00, 0x0000000081600000|  7%| O|  |TAMS 0x0000000081500000, 0x0000000081500000| Untracked 
|  22|0x0000000081600000, 0x0000000081600000, 0x0000000081700000|  0%| F|  |TAMS 0x0000000081600000, 0x0000000081600000| Untracked 
|  23|0x0000000081700000, 0x0000000081700000, 0x0000000081800000|  0%| F|  |TAMS 0x0000000081700000, 0x0000000081700000| Untracked 
|  24|0x0000000081800000, 0x0000000081800000, 0x0000000081900000|  0%| F|  |TAMS 0x0000000081800000, 0x0000000081800000| Untracked 
|  25|0x0000000081900000, 0x0000000081900000, 0x0000000081a00000|  0%| F|  |TAMS 0x0000000081900000, 0x0000000081900000| Untracked 
|  26|0x0000000081a00000, 0x0000000081a00000, 0x0000000081b00000|  0%| F|  |TAMS 0x0000000081a00000, 0x0000000081a00000| Untracked 
|  27|0x0000000081b00000, 0x0000000081b00000, 0x0000000081c00000|  0%| F|  |TAMS 0x0000000081b00000, 0x0000000081b00000| Untracked 
|  28|0x0000000081c00000, 0x0000000081c00000, 0x0000000081d00000|  0%| F|  |TAMS 0x0000000081c00000, 0x0000000081c00000| Untracked 
|  29|0x0000000081d00000, 0x0000000081d20400, 0x0000000081e00000| 12%| S|CS|TAMS 0x0000000081d00000, 0x0000000081d00000| Complete 
|  30|0x0000000081e00000, 0x0000000081f00000, 0x0000000081f00000|100%| S|CS|TAMS 0x0000000081e00000, 0x0000000081e00000| Complete 
|  31|0x0000000081f00000, 0x0000000082000000, 0x0000000082000000|100%| S|CS|TAMS 0x0000000081f00000, 0x0000000081f00000| Complete 
|  32|0x0000000082000000, 0x0000000082100000, 0x0000000082100000|100%| S|CS|TAMS 0x0000000082000000, 0x0000000082000000| Complete 
|  33|0x0000000082100000, 0x0000000082200000, 0x0000000082200000|100%| S|CS|TAMS 0x0000000082100000, 0x0000000082100000| Complete 
|  34|0x0000000082200000, 0x0000000082300000, 0x0000000082300000|100%| S|CS|TAMS 0x0000000082200000, 0x0000000082200000| Complete 
|  35|0x0000000082300000, 0x0000000082300000, 0x0000000082400000|  0%| F|  |TAMS 0x0000000082300000, 0x0000000082300000| Untracked 
|  36|0x0000000082400000, 0x0000000082400000, 0x0000000082500000|  0%| F|  |TAMS 0x0000000082400000, 0x0000000082400000| Untracked 
|  37|0x0000000082500000, 0x0000000082500000, 0x0000000082600000|  0%| F|  |TAMS 0x0000000082500000, 0x0000000082500000| Untracked 
|  38|0x0000000082600000, 0x0000000082600000, 0x0000000082700000|  0%| F|  |TAMS 0x0000000082600000, 0x0000000082600000| Untracked 
|  39|0x0000000082700000, 0x0000000082700000, 0x0000000082800000|  0%| F|  |TAMS 0x0000000082700000, 0x0000000082700000| Untracked 
|  40|0x0000000082800000, 0x0000000082800000, 0x0000000082900000|  0%| F|  |TAMS 0x0000000082800000, 0x0000000082800000| Untracked 
|  41|0x0000000082900000, 0x0000000082900000, 0x0000000082a00000|  0%| F|  |TAMS 0x0000000082900000, 0x0000000082900000| Untracked 
|  42|0x0000000082a00000, 0x0000000082a00000, 0x0000000082b00000|  0%| F|  |TAMS 0x0000000082a00000, 0x0000000082a00000| Untracked 
|  43|0x0000000082b00000, 0x0000000082b00000, 0x0000000082c00000|  0%| F|  |TAMS 0x0000000082b00000, 0x0000000082b00000| Untracked 
|  44|0x0000000082c00000, 0x0000000082c00000, 0x0000000082d00000|  0%| F|  |TAMS 0x0000000082c00000, 0x0000000082c00000| Untracked 
|  45|0x0000000082d00000, 0x0000000082d00000, 0x0000000082e00000|  0%| F|  |TAMS 0x0000000082d00000, 0x0000000082d00000| Untracked 
|  46|0x0000000082e00000, 0x0000000082e00000, 0x0000000082f00000|  0%| F|  |TAMS 0x0000000082e00000, 0x0000000082e00000| Untracked 
|  47|0x0000000082f00000, 0x0000000082f00000, 0x0000000083000000|  0%| F|  |TAMS 0x0000000082f00000, 0x0000000082f00000| Untracked 
|  48|0x0000000083000000, 0x0000000083000000, 0x0000000083100000|  0%| F|  |TAMS 0x0000000083000000, 0x0000000083000000| Untracked 
|  49|0x0000000083100000, 0x0000000083100000, 0x0000000083200000|  0%| F|  |TAMS 0x0000000083100000, 0x0000000083100000| Untracked 
|  50|0x0000000083200000, 0x0000000083200000, 0x0000000083300000|  0%| F|  |TAMS 0x0000000083200000, 0x0000000083200000| Untracked 
|  51|0x0000000083300000, 0x0000000083300000, 0x0000000083400000|  0%| F|  |TAMS 0x0000000083300000, 0x0000000083300000| Untracked 
|  52|0x0000000083400000, 0x0000000083400000, 0x0000000083500000|  0%| F|  |TAMS 0x0000000083400000, 0x0000000083400000| Untracked 
|  53|0x0000000083500000, 0x0000000083500000, 0x0000000083600000|  0%| F|  |TAMS 0x0000000083500000, 0x0000000083500000| Untracked 
|  54|0x0000000083600000, 0x0000000083600000, 0x0000000083700000|  0%| F|  |TAMS 0x0000000083600000, 0x0000000083600000| Untracked 
|  55|0x0000000083700000, 0x0000000083700000, 0x0000000083800000|  0%| F|  |TAMS 0x0000000083700000, 0x0000000083700000| Untracked 
|  56|0x0000000083800000, 0x0000000083800000, 0x0000000083900000|  0%| F|  |TAMS 0x0000000083800000, 0x0000000083800000| Untracked 
|  57|0x0000000083900000, 0x0000000083900000, 0x0000000083a00000|  0%| F|  |TAMS 0x0000000083900000, 0x0000000083900000| Untracked 
|  58|0x0000000083a00000, 0x0000000083a00000, 0x0000000083b00000|  0%| F|  |TAMS 0x0000000083a00000, 0x0000000083a00000| Untracked 
|  59|0x0000000083b00000, 0x0000000083b00000, 0x0000000083c00000|  0%| F|  |TAMS 0x0000000083b00000, 0x0000000083b00000| Untracked 
|  60|0x0000000083c00000, 0x0000000083c00000, 0x0000000083d00000|  0%| F|  |TAMS 0x0000000083c00000, 0x0000000083c00000| Untracked 
|  61|0x0000000083d00000, 0x0000000083d00000, 0x0000000083e00000|  0%| F|  |TAMS 0x0000000083d00000, 0x0000000083d00000| Untracked 
|  62|0x0000000083e00000, 0x0000000083e00000, 0x0000000083f00000|  0%| F|  |TAMS 0x0000000083e00000, 0x0000000083e00000| Untracked 
|  63|0x0000000083f00000, 0x0000000083f00000, 0x0000000084000000|  0%| F|  |TAMS 0x0000000083f00000, 0x0000000083f00000| Untracked 
|  64|0x0000000084000000, 0x0000000084000000, 0x0000000084100000|  0%| F|  |TAMS 0x0000000084000000, 0x0000000084000000| Untracked 
|  65|0x0000000084100000, 0x0000000084100000, 0x0000000084200000|  0%| F|  |TAMS 0x0000000084100000, 0x0000000084100000| Untracked 
|  66|0x0000000084200000, 0x0000000084200000, 0x0000000084300000|  0%| F|  |TAMS 0x0000000084200000, 0x0000000084200000| Untracked 
|  67|0x0000000084300000, 0x0000000084300000, 0x0000000084400000|  0%| F|  |TAMS 0x0000000084300000, 0x0000000084300000| Untracked 
|  68|0x0000000084400000, 0x0000000084400000, 0x0000000084500000|  0%| F|  |TAMS 0x0000000084400000, 0x0000000084400000| Untracked 
|  69|0x0000000084500000, 0x0000000084500000, 0x0000000084600000|  0%| F|  |TAMS 0x0000000084500000, 0x0000000084500000| Untracked 
|  70|0x0000000084600000, 0x0000000084600000, 0x0000000084700000|  0%| F|  |TAMS 0x0000000084600000, 0x0000000084600000| Untracked 
|  71|0x0000000084700000, 0x0000000084700000, 0x0000000084800000|  0%| F|  |TAMS 0x0000000084700000, 0x0000000084700000| Untracked 
|  72|0x0000000084800000, 0x0000000084800000, 0x0000000084900000|  0%| F|  |TAMS 0x0000000084800000, 0x0000000084800000| Untracked 
|  73|0x0000000084900000, 0x0000000084900000, 0x0000000084a00000|  0%| F|  |TAMS 0x0000000084900000, 0x0000000084900000| Untracked 
|  74|0x0000000084a00000, 0x0000000084a00000, 0x0000000084b00000|  0%| F|  |TAMS 0x0000000084a00000, 0x0000000084a00000| Untracked 
|  75|0x0000000084b00000, 0x0000000084b00000, 0x0000000084c00000|  0%| F|  |TAMS 0x0000000084b00000, 0x0000000084b00000| Untracked 
|  76|0x0000000084c00000, 0x0000000084c00000, 0x0000000084d00000|  0%| F|  |TAMS 0x0000000084c00000, 0x0000000084c00000| Untracked 
|  77|0x0000000084d00000, 0x0000000084d00000, 0x0000000084e00000|  0%| F|  |TAMS 0x0000000084d00000, 0x0000000084d00000| Untracked 
|  78|0x0000000084e00000, 0x0000000084e00000, 0x0000000084f00000|  0%| F|  |TAMS 0x0000000084e00000, 0x0000000084e00000| Untracked 
|  79|0x0000000084f00000, 0x0000000084f00000, 0x0000000085000000|  0%| F|  |TAMS 0x0000000084f00000, 0x0000000084f00000| Untracked 
|  80|0x0000000085000000, 0x0000000085000000, 0x0000000085100000|  0%| F|  |TAMS 0x0000000085000000, 0x0000000085000000| Untracked 
|  81|0x0000000085100000, 0x0000000085100000, 0x0000000085200000|  0%| F|  |TAMS 0x0000000085100000, 0x0000000085100000| Untracked 
|  82|0x0000000085200000, 0x0000000085200000, 0x0000000085300000|  0%| F|  |TAMS 0x0000000085200000, 0x0000000085200000| Untracked 
|  87|0x0000000085700000, 0x0000000085700000, 0x0000000085800000|  0%| F|  |TAMS 0x0000000085700000, 0x0000000085700000| Untracked 
|  88|0x0000000085800000, 0x0000000085800000, 0x0000000085900000|  0%| F|  |TAMS 0x0000000085800000, 0x0000000085800000| Untracked 
|  89|0x0000000085900000, 0x000000008598bdc0, 0x0000000085a00000| 54%| E|  |TAMS 0x0000000085900000, 0x0000000085900000| Complete 
| 123|0x0000000087b00000, 0x0000000087c00000, 0x0000000087c00000|100%| E|CS|TAMS 0x0000000087b00000, 0x0000000087b00000| Complete 

Card table byte_map: [0x00000250fdc90000,0x00000250fe090000] _byte_map_base: 0x00000250fd890000

Marking Bits (Prev, Next): (CMBitMap*) 0x00000250e6be3fa0, (CMBitMap*) 0x00000250e6be3f60
 Prev Bits: [0x0000025082000000, 0x0000025084000000)
 Next Bits: [0x0000025080000000, 0x0000025082000000)

Polling page: 0x00000250e49e0000

Metaspace:

Usage:
  Non-class:     23.36 MB used.
      Class:      4.01 MB used.
       Both:     27.37 MB used.

Virtual space:
  Non-class space:       64.00 MB reserved,      23.56 MB ( 37%) committed,  1 nodes.
      Class space:        1.00 GB reserved,       4.19 MB ( <1%) committed,  1 nodes.
             Both:        1.06 GB reserved,      27.75 MB (  3%) committed. 

Chunk freelists:
   Non-Class:  8.31 MB
       Class:  11.81 MB
        Both:  20.12 MB

MaxMetaspaceSize: unlimited
CompressedClassSpaceSize: 1.00 GB
Initial GC threshold: 21.00 MB
Current GC threshold: 35.12 MB
CDS: on
MetaspaceReclaimPolicy: balanced
 - commit_granule_bytes: 65536.
 - commit_granule_words: 8192.
 - virtual_space_node_default_size: 8388608.
 - enlarge_chunks_in_place: 1.
 - new_chunks_are_fully_committed: 0.
 - uncommit_free_chunks: 1.
 - use_allocation_guard: 0.
 - handle_deallocations: 1.


Internal statistics:

num_allocs_failed_limit: 3.
num_arena_births: 404.
num_arena_deaths: 0.
num_vsnodes_births: 2.
num_vsnodes_deaths: 0.
num_space_committed: 444.
num_space_uncommitted: 0.
num_chunks_returned_to_freelist: 3.
num_chunks_taken_from_freelist: 1547.
num_chunk_merges: 3.
num_chunk_splits: 981.
num_chunks_enlarged: 672.
num_inconsistent_stats: 0.

CodeHeap 'non-profiled nmethods': size=120000Kb used=1972Kb max_used=1972Kb free=118027Kb
 bounds [0x00000250f5f10000, 0x00000250f6180000, 0x00000250fd440000]
CodeHeap 'profiled nmethods': size=120000Kb used=6976Kb max_used=6976Kb free=113023Kb
 bounds [0x00000250ee440000, 0x00000250eeb20000, 0x00000250f5970000]
CodeHeap 'non-nmethods': size=5760Kb used=1255Kb max_used=1303Kb free=4504Kb
 bounds [0x00000250f5970000, 0x00000250f5be0000, 0x00000250f5f10000]
 total_blobs=3919 nmethods=3353 adapters=478
 compilation: enabled
              stopped_count=0, restarted_count=0
 full_count=0

Compilation events (20 events):
Event: 6.151 Thread 0x00000250ff0ea200 nmethod 3359 0x00000250eeb0a010 code [0x00000250eeb0a1e0, 0x00000250eeb0a378]
Event: 6.151 Thread 0x00000250ff0ea200 3358       2       org.codehaus.groovy.util.ReferenceType$SoftRef::<init> (12 bytes)
Event: 6.151 Thread 0x00000250ff0ea200 nmethod 3358 0x00000250eeb0a490 code [0x00000250eeb0a620, 0x00000250eeb0a878]
Event: 6.152 Thread 0x00000250ff0ea200 3361       2       java.util.LinkedList$ListItr::hasNext (20 bytes)
Event: 6.153 Thread 0x00000250ff0ea200 nmethod 3361 0x00000250eeb0a910 code [0x00000250eeb0aaa0, 0x00000250eeb0abd8]
Event: 6.190 Thread 0x00000250ff0ea200 3362   !   2       java.lang.ref.ReferenceQueue::remove (125 bytes)
Event: 6.191 Thread 0x00000250ff0ea200 nmethod 3362 0x00000250eeb0ac90 code [0x00000250eeb0ae80, 0x00000250eeb0b478]
Event: 6.191 Thread 0x00000250ff0ea200 3363   !   2       jdk.internal.ref.PhantomCleanable::isListEmpty (34 bytes)
Event: 6.191 Thread 0x00000250ff0ea200 nmethod 3363 0x00000250eeb0b790 code [0x00000250eeb0b920, 0x00000250eeb0bb18]
Event: 6.191 Thread 0x00000250ff0ea200 3364       2       jdk.internal.misc.InnocuousThread::eraseThreadLocals (23 bytes)
Event: 6.192 Thread 0x00000250ff0ea200 nmethod 3364 0x00000250eeb0bc10 code [0x00000250eeb0bda0, 0x00000250eeb0bf98]
Event: 6.214 Thread 0x00000250ff0ea200 3365       2       java.util.concurrent.locks.AbstractQueuedSynchronizer$ConditionNode::<init> (5 bytes)
Event: 6.214 Thread 0x00000250ff0ea200 nmethod 3365 0x00000250eeb0c010 code [0x00000250eeb0c1a0, 0x00000250eeb0c298]
Event: 6.214 Thread 0x00000250ff0ea200 3366       2       java.util.concurrent.locks.AbstractQueuedSynchronizer$ConditionObject::enableWait (84 bytes)
Event: 6.215 Thread 0x00000250ff0ea200 nmethod 3366 0x00000250eeb0c310 code [0x00000250eeb0c500, 0x00000250eeb0c988]
Event: 6.215 Thread 0x00000250ff0ea200 3367       2       java.util.concurrent.locks.AbstractQueuedSynchronizer$Node::setStatusRelaxed (12 bytes)
Event: 6.215 Thread 0x00000250ff0ea200 nmethod 3367 0x00000250eeb0cb90 code [0x00000250eeb0cd20, 0x00000250eeb0ce38]
Event: 6.386 Thread 0x00000250ff0ea200 3368       2       jdk.internal.misc.Unsafe::putIntOpaque (9 bytes)
Event: 6.386 Thread 0x00000250ff0ea200 nmethod 3368 0x00000250eeb0cf10 code [0x00000250eeb0d0a0, 0x00000250eeb0d1b8]
Event: 6.401 Thread 0x00000250ff0ea200 3370   !   2       java.util.concurrent.locks.AbstractQueuedSynchronizer::acquire (407 bytes)

GC Heap History (12 events):
Event: 0.462 GC heap before
{Heap before GC invocations=0 (full 0):
 garbage-first heap   total 126976K, used 22528K [0x0000000080000000, 0x0000000100000000)
  region size 1024K, 23 young (23552K), 0 survivors (0K)
 Metaspace       used 1045K, committed 1216K, reserved 1114112K
  class space    used 73K, committed 128K, reserved 1048576K
}
Event: 0.464 GC heap after
{Heap after GC invocations=1 (full 0):
 garbage-first heap   total 126976K, used 2208K [0x0000000080000000, 0x0000000100000000)
  region size 1024K, 3 young (3072K), 3 survivors (3072K)
 Metaspace       used 1045K, committed 1216K, reserved 1114112K
  class space    used 73K, committed 128K, reserved 1048576K
}
Event: 1.312 GC heap before
{Heap before GC invocations=1 (full 0):
 garbage-first heap   total 126976K, used 41120K [0x0000000080000000, 0x0000000100000000)
  region size 1024K, 39 young (39936K), 3 survivors (3072K)
 Metaspace       used 4372K, committed 4544K, reserved 1114112K
  class space    used 547K, committed 640K, reserved 1048576K
}
Event: 1.317 GC heap after
{Heap after GC invocations=2 (full 0):
 garbage-first heap   total 126976K, used 11066K [0x0000000080000000, 0x0000000100000000)
  region size 1024K, 5 young (5120K), 5 survivors (5120K)
 Metaspace       used 4372K, committed 4544K, reserved 1114112K
  class space    used 547K, committed 640K, reserved 1048576K
}
Event: 2.036 GC heap before
{Heap before GC invocations=2 (full 0):
 garbage-first heap   total 126976K, used 62266K [0x0000000080000000, 0x0000000100000000)
  region size 1024K, 53 young (54272K), 5 survivors (5120K)
 Metaspace       used 5122K, committed 5312K, reserved 1114112K
  class space    used 681K, committed 768K, reserved 1048576K
}
Event: 2.044 GC heap after
{Heap after GC invocations=3 (full 0):
 garbage-first heap   total 126976K, used 16728K [0x0000000080000000, 0x0000000100000000)
  region size 1024K, 5 young (5120K), 5 survivors (5120K)
 Metaspace       used 5122K, committed 5312K, reserved 1114112K
  class space    used 681K, committed 768K, reserved 1048576K
}
Event: 4.078 GC heap before
{Heap before GC invocations=3 (full 0):
 garbage-first heap   total 126976K, used 87384K [0x0000000080000000, 0x0000000100000000)
  region size 1024K, 74 young (75776K), 5 survivors (5120K)
 Metaspace       used 17400K, committed 17728K, reserved 1114112K
  class space    used 2476K, committed 2624K, reserved 1048576K
}
Event: 4.087 GC heap after
{Heap after GC invocations=4 (full 0):
 garbage-first heap   total 126976K, used 22109K [0x0000000080000000, 0x0000000100000000)
  region size 1024K, 10 young (10240K), 10 survivors (10240K)
 Metaspace       used 17400K, committed 17728K, reserved 1114112K
  class space    used 2476K, committed 2624K, reserved 1048576K
}
Event: 4.910 GC heap before
{Heap before GC invocations=4 (full 0):
 garbage-first heap   total 126976K, used 55901K [0x0000000080000000, 0x0000000100000000)
  region size 1024K, 44 young (45056K), 10 survivors (10240K)
 Metaspace       used 21135K, committed 21504K, reserved 1114112K
  class space    used 3086K, committed 3264K, reserved 1048576K
}
Event: 4.915 GC heap after
{Heap after GC invocations=5 (full 0):
 garbage-first heap   total 126976K, used 24275K [0x0000000080000000, 0x0000000100000000)
  region size 1024K, 3 young (3072K), 3 survivors (3072K)
 Metaspace       used 21135K, committed 21504K, reserved 1114112K
  class space    used 3086K, committed 3264K, reserved 1048576K
}
Event: 6.186 GC heap before
{Heap before GC invocations=6 (full 0):
 garbage-first heap   total 89088K, used 74451K [0x0000000080000000, 0x0000000100000000)
  region size 1024K, 52 young (53248K), 3 survivors (3072K)
 Metaspace       used 27791K, committed 28224K, reserved 1114112K
  class space    used 4084K, committed 4288K, reserved 1048576K
}
Event: 6.190 GC heap after
{Heap after GC invocations=7 (full 0):
 garbage-first heap   total 89088K, used 26832K [0x0000000080000000, 0x0000000100000000)
  region size 1024K, 6 young (6144K), 6 survivors (6144K)
 Metaspace       used 27791K, committed 28224K, reserved 1114112K
  class space    used 4084K, committed 4288K, reserved 1048576K
}

Deoptimization events (20 events):
Event: 6.023 Thread 0x00000250cca85a90 Uncommon trap: trap_request=0xffffffc6 fr.pc=0x00000250f60d9864 relative=0x00000000000006c4
Event: 6.023 Thread 0x00000250cca85a90 Uncommon trap: reason=bimorphic_or_optimized_type_check action=maybe_recompile pc=0x00000250f60d9864 method=java.io.BufferedInputStream.read([BII)I @ 101 c2
Event: 6.023 Thread 0x00000250cca85a90 DEOPT PACKING pc=0x00000250f60d9864 sp=0x000000c48c8f7ab0
Event: 6.023 Thread 0x00000250cca85a90 DEOPT UNPACKING pc=0x00000250f59c23a3 sp=0x000000c48c8f7a68 mode 2
Event: 6.023 Thread 0x00000250cca85a90 Uncommon trap: trap_request=0xffffffc6 fr.pc=0x00000250f60d9864 relative=0x00000000000006c4
Event: 6.023 Thread 0x00000250cca85a90 Uncommon trap: reason=bimorphic_or_optimized_type_check action=maybe_recompile pc=0x00000250f60d9864 method=java.io.BufferedInputStream.read([BII)I @ 101 c2
Event: 6.023 Thread 0x00000250cca85a90 DEOPT PACKING pc=0x00000250f60d9864 sp=0x000000c48c8f7ab0
Event: 6.023 Thread 0x00000250cca85a90 DEOPT UNPACKING pc=0x00000250f59c23a3 sp=0x000000c48c8f7a68 mode 2
Event: 6.023 Thread 0x00000250cca85a90 Uncommon trap: trap_request=0xffffffc6 fr.pc=0x00000250f60d9864 relative=0x00000000000006c4
Event: 6.023 Thread 0x00000250cca85a90 Uncommon trap: reason=bimorphic_or_optimized_type_check action=maybe_recompile pc=0x00000250f60d9864 method=java.io.BufferedInputStream.read([BII)I @ 101 c2
Event: 6.023 Thread 0x00000250cca85a90 DEOPT PACKING pc=0x00000250f60d9864 sp=0x000000c48c8f7ab0
Event: 6.023 Thread 0x00000250cca85a90 DEOPT UNPACKING pc=0x00000250f59c23a3 sp=0x000000c48c8f7a68 mode 2
Event: 6.024 Thread 0x00000250cca85a90 Uncommon trap: trap_request=0xffffffc6 fr.pc=0x00000250f60d9864 relative=0x00000000000006c4
Event: 6.024 Thread 0x00000250cca85a90 Uncommon trap: reason=bimorphic_or_optimized_type_check action=maybe_recompile pc=0x00000250f60d9864 method=java.io.BufferedInputStream.read([BII)I @ 101 c2
Event: 6.024 Thread 0x00000250cca85a90 DEOPT PACKING pc=0x00000250f60d9864 sp=0x000000c48c8f7ab0
Event: 6.024 Thread 0x00000250cca85a90 DEOPT UNPACKING pc=0x00000250f59c23a3 sp=0x000000c48c8f7a68 mode 2
Event: 6.058 Thread 0x00000250cca85a90 Uncommon trap: trap_request=0xffffff45 fr.pc=0x00000250f60daefc relative=0x000000000000059c
Event: 6.058 Thread 0x00000250cca85a90 Uncommon trap: reason=unstable_if action=reinterpret pc=0x00000250f60daefc method=jdk.internal.org.objectweb.asm.MethodWriter.visitVarInsn(II)V @ 108 c2
Event: 6.058 Thread 0x00000250cca85a90 DEOPT PACKING pc=0x00000250f60daefc sp=0x000000c48c8f0c40
Event: 6.058 Thread 0x00000250cca85a90 DEOPT UNPACKING pc=0x00000250f59c23a3 sp=0x000000c48c8f0c08 mode 2

Classes unloaded (0 events):
No events

Classes redefined (0 events):
No events

Internal exceptions (20 events):
Event: 5.243 Thread 0x00000250cca85070 Exception <a 'java/lang/NoSuchMethodError'{0x0000000087ba16b0}: static Lorg/gradle/internal/build/event/types/AbstractOperationResult;.<clinit>()V> (0x0000000087ba16b0) 
thrown [s\open\src\hotspot\share\prims\jni.cpp, line 1112]
Event: 5.243 Thread 0x00000250cca85070 Exception <a 'java/lang/NoSuchMethodError'{0x0000000087ba2670}: static Lorg/gradle/internal/build/event/types/AbstractResult;.<clinit>()V> (0x0000000087ba2670) 
thrown [s\open\src\hotspot\share\prims\jni.cpp, line 1112]
Event: 5.257 Thread 0x00000250cca85a90 Exception <a 'java/lang/NoSuchMethodError'{0x000000008480d6b0}: 'java.lang.Object java.lang.invoke.DirectMethodHandle$Holder.newInvokeSpecial(java.lang.Object, java.lang.Object, java.lang.Object, int)'> (0x000000008480d6b0) 
thrown [s\open\src\hotspot\share\interpreter\linkResolver.cpp, line 759]
Event: 5.258 Thread 0x00000250cca85a90 Exception <a 'java/lang/NoSuchMethodError'{0x0000000084811d38}: 'java.lang.Object java.lang.invoke.DirectMethodHandle$Holder.invokeSpecial(java.lang.Object, java.lang.Object, java.lang.Object, java.lang.Object, int)'> (0x0000000084811d38) 
thrown [s\open\src\hotspot\share\interpreter\linkResolver.cpp, line 759]
Event: 5.258 Thread 0x00000250cca85a90 Exception <a 'java/lang/NoSuchMethodError'{0x0000000084815ba8}: 'java.lang.Object java.lang.invoke.Invokers$Holder.linkToTargetMethod(java.lang.Object, java.lang.Object, int, java.lang.Object)'> (0x0000000084815ba8) 
thrown [s\open\src\hotspot\share\interpreter\linkResolver.cpp, line 759]
Event: 5.260 Thread 0x00000250cca85a90 Exception <a 'java/lang/NoSuchMethodError'{0x0000000084843040}: 'java.lang.Object java.lang.invoke.DirectMethodHandle$Holder.invokeStatic(java.lang.Object, java.lang.Object, int, java.lang.Object)'> (0x0000000084843040) 
thrown [s\open\src\hotspot\share\interpreter\linkResolver.cpp, line 759]
Event: 5.650 Thread 0x00000250cca85a90 Exception <a 'java/lang/IncompatibleClassChangeError'{0x00000000837934c0}: Found class java.lang.Object, but interface was expected> (0x00000000837934c0) 
thrown [s\open\src\hotspot\share\interpreter\linkResolver.cpp, line 826]
Event: 5.676 Thread 0x00000250cca85a90 Exception <a 'java/lang/NoSuchMethodError'{0x00000000836665d0}: 'java.lang.Object java.lang.invoke.DirectMethodHandle$Holder.newInvokeSpecial(java.lang.Object, java.lang.Object, long)'> (0x00000000836665d0) 
thrown [s\open\src\hotspot\share\interpreter\linkResolver.cpp, line 759]
Event: 5.676 Thread 0x00000250cca85a90 Exception <a 'java/lang/NoSuchMethodError'{0x000000008366ae88}: 'java.lang.Object java.lang.invoke.Invokers$Holder.linkToTargetMethod(java.lang.Object, long, java.lang.Object)'> (0x000000008366ae88) 
thrown [s\open\src\hotspot\share\interpreter\linkResolver.cpp, line 759]
Event: 5.723 Thread 0x00000250cca85a90 Exception <a 'java/lang/NoSuchMethodError'{0x000000008330d200}: 'int java.lang.invoke.DirectMethodHandle$Holder.invokeInterface(java.lang.Object, java.lang.Object)'> (0x000000008330d200) 
thrown [s\open\src\hotspot\share\interpreter\linkResolver.cpp, line 759]
Event: 5.733 Thread 0x00000250cca85a90 Exception <a 'java/lang/NoSuchMethodError'{0x000000008339e780}: 'java.lang.Object java.lang.invoke.DirectMethodHandle$Holder.invokeVirtual(java.lang.Object, java.lang.Object, int)'> (0x000000008339e780) 
thrown [s\open\src\hotspot\share\interpreter\linkResolver.cpp, line 759]
Event: 5.756 Thread 0x00000250cca85a90 Exception <a 'java/lang/NoSuchMethodError'{0x0000000083263be8}: 'java.lang.Object java.lang.invoke.DirectMethodHandle$Holder.newInvokeSpecial(java.lang.Object, java.lang.Object, int, java.lang.Object)'> (0x0000000083263be8) 
thrown [s\open\src\hotspot\share\interpreter\linkResolver.cpp, line 759]
Event: 5.757 Thread 0x00000250cca85a90 Exception <a 'java/lang/NoSuchMethodError'{0x00000000832684d0}: 'java.lang.Object java.lang.invoke.DirectMethodHandle$Holder.invokeSpecial(java.lang.Object, java.lang.Object, java.lang.Object, int, java.lang.Object)'> (0x00000000832684d0) 
thrown [s\open\src\hotspot\share\interpreter\linkResolver.cpp, line 759]
Event: 5.897 Thread 0x00000250cca85a90 Exception <a 'java/lang/NoSuchMethodError'{0x0000000082d16f68}: 'java.lang.Object java.lang.invoke.DirectMethodHandle$Holder.invokeStaticInit(java.lang.Object, java.lang.Object, java.lang.Object, java.lang.Object, java.lang.Object, java.lang.Object, java.lang.Object)'> (0x0000000082d16f68) 
thrown [s\open\src\hotspot\share\interpreter\linkResolver.cpp, line 759]
Event: 5.904 Thread 0x00000250cca85a90 Exception <a 'java/lang/NoSuchMethodError'{0x0000000082d408f0}: 'java.lang.Object java.lang.invoke.DirectMethodHandle$Holder.invokeSpecial(java.lang.Object, java.lang.Object, java.lang.Object, int, java.lang.Object, java.lang.Object)'> (0x0000000082d408f0) 
thrown [s\open\src\hotspot\share\interpreter\linkResolver.cpp, line 759]
Event: 6.058 Thread 0x00000250cca85a90 Implicit null exception at 0x00000250f60daa6a to 0x00000250f60daef0
Event: 6.078 Thread 0x00000250cca85a90 Exception <a 'java/lang/NoSuchMethodError'{0x00000000827f1518}: 'java.lang.Object java.lang.invoke.DirectMethodHandle$Holder.invokeStaticInit(java.lang.Object, java.lang.Object, java.lang.Object)'> (0x00000000827f1518) 
thrown [s\open\src\hotspot\share\interpreter\linkResolver.cpp, line 759]
Event: 6.107 Thread 0x00000250cca85a90 Exception <a 'java/lang/NoSuchMethodError'{0x0000000082510320}: 'void java.lang.invoke.DirectMethodHandle$Holder.invokeStaticInit(java.lang.Object, java.lang.Object, java.lang.Object)'> (0x0000000082510320) 
thrown [s\open\src\hotspot\share\interpreter\linkResolver.cpp, line 759]
Event: 6.112 Thread 0x00000250cca85a90 Exception <a 'java/lang/NoSuchMethodError'{0x0000000082535770}: 'void java.lang.invoke.DirectMethodHandle$Holder.invokeStaticInit(java.lang.Object, java.lang.Object, java.lang.Object, java.lang.Object, java.lang.Object)'> (0x0000000082535770) 
thrown [s\open\src\hotspot\share\interpreter\linkResolver.cpp, line 759]
Event: 6.123 Thread 0x00000250cca85a90 Exception <a 'java/lang/NoSuchMethodError'{0x0000000082591998}: 'int java.lang.invoke.DirectMethodHandle$Holder.invokeStaticInit(java.lang.Object, java.lang.Object, java.lang.Object, java.lang.Object)'> (0x0000000082591998) 
thrown [s\open\src\hotspot\share\interpreter\linkResolver.cpp, line 759]

VM Operations (20 events):
Event: 4.929 Executing VM operation: G1Concurrent done
Event: 5.409 Executing VM operation: HandshakeAllThreads
Event: 5.409 Executing VM operation: HandshakeAllThreads done
Event: 5.654 Executing VM operation: HandshakeAllThreads
Event: 5.654 Executing VM operation: HandshakeAllThreads done
Event: 5.686 Executing VM operation: HandshakeAllThreads
Event: 5.687 Executing VM operation: HandshakeAllThreads done
Event: 5.689 Executing VM operation: HandshakeAllThreads
Event: 5.689 Executing VM operation: HandshakeAllThreads done
Event: 5.838 Executing VM operation: HandshakeAllThreads
Event: 5.838 Executing VM operation: HandshakeAllThreads done
Event: 5.839 Executing VM operation: HandshakeAllThreads
Event: 5.839 Executing VM operation: HandshakeAllThreads done
Event: 5.914 Executing VM operation: ICBufferFull
Event: 5.914 Executing VM operation: ICBufferFull done
Event: 6.048 Executing VM operation: HandshakeAllThreads
Event: 6.048 Executing VM operation: HandshakeAllThreads done
Event: 6.186 Executing VM operation: G1CollectForAllocation
Event: 6.190 Executing VM operation: G1CollectForAllocation done
Event: 7.201 Executing VM operation: Cleanup

Events (20 events):
Event: 6.017 loading class java/util/TimerTask
Event: 6.018 loading class java/util/TimerTask done
Event: 6.018 loading class java/util/Timer
Event: 6.018 loading class java/util/Timer done
Event: 6.047 loading class java/security/AccessControlException
Event: 6.047 loading class java/security/AccessControlException done
Event: 6.088 loading class java/lang/reflect/GenericSignatureFormatError
Event: 6.089 loading class java/lang/ClassFormatError
Event: 6.089 loading class java/lang/ClassFormatError done
Event: 6.089 loading class java/lang/reflect/GenericSignatureFormatError done
Event: 6.089 loading class java/lang/reflect/MalformedParameterizedTypeException
Event: 6.089 loading class java/lang/reflect/MalformedParameterizedTypeException done
Event: 6.100 loading class java/lang/IllegalCallerException
Event: 6.101 loading class java/lang/IllegalCallerException done
Event: 6.101 loading class sun/nio/fs/ExtendedFileSystemProvider
Event: 6.102 loading class sun/nio/fs/ExtendedFileSystemProvider done
Event: 6.147 loading class java/lang/ProcessHandle$Info
Event: 6.147 loading class java/lang/ProcessHandle$Info done
Event: 6.147 loading class java/lang/ProcessHandle
Event: 6.148 loading class java/lang/ProcessHandle done


Dynamic libraries:
0x00007ff6701d0000 - 0x00007ff6701e0000 	C:\Program Files\Java\jdk-17\bin\java.exe
0x00007ffb52ca0000 - 0x00007ffb52f07000 	C:\WINDOWS\SYSTEM32\ntdll.dll
0x00007ffb50cf0000 - 0x00007ffb50db9000 	C:\WINDOWS\System32\KERNEL32.DLL
0x00007ffb4fde0000 - 0x00007ffb501d4000 	C:\WINDOWS\System32\KERNELBASE.dll
0x00007ffb50820000 - 0x00007ffb5096b000 	C:\WINDOWS\System32\ucrtbase.dll
0x00007ffb473e0000 - 0x00007ffb473f9000 	C:\Program Files\Java\jdk-17\bin\jli.dll
0x00007ffb3a010000 - 0x00007ffb3a02b000 	C:\Program Files\Java\jdk-17\bin\VCRUNTIME140.dll
0x00007ffb52540000 - 0x00007ffb525f6000 	C:\WINDOWS\System32\ADVAPI32.dll
0x00007ffb52360000 - 0x00007ffb52409000 	C:\WINDOWS\System32\msvcrt.dll
0x00007ffb51530000 - 0x00007ffb515d7000 	C:\WINDOWS\System32\sechost.dll
0x00007ffb52600000 - 0x00007ffb52718000 	C:\WINDOWS\System32\RPCRT4.dll
0x00007ffb520b0000 - 0x00007ffb52275000 	C:\WINDOWS\System32\USER32.dll
0x00007ffb50350000 - 0x00007ffb50377000 	C:\WINDOWS\System32\win32u.dll
0x00007ffb37aa0000 - 0x00007ffb37d33000 	C:\WINDOWS\WinSxS\amd64_microsoft.windows.common-controls_6595b64144ccf1df_6.0.26100.8115_none_3e075c82e3354f9c\COMCTL32.dll
0x00007ffb52410000 - 0x00007ffb5243b000 	C:\WINDOWS\System32\GDI32.dll
0x00007ffb50500000 - 0x00007ffb5062b000 	C:\WINDOWS\System32\gdi32full.dll
0x00007ffb50630000 - 0x00007ffb506d3000 	C:\WINDOWS\System32\msvcp_win.dll
0x00007ffb3ca90000 - 0x00007ffb3ca9b000 	C:\WINDOWS\SYSTEM32\VERSION.dll
0x00007ffb50ba0000 - 0x00007ffb50bd2000 	C:\WINDOWS\System32\IMM32.DLL
0x00007ffb3c8b0000 - 0x00007ffb3c8bc000 	C:\Program Files\Java\jdk-17\bin\vcruntime140_1.dll
0x00007ffb29f60000 - 0x00007ffb29fee000 	C:\Program Files\Java\jdk-17\bin\msvcp140.dll
0x00007ffaf2c80000 - 0x00007ffaf3860000 	C:\Program Files\Java\jdk-17\bin\server\jvm.dll
0x00007ffb51730000 - 0x00007ffb51738000 	C:\WINDOWS\System32\PSAPI.DLL
0x00007ffb28b20000 - 0x00007ffb28b2a000 	C:\WINDOWS\SYSTEM32\WSOCK32.dll
0x00007ffb52440000 - 0x00007ffb524c0000 	C:\WINDOWS\System32\WS2_32.dll
0x00007ffb43800000 - 0x00007ffb43836000 	C:\WINDOWS\SYSTEM32\WINMM.dll
0x00007ffb4e300000 - 0x00007ffb4e31b000 	C:\WINDOWS\SYSTEM32\kernel.appcore.dll
0x00007ffb31190000 - 0x00007ffb3119a000 	C:\Program Files\Java\jdk-17\bin\jimage.dll
0x00007ffb4d520000 - 0x00007ffb4d762000 	C:\WINDOWS\SYSTEM32\DBGHELP.DLL
0x00007ffb51070000 - 0x00007ffb513f2000 	C:\WINDOWS\System32\combase.dll
0x00007ffb52280000 - 0x00007ffb52358000 	C:\WINDOWS\System32\OLEAUT32.dll
0x00007ffb35f30000 - 0x00007ffb35f6b000 	C:\WINDOWS\SYSTEM32\dbgcore.DLL
0x00007ffb50770000 - 0x00007ffb50815000 	C:\WINDOWS\System32\bcryptPrimitives.dll
0x00007ffb31180000 - 0x00007ffb3118e000 	C:\Program Files\Java\jdk-17\bin\instrument.dll
0x00007ffb2bab0000 - 0x00007ffb2bad5000 	C:\Program Files\Java\jdk-17\bin\java.dll
0x00007ffb29e80000 - 0x00007ffb29f57000 	C:\Program Files\Java\jdk-17\bin\jsvml.dll
0x00007ffb51920000 - 0x00007ffb52087000 	C:\WINDOWS\System32\SHELL32.dll
0x00007ffb501e0000 - 0x00007ffb5034a000 	C:\WINDOWS\System32\wintypes.dll
0x00007ffb4f570000 - 0x00007ffb4fdd8000 	C:\WINDOWS\System32\windows.storage.dll
0x00007ffb50f70000 - 0x00007ffb51068000 	C:\WINDOWS\System32\SHCORE.dll
0x00007ffb524d0000 - 0x00007ffb52536000 	C:\WINDOWS\System32\shlwapi.dll
0x00007ffb4f490000 - 0x00007ffb4f4b9000 	C:\WINDOWS\SYSTEM32\profapi.dll
0x00007ffb2f5d0000 - 0x00007ffb2f5e8000 	C:\Program Files\Java\jdk-17\bin\zip.dll
0x00007ffb2b340000 - 0x00007ffb2b359000 	C:\Program Files\Java\jdk-17\bin\net.dll
0x00007ffb46650000 - 0x00007ffb4677d000 	C:\WINDOWS\SYSTEM32\WINHTTP.dll
0x00007ffb4e870000 - 0x00007ffb4e8dc000 	C:\WINDOWS\system32\mswsock.dll
0x00007ffb2b320000 - 0x00007ffb2b336000 	C:\Program Files\Java\jdk-17\bin\nio.dll
0x00007ffb30e40000 - 0x00007ffb30e50000 	C:\Program Files\Java\jdk-17\bin\verify.dll
0x00007ffb3c8c0000 - 0x00007ffb3c8e7000 	C:\Users\ADVAN\.gradle\native\1def1411415f61bf3af743bc5b6707747c0891f09f0c88961ee8f79bc544acac\windows-amd64\native-platform.dll
0x00007ffb2afb0000 - 0x00007ffb2b028000 	C:\Users\ADVAN\.gradle\native\0.2.7\x86_64-windows-gnu\gradle-fileevents.dll
0x00007ffb2aaa0000 - 0x00007ffb2aaaa000 	C:\Program Files\Java\jdk-17\bin\management.dll
0x00007ffb2a380000 - 0x00007ffb2a38b000 	C:\Program Files\Java\jdk-17\bin\management_ext.dll
0x00007ffb4dd00000 - 0x00007ffb4dd32000 	C:\WINDOWS\SYSTEM32\IPHLPAPI.DLL
0x00007ffb51460000 - 0x00007ffb5146a000 	C:\WINDOWS\System32\NSI.dll
0x00007ffb46c80000 - 0x00007ffb46c9d000 	C:\WINDOWS\SYSTEM32\dhcpcsvc6.DLL
0x00007ffb46a30000 - 0x00007ffb46a55000 	C:\WINDOWS\SYSTEM32\dhcpcsvc.DLL
0x00007ffb4dd90000 - 0x00007ffb4dec2000 	C:\WINDOWS\SYSTEM32\DNSAPI.dll
0x00007ffb4eb50000 - 0x00007ffb4eb6b000 	C:\WINDOWS\SYSTEM32\CRYPTSP.dll
0x00007ffb4e260000 - 0x00007ffb4e299000 	C:\WINDOWS\system32\rsaenh.dll
0x00007ffb4e920000 - 0x00007ffb4e953000 	C:\WINDOWS\SYSTEM32\USERENV.dll
0x00007ffb4f460000 - 0x00007ffb4f48a000 	C:\WINDOWS\SYSTEM32\bcrypt.dll
0x00007ffb4eb70000 - 0x00007ffb4eb7c000 	C:\WINDOWS\SYSTEM32\CRYPTBASE.dll
0x00007ffb2a370000 - 0x00007ffb2a37e000 	C:\Program Files\Java\jdk-17\bin\sunmscapi.dll
0x00007ffb50380000 - 0x00007ffb504f7000 	C:\WINDOWS\System32\CRYPT32.dll
0x00007ffb4ed70000 - 0x00007ffb4eda0000 	C:\WINDOWS\SYSTEM32\ncrypt.dll
0x00007ffb4ed20000 - 0x00007ffb4ed5f000 	C:\WINDOWS\SYSTEM32\NTASN1.dll
0x00007ffb35f70000 - 0x00007ffb35f78000 	C:\WINDOWS\system32\wshunix.dll

dbghelp: loaded successfully - version: 4.0.5 - missing functions: none
symbol engine: initialized successfully - sym options: 0x614 - pdb path: .;C:\Program Files\Java\jdk-17\bin;C:\WINDOWS\SYSTEM32;C:\WINDOWS\WinSxS\amd64_microsoft.windows.common-controls_6595b64144ccf1df_6.0.26100.8115_none_3e075c82e3354f9c;C:\Program Files\Java\jdk-17\bin\server;C:\Users\ADVAN\.gradle\native\1def1411415f61bf3af743bc5b6707747c0891f09f0c88961ee8f79bc544acac\windows-amd64;C:\Users\ADVAN\.gradle\native\0.2.7\x86_64-windows-gnu

VM Arguments:
jvm_args: --add-opens=java.base/java.lang=ALL-UNNAMED --add-opens=java.base/java.lang.invoke=ALL-UNNAMED --add-opens=java.base/java.util=ALL-UNNAMED --add-opens=java.prefs/java.util.prefs=ALL-UNNAMED --add-exports=jdk.compiler/com.sun.tools.javac.api=ALL-UNNAMED --add-exports=jdk.compiler/com.sun.tools.javac.util=ALL-UNNAMED --add-opens=java.base/java.util=ALL-UNNAMED --add-opens=java.prefs/java.util.prefs=ALL-UNNAMED --add-opens=java.base/java.nio.charset=ALL-UNNAMED --add-opens=java.base/java.net=ALL-UNNAMED --add-opens=java.base/java.util.concurrent.atomic=ALL-UNNAMED --add-opens=java.xml/javax.xml.namespace=ALL-UNNAMED -Xmx2048M -Dfile.encoding=UTF-8 -Duser.country=US -Duser.language=en -Duser.variant -javaagent:C:\Users\ADVAN\.gradle\wrapper\dists\gradle-8.14-all\c2qonpi39x1mddn7hk5gh9iqj\gradle-8.14\lib\agents\gradle-instrumentation-agent-8.14.jar 
java_command: org.gradle.launcher.daemon.bootstrap.GradleDaemon 8.14
java_class_path (initial): C:\Users\ADVAN\.gradle\wrapper\dists\gradle-8.14-all\c2qonpi39x1mddn7hk5gh9iqj\gradle-8.14\lib\gradle-daemon-main-8.14.jar
Launcher Type: SUN_STANDARD

[Global flags]
     intx CICompilerCount                          = 4                                         {product} {ergonomic}
     uint ConcGCThreads                            = 3                                         {product} {ergonomic}
     uint G1ConcRefinementThreads                  = 10                                        {product} {ergonomic}
   size_t G1HeapRegionSize                         = 1048576                                   {product} {ergonomic}
    uintx GCDrainStackTargetSize                   = 64                                        {product} {ergonomic}
   size_t InitialHeapSize                          = 130023424                                 {product} {ergonomic}
   size_t MarkStackSize                            = 4194304                                   {product} {ergonomic}
   size_t MaxHeapSize                              = 2147483648                                {product} {command line}
   size_t MaxNewSize                               = 1287651328                                {product} {ergonomic}
   size_t MinHeapDeltaBytes                        = 1048576                                   {product} {ergonomic}
   size_t MinHeapSize                              = 8388608                                   {product} {ergonomic}
    uintx NonNMethodCodeHeapSize                   = 5839372                                {pd product} {ergonomic}
    uintx NonProfiledCodeHeapSize                  = 122909434                              {pd product} {ergonomic}
    uintx ProfiledCodeHeapSize                     = 122909434                              {pd product} {ergonomic}
    uintx ReservedCodeCacheSize                    = 251658240                              {pd product} {ergonomic}
     bool SegmentedCodeCache                       = true                                      {product} {ergonomic}
   size_t SoftMaxHeapSize                          = 2147483648                             {manageable} {ergonomic}
     bool UseCompressedClassPointers               = true                           {product lp64_product} {ergonomic}
     bool UseCompressedOops                        = true                           {product lp64_product} {ergonomic}
     bool UseG1GC                                  = true                                      {product} {ergonomic}
     bool UseLargePagesIndividualAllocation        = false                                  {pd product} {ergonomic}

Logging:
Log output configuration:
 #0: stdout all=warning uptime,level,tags
 #1: stderr all=off uptime,level,tags

Environment Variables:
JAVA_HOME=C:\Program Files\Java\jdk-17
PATH=C:\Users\ADVAN\AppData\Local\Programs\Microsoft VS Code;C:\Program Files\Eclipse Adoptium\jdk-17.0.19.10-hotspot\bin;C:\Python314\Scripts\;C:\Python314\;C:\Program Files\Common Files\Oracle\Java\javapath;C:\WINDOWS\system32;C:\WINDOWS;C:\WINDOWS\System32\Wbem;C:\WINDOWS\System32\WindowsPowerShell\v1.0\;C:\WINDOWS\System32\OpenSSH\;C:\Program Files\Git\cmd;C:\Program Files\dotnet\;C:\flutter\bin;C:\laragon\bin\php\php-8.1.10-Win32-vs16-x64;C:\ProgramData\ComposerSetup\bin;C:\Program Files\MongoDB\Server\8.2\bin;C:\Users\ADVAN\AppData\Local\Android\Sdk\platform-tools;C:\Users\ADVAN\AppData\Local\Android\Sdk\emulator;C:\ProgramData\chocolatey\bin;D:\server\;C:\Program Files\Java\jdk-17\bin;C:\laragon\bin;C:\laragon\bin\apache\httpd-2.4.54-win64-VS16\bin;C:\laragon\bin\composer;C:\laragon\bin\git\bin;C:\laragon\bin\git\cmd;C:\laragon\bin\git\mingw64\bin;C:\laragon\bin\git\usr\bin;C:\laragon\bin\laragon\utils;C:\laragon\bin\mysql\mysql-8.0.30-winx64\bin;C:\laragon\bin\nginx\nginx-1.22.0;C:\laragon\bin\ngrok;C:\laragon\bin\nodejs\node-v18;C:\laragon\bin\notepad++;C:\laragon\bin\php\php-8.5.5;C:\laragon\bin\python\python-3.10;C:\laragon\bin\python\python-3.10\Scripts;C:\laragon\bin\redis\redis-x64-5.0.14.1;C:\laragon\bin\telnet;C:\laragon\bin\yarn\bin;C:\laragon\usr\bin;C:\Users\ADVAN\AppData\Local\Yarn\config\global\node_modules\.bin;C:\Users\ADVAN\AppData\Roaming\Composer\vendor\bin;C:\Users\ADVAN\AppData\Roaming\npm;C:\Users\ADVAN\AppData\Local\Programs\Python\Launcher\;C:\Users\ADVAN\AppData\Local\Microsoft\WindowsApps;C:\Users\ADVAN\AppData\Local\Programs\Microsoft VS Code\bin;C:\laragon\bin\php\php-8.3.30-Win32-vs16-x64;C:\Users\ADVAN\AppData\Local\Programs\Antigravity\bin
USERNAME=ADVAN
OS=Windows_NT
PROCESSOR_IDENTIFIER=Intel64 Family 6 Model 154 Stepping 3, GenuineIntel



---------------  S Y S T E M  ---------------

OS:
 Windows 11 , 64 bit Build 26100 (10.0.26100.8246)
OS uptime: 0 days 2:11 hours

CPU: total 12 (initial active 12) (12 cores per cpu, 1 threads per core) family 6 model 154 stepping 3 microcode 0x432, cx8, cmov, fxsr, mmx, 3dnowpref, sse, sse2, sse3, ssse3, sse4.1, sse4.2, popcnt, lzcnt, tsc, tscinvbit, avx, avx2, aes, erms, clmul, bmi1, bmi2, adx, sha, fma, vzeroupper, clflush, clflushopt, clwb

Memory: 4k page, system-wide physical 7929M (517M free)
TotalPageFile size 15929M (AvailPageFile size 23M)
current process WorkingSet (physical memory assigned to process): 230M, peak: 235M
current process commit charge ("private bytes"): 285M, peak: 310M

vm_info: Java HotSpot(TM) 64-Bit Server VM (17.0.12+8-LTS-286) for windows-amd64 JRE (17.0.12+8-LTS-286), built on Jun  5 2024 06:46:59 by "mach5one" with MS VC++ 17.6 (VS2022)

END.
